[a] J.D. Emmanuel 《Wizards》 → caa
[a] Craig Leon 《Nommos》 → caa
[a] Woo 《Whichever Way You Are Going, You Are Going Wrong》 → caa
[a] Beverly Glenn-Copeland 《...Keyboard Fantasies...》 → caa
[a] Ariel Kalma 《Osmose》 → caa
[a] Conrad Schnitzler 《Rot》 → caa
[a] Robert Turman 《Flux》 → caa
[a] Maurizio Bianchi 《Symphony for a Genocide》 → caa
[a] The New Blockaders 《Changez les Blockeurs》 → caa
[a] Nocturnal Emissions 《Tissue of Lies》 → 無圖
[a] Zoviet France 《Mohnomishe》 → caa
[a] Muslimgauze 《Kabul》 → caa
[a] Deux Filles 《Silence & Wisdom》 → caa
[a] Doris Norton 《Personal Computer》 → caa
[a] Emerald Web 《Dragon Wings and Wizard Tales》 → caa
[a] Smegma 《Glamour Girl 1941》 → 無圖
[a] Le Forte Four 《Bikini Tennis Shoes》 → caa
[a] Bernard Xolotl 《Last Wave》 → caa
[a] Roberto Musci / Giovanni Venosta 《Water Messages on Desert Sand》 → caa
[a] Esplendor Geométrico 《Comisario de la luz》 → caa
[a] Michael Garrison 《In the Regions of Sunreturn》 → caa
[a] Klaus Wiese 《Baraka》 → caa
[a] Bourbonese Qualk 《The Spike》 → caa
[a] Konstruktivists 《Psykho Genetika》 → caa
[a] Michele Mercure 《Beside Herself》 → caa
[b] Alan Hawkshaw / Keith Mansfield 《Beat Incidental》 → caa
[b] Brian Bennett / Alan Hawkshaw 《Synthesis》 → caa
[b] John Cameron 《Jazzrock》 → caa
[b] Nick Ingman 《Big Beat》 → caa
[b] Francis Monkman 《Energism》 → caa
[b] Nino Nardini / Roger Roger 《Jungle Obsession》 → caa
[b] Cecil Leuter 《Pop Electronique》 → caa
[b] Bernard Fevre 《The Strange World of Bernard Fevre》 → caa
[b] Basil Kirchin 《Worlds Within Worlds》 → caa
[b] Piero Umiliani 《Synthi Time》 → caa
[b] Egisto Macchi 《Bioritmi》 → caa
[b] Sandro Brugnolini 《Underground》 → caa
[b] Various Artists 《Music for Dancefloors: The Cream of the Chappell Music Library Sessions》 → caa
[b] Charles Dodge 《Earth's Magnetic Field》 → caa
[b] David Behrman 《On the Other Ocean》 → caa
[b] Tod Dockstader 《Eight Electronic Pieces》 → 無圖
[b] Ruth White 《Flowers of Evil》 → caa
[b] BBC Radiophonic Workshop 《BBC Radiophonic Music》 → caa
[b] François Bayle 《Grande Polyphonie》 → caa
[b] Morton Subotnick 《The Wild Bull》 → caa
[b] Lejaren Hiller 《Computer Music Retrospective》 → caa
[b] İlhan Mimaroğlu 《Wings of the Delirious Demon and Other Electronic Works》 → caa

c65｜CAA 有圖 44／47｜探測錯誤 0
