✗ [c65] J.D. Emmanuel《Wizards》 各 storefront 皆無
✗ [c65] Craig Leon《Nommos》 各 storefront 皆無
✓ [c65] Woo《Whichever Way You Are Going, You Are Going Wrong》 us notExplicit 2026
✓ [c65] Beverly Glenn-Copeland《...Keyboard Fantasies...》 us notExplicit 1986
✓ [c65] Ariel Kalma《Osmose》 us notExplicit 1977
✓ [c65] Conrad Schnitzler《Rot》 us notExplicit 1973
~ [c65] Robert Turman《Flux》 us notExplicit 1981
✗ [c65] Maurizio Bianchi《Symphony for a Genocide》 各 storefront 皆無
✓ [c65] The New Blockaders《Changez les Blockeurs》 gb notExplicit 2018
✗ [c65] Nocturnal Emissions《Tissue of Lies》 各 storefront 皆無
✗ [c65] Zoviet France《Mohnomishe》 各 storefront 皆無
✗ [c65] Muslimgauze《Kabul》 各 storefront 皆無
✓ [c65] Deux Filles《Silence & Wisdom》 us notExplicit 1982
✓ [c65] Doris Norton《Personal Computer》 jp notExplicit 1984
✓ [c65] Emerald Web《Dragon Wings and Wizard Tales》 us notExplicit 2011
✗ [c65] Smegma《Glamour Girl 1941》 各 storefront 皆無
✓ [c65] Le Forte Four《Bikini Tennis Shoes》 gb notExplicit 2017
✓ [c65] Bernard Xolotl《Last Wave》 us notExplicit 1983
✗ [c65] Roberto Musci / Giovanni Venosta《Water Messages on Desert Sand》 各 storefront 皆無
✗ [c65] Esplendor Geométrico《Comisario de la luz》 各 storefront 皆無
✓ [c65] Michael Garrison《In the Regions of Sunreturn》 de notExplicit 1979
✓ [c65] Klaus Wiese《Baraka》 gb notExplicit 2007
✗ [c65] Bourbonese Qualk《The Spike》 各 storefront 皆無
✗ [c65] Konstruktivists《Psykho Genetika》 各 storefront 皆無
✓ [c65] Michele Mercure《Beside Herself》 jp notExplicit 2018
✗ [c65] Alan Hawkshaw / Keith Mansfield《Beat Incidental》 各 storefront 皆無
✗ [c65] Brian Bennett / Alan Hawkshaw《Synthesis》 各 storefront 皆無
✗ [c65] John Cameron《Jazzrock》 各 storefront 皆無
✓ [c65] Nick Ingman《Big Beat》 gb notExplicit 1973
✗ [c65] Francis Monkman《Energism》 各 storefront 皆無
✗ [c65] Nino Nardini / Roger Roger《Jungle Obsession》 各 storefront 皆無
✗ [c65] Cecil Leuter《Pop Electronique》 各 storefront 皆無
✓ [c65] Bernard Fevre《The Strange World of Bernard Fevre》 gb notExplicit 2015
✗ [c65] Basil Kirchin《Worlds Within Worlds》 各 storefront 皆無
✓ [c65] Piero Umiliani《Synthi Time》 us notExplicit 1971
✗ [c65] Egisto Macchi《Bioritmi》 各 storefront 皆無
✓ [c65] Sandro Brugnolini《Underground》 gb notExplicit 2017
✗ [c65] Various Artists《Music for Dancefloors: The Cream of the Chappell Music Library Sessions》 各 storefront 皆無
✗ [c65] Charles Dodge《Earth's Magnetic Field》 各 storefront 皆無
✓ [c65] David Behrman《On the Other Ocean》 jp notExplicit 1978
✗ [c65] Tod Dockstader《Eight Electronic Pieces》 各 storefront 皆無
✓ [c65] Ruth White《Flowers of Evil》 ca notExplicit 1968
✓ [c65] BBC Radiophonic Workshop《BBC Radiophonic Music》 us notExplicit 2019
✗ [c65] François Bayle《Grande Polyphonie》 各 storefront 皆無
✗ [c65] Morton Subotnick《The Wild Bull》 各 storefront 皆無
✗ [c65] Lejaren Hiller《Computer Music Retrospective》 各 storefront 皆無
✗ [c65] İlhan Mimaroğlu《Wings of the Delirious Demon and Other Electronic Works》 各 storefront 皆無

共 47 張｜ready 20｜有碟無預覽 1｜unavailable 26｜只有淨化版 0
