[a] The Heptones 《Party Time》 → caa
[a] Jackie Mittoo 《Macka Fat》 → caa
[a] Jackie Mittoo 《Keep On Dancing》 → caa
[a] Delroy Wilson 《Better Must Come》 → caa
[a] Delroy Wilson 《Sarge》 → caa
[a] Ken Boothe 《Mr. Rock Steady》 → caa
[a] The Ethiopians 《Reggae Power》 → caa
[a] Hopeton Lewis 《Take It Easy》 → caa
[a] Alton Ellis 《Sings Rock and Soul》 → caa
[a] John Holt 《Still In Chains》 → 無圖
[a] Desmond Dekker 《This Is Desmond Dekker》 → caa
[a] Derrick Harriott 《The Undertaker》 → caa
[a] Prince Buster 《FABulous Greatest Hits》 → caa
[a] Various Artists 《Tighten Up Volume 2》 → caa
[a] Various Artists 《Nice Up the Dance: Studio One Discomixes》 → 無圖
[a] The Congos 《Congo Ashanti》 → caa
[a] The Congos 《Image of Africa》 → caa
[a] Max Romeo 《Revelation Time》 → caa
[a] Horace Andy 《Skylarking》 → caa
[a] Horace Andy 《Dance Hall Style》 → caa
[a] Dennis Brown 《No Man Is an Island》 → caa
[a] The Gladiators 《Proverbial Reggae》 → caa
[a] The Itals 《Brutal Out Deh》 → caa
[a] Peter Tosh 《Bush Doctor》 → caa
[a] Bunny Wailer 《Protest》 → caa
[a] The Meditations 《Wake up!》 → caa
[a] Sugar Minott 《Live Loving》 → caa
[a] Dadawah 《Peace & Love: Wadadasow》 → caa
[a] Wailing Souls 《Wild Suspense》 → caa
[a] Johnny Osbourne 《Water Pumping》 → caa
[a] King Tubby 《King Tubby Meets the Upsetter at the Grass Roots of Dub》 → caa
[a] Augustus Pablo 《Original Rockers》 → caa
[a] Yabby You 《King Tubby's Prophesy of Dub》 → caa
[a] Yabby You 《Deliver Me From My Enemies》 → caa
[a] Scientist 《Scientist Meets the Space Invaders》 → caa
[a] Lee "Scratch" Perry 《Time Boom X De Devil Dead》 → caa
[a] Keith Hudson 《Flesh of My Skin, Blood of My Blood》 → caa
[a] Mikey Dread 《African Anthem: The Mikey Dread Show Dubwise》 → caa
[a] The Revolutionaries 《Vital Dub: Well Charged》 → 無圖
[a] U-Roy 《Natty Rebel》 → caa
[a] Big Youth 《Dreadlocks Dread》 → caa
[a] Big Youth 《Natty Cultural Dread》 → caa
[a] I-Roy 《Hell and Sorrow》 → 無圖
[a] Dillinger 《Bionic Dread》 → caa
[a] Barrington Levy 《Bounty Hunter》 → caa
[a] Barrington Levy 《Robin Hood》 → caa
[a] Linton Kwesi Johnson 《Making History》 → caa
[a] Dennis Alcapone 《Forever Version》 → caa
[a] Tappa Zukie 《MPLA》 → caa
[a] Josey Wales 《The Outlaw Josey Wales》 → caa

c57｜CAA 有圖 46／50｜探測錯誤 0
