✓ [c57] The Heptones《Party Time》 gb notExplicit 1977
~ [c57] Jackie Mittoo《Macka Fat》 jm notExplicit 1971
~ [c57] Jackie Mittoo《Keep On Dancing》 jm notExplicit 1969
✗ [c57] Delroy Wilson《Better Must Come》 各 storefront 皆無
✗ [c57] Delroy Wilson《Sarge》 各 storefront 皆無
~ [c57] Ken Boothe《Mr. Rock Steady》 jm notExplicit 1967
~ [c57] The Ethiopians《Reggae Power》 jm notExplicit 1969
✗ [c57] Hopeton Lewis《Take It Easy》 各 storefront 皆無
~ [c57] Alton Ellis《Sings Rock and Soul》 jm notExplicit 1967
✗ [c57] John Holt《Still In Chains》 各 storefront 皆無
✗ [c57] Desmond Dekker《This Is Desmond Dekker》 各 storefront 皆無
✗ [c57] Derrick Harriott《The Undertaker》 各 storefront 皆無
~ [c57] Prince Buster《FABulous Greatest Hits》 jm notExplicit 1968
✗ [c57] Various Artists《Tighten Up Volume 2》 各 storefront 皆無
✗ [c57] Various Artists《Nice Up the Dance: Studio One Discomixes》 各 storefront 皆無
✗ [c57] The Congos《Congo Ashanti》 各 storefront 皆無
✗ [c57] The Congos《Image of Africa》 各 storefront 皆無
✓ [c57] Max Romeo《Revelation Time》 us notExplicit 1975
✗ [c57] Horace Andy《Skylarking》 各 storefront 皆無
✗ [c57] Horace Andy《Dance Hall Style》 各 storefront 皆無
✓ [c57] Dennis Brown《No Man Is an Island》 us notExplicit 1970
✗ [c57] The Gladiators《Proverbial Reggae》 各 storefront 皆無
~ [c57] The Itals《Brutal Out Deh》 jm notExplicit 1981
✗ [c57] Peter Tosh《Bush Doctor》 各 storefront 皆無
✗ [c57] Bunny Wailer《Protest》 各 storefront 皆無
✗ [c57] The Meditations《Wake up!》 各 storefront 皆無
✗ [c57] Sugar Minott《Live Loving》 各 storefront 皆無
✗ [c57] Dadawah《Peace & Love: Wadadasow》 各 storefront 皆無
✗ [c57] Wailing Souls《Wild Suspense》 各 storefront 皆無
✓ [c57] Johnny Osbourne《Water Pumping》 jp notExplicit 1983
✓ [c57] King Tubby《King Tubby Meets the Upsetter at the Grass Roots of Dub》 us notExplicit 1975
✓ [c57] Augustus Pablo《Original Rockers》 gb notExplicit 1979
✗ [c57] Yabby You《King Tubby's Prophesy of Dub》 各 storefront 皆無
✗ [c57] Yabby You《Deliver Me From My Enemies》 各 storefront 皆無
✗ [c57] Scientist《Scientist Meets the Space Invaders》 各 storefront 皆無
✗ [c57] Lee "Scratch" Perry《Time Boom X De Devil Dead》 各 storefront 皆無
✓ [c57] Keith Hudson《Flesh of My Skin, Blood of My Blood》 us notExplicit 1974
✗ [c57] Mikey Dread《African Anthem: The Mikey Dread Show Dubwise》 各 storefront 皆無
✗ [c57] The Revolutionaries《Vital Dub: Well Charged》 各 storefront 皆無
✗ [c57] U-Roy《Natty Rebel》 各 storefront 皆無
