[a] Complex 《The Way We Feel》 → 無圖
[a] Sindelfingen 《Odgipig》 → caa
[a] Bodkin 《Bodkin》 → caa
[a] Oberon 《A Midsummer's Night Dream》 → caa
[a] Cirkus 《One》 → caa
[a] Bill Nelson 《Northern Dream》 → caa
[a] Lightyears Away / Thundermother 《Astral Navigations》 → caa
[a] Parameter 《Galactic Ramble》 → 無圖
[a] Grannie 《Grannie》 → caa
[b] Indian Summer 《Indian Summer》 → caa
[b] Raw Material 《Time Is...》 → caa
[b] Shape of the Rain 《Riley, Riley, Wood and Waggett》 → caa
[b] The Running Man 《The Running Man》 → caa
[b] Titus Groan 《Titus Groan》 → caa
[b] Quiet World 《The Road》 → caa
[b] Trifle 《First Meeting》 → caa
[b] Demon Fuzz 《Afreaka!》 → caa
[b] Aardvark 《Aardvark》 → caa
[b] Bulldog Breed 《Made in England》 → caa
[b] Galliard 《Strange Pleasure》 → caa
[b] Sunforest 《Sound of Sunforest》 → caa
[b] Clark-Hutchinson 《A=MH²》 → caa
[b] Arcadium 《Breathe Awhile》 → caa
[b] Writing on the Wall 《The Power of the Picts》 → caa
[b] Bobak, Jons, Malone 《Motherlight》 → caa
[b] Pussy 《Pussy Plays》 → caa
[b] Zior 《Zior》 → caa
[b] Julian's Treatment 《A Time Before This》 → caa
[b] Elias Hulk 《Unchained》 → caa
[b] Arzachel 《Arzachel》 → caa
[b] Cressida 《Asylum》 → caa
[b] Tudor Lodge 《Tudor Lodge》 → caa
[b] Clear Blue Sky 《Clear Blue Sky》 → caa
[b] Dr. Z 《Three Parts to My Soul》 → caa
[b] Catapilla 《Catapilla》 → caa
[b] Fuchsia 《Fuchsia》 → caa
[b] Big Sleep 《Bluebell Wood》 → caa
[b] Steel Mill 《Green Eyed God》 → caa
[b] Bram Stoker 《Heavy Rock Spectacular》 → caa
[b] Second Hand 《Death May Be Your Santa Claus》 → caa
[b] Sam Gopal 《Escalator》 → caa
[b] Mighty Baby 《Mighty Baby》 → caa
[b] Black Cat Bones 《Barbed Wire Sandwich》 → caa
