✗ [c68] Complex《The Way We Feel》 各 storefront 皆無
✗ [c68] Sindelfingen《Odgipig》 各 storefront 皆無
✓ [c68] Bodkin《Bodkin》 gb notExplicit 2004
✓ [c68] Oberon《A Midsummer's Night Dream》 gb notExplicit 1971
✓ [c68] Cirkus《One》 gb notExplicit 1998
✓ [c68] Bill Nelson《Northern Dream》 gb notExplicit 1971
✗ [c68] Lightyears Away / Thundermother《Astral Navigations》 各 storefront 皆無
✓ [c68] Parameter《Galactic Ramble》 gb notExplicit 2026
✓ [c68] Grannie《Grannie》 gb notExplicit 2026
✗ [c68] Indian Summer《Indian Summer》 各 storefront 皆無
✗ [c68] Raw Material《Time Is...》 各 storefront 皆無
✗ [c68] Shape of the Rain《Riley, Riley, Wood and Waggett》 各 storefront 皆無
✓ [c68] The Running Man《The Running Man》 gb notExplicit 1972
✓ [c68] Titus Groan《Titus Groan》 us notExplicit 1970
✓ [c68] Quiet World《The Road》 us notExplicit 1970
✓ [c68] Trifle《First Meeting》 gb notExplicit 1971
✓ [c68] Demon Fuzz《Afreaka!》 jp notExplicit 2004
✓ [c68] Aardvark《Aardvark》 gb notExplicit 1970
✗ [c68] Bulldog Breed《Made in England》 各 storefront 皆無
✓ [c68] Galliard《Strange Pleasure》 gb notExplicit 1970
✓ [c68] Sunforest《Sound of Sunforest》 gb notExplicit 1969
✓ [c68] Clark-Hutchinson《A=MH²》 gb notExplicit 1969
✓ [c68] Arcadium《Breathe Awhile》 gb notExplicit 1969
✓ [c68] Writing on the Wall《The Power of the Picts》 gb notExplicit 1969
✓ [c68] Bobak, Jons, Malone《Motherlight》 gb notExplicit 1970
✗ [c68] Pussy《Pussy Plays》 各 storefront 皆無
✓ [c68] Zior《Zior》 gb notExplicit 2014
✓ [c68] Julian's Treatment《A Time Before This》 gb notExplicit 1970
✓ [c68] Elias Hulk《Unchained》 gb notExplicit 1970
✓ [c68] Arzachel《Arzachel》 gb notExplicit 1969
✓ [c68] Cressida《Asylum》 gb notExplicit 1971
✓ [c68] Tudor Lodge《Tudor Lodge》 gb notExplicit 1971
✓ [c68] Clear Blue Sky《Clear Blue Sky》 gb notExplicit 1970
✗ [c68] Dr. Z《Three Parts to My Soul》 各 storefront 皆無
✓ [c68] Catapilla《Catapilla》 gb notExplicit 1971
✓ [c68] Fuchsia《Fuchsia》 gb notExplicit 1971
✓ [c68] Big Sleep《Bluebell Wood》 gb notExplicit 1971
✗ [c68] Steel Mill《Green Eyed God》 各 storefront 皆無
✓ [c68] Bram Stoker《Heavy Rock Spectacular》 gb notExplicit 1972
✓ [c68] Second Hand《Death May Be Your Santa Claus》 gb notExplicit 1971
✓ [c68] Sam Gopal《Escalator》 gb notExplicit 1969
✓ [c68] Mighty Baby《Mighty Baby》 gb notExplicit 1969
✓ [c68] Black Cat Bones《Barbed Wire Sandwich》 gb notExplicit 1970
✓ [c68] Ginhouse《Ginhouse》 gb notExplicit 1971
✓ [c68] Room《Pre-Flight》 gb notExplicit 1970

共 45 張｜ready 35｜有碟無預覽 0｜unavailable 10｜只有淨化版 0
DONE
