[a] Saccharine Trust 《Surviving You, Always》 → 無圖
[a] SWA 《Your Future If You Have One》 → 無圖
[a] Gone 《Let's Get Real, Real Gone for a Change》 → caa
[a] Slovenly 《Thinking of Empire》 → caa
[a] Das Damen 《Jupiter Eye》 → caa
[a] Universal Congress Of 《Prosperous and Qualified》 → 無圖
[a] Scream 《This Side Up》 → caa
[a] Gray Matter 《Food for Thought》 → caa
[a] Beefeater 《House Burning Down》 → caa
[a] Soulside 《Hot Bodi-Gram》 → caa
[a] Shudder to Think 《Ten Spot》 → caa
[a] Necros 《Conquest for Death》 → caa
[a] Killdozer 《Intellectuals Are the Shoeshine Boys of the Ruling Elite》 → caa
[a] Die Kreuzen 《October File》 → caa
[a] Didjits 《Hey Judester》 → caa
[a] Laughing Hyenas 《You Can't Pray a Lie》 → 無圖
[a] Tar 《Jackson》 → caa
[a] God Bullies 《Dog Show》 → caa
[a] Alice Donut 《Bucketfulls of Sickness and Horror in an Otherwise Meaningless Life》 → caa
[a] The Dicks 《These People》 → 錯誤 500
[a] Big Boys 《Lullabies Help the Brain Grow》 → caa
[a] JFA 《Valley of the Yakes》 → caa
[b] Green on Red 《Gravity Talks》 → caa
[b] Rank and File 《Sundown》 → caa
[b] The Three O'Clock 《Sixteen Tambourines》 → caa
[b] The Long Ryders 《Native Sons》 → caa
[b] Thin White Rope 《Moonhead》 → caa
[b] Naked Prey 《Under The Blue Marlin》 → 無圖
[b] Rain Parade 《Emergency Third Rail Power Trip》 → caa
[b] Game Theory 《Real Nighttime》 → caa
[b] The Dead Milkmen 《Eat Your Paisley》 → caa
[b] Opal 《Happy Nightmare Baby》 → caa
[b] Pylon 《Chomp》 → caa
[b] Love Tractor 《Around the Bend》 → 無圖
[b] Guadalcanal Diary 《Walking in the Shadow of the Big Man》 → caa
[b] The Suburbs 《Credit in Heaven》 → caa
[b] Soul Asylum 《Made to Be Broken》 → caa
[b] Babes in Toyland 《Spanking Machine》 → caa
[b] The Feelies 《The Good Earth》 → caa
[b] Bongwater 《Double Bummer》 → caa
[b] King Missile 《Mystical Shit》 → 無圖
[b] Snakefinger 《Greener Postures》 → caa
[b] Big Dipper 《Heavens》 → caa
[b] Death of Samantha 《Strungout on Jargon》 → caa

c81｜CAA 有圖 36／44｜探測錯誤 1
