✓ [c81] Saccharine Trust《Surviving You, Always》 us notExplicit 1984
✗ [c81] SWA《Your Future If You Have One》 各 storefront 皆無
✓ [c81] Gone《Let's Get Real, Real Gone for a Change》 us notExplicit 1986
✗ [c81] Slovenly《Thinking of Empire》 各 storefront 皆無
✓ [c81] Das Damen《Jupiter Eye》 us notExplicit 1987
✓ [c81] Universal Congress Of《Prosperous and Qualified》 us notExplicit 1988
✓ [c81] Scream《This Side Up》 us notExplicit 1985
✓ [c81] Gray Matter《Food for Thought》 us notExplicit 1990
✗ [c81] Beefeater《House Burning Down》 各 storefront 皆無
✓ [c81] Soulside《Hot Bodi-Gram》 us notExplicit 2022
✓ [c81] Shudder to Think《Ten Spot》 us notExplicit 1990
✗ [c81] Necros《Conquest for Death》 各 storefront 皆無
✓ [c81] Killdozer《Intellectuals Are the Shoeshine Boys of the Ruling Elite》 us notExplicit 1984
✓ [c81] Die Kreuzen《October File》 us notExplicit 1986
✓ [c81] Didjits《Hey Judester》 us notExplicit 1988
✓ [c81] Laughing Hyenas《You Can't Pray a Lie》 us notExplicit 1989
✓ [c81] Tar《Jackson》 us notExplicit 1991
✗ [c81] God Bullies《Dog Show》 各 storefront 皆無
✓ [c81] Alice Donut《Bucketfulls of Sickness and Horror in an Otherwise Meaningless Life》 us notExplicit 1989
✗ [c81] The Dicks《These People》 各 storefront 皆無
✗ [c81] Big Boys《Lullabies Help the Brain Grow》 各 storefront 皆無
✗ [c81] JFA《Valley of the Yakes》 各 storefront 皆無
✗ [c81] Green on Red《Gravity Talks》 各 storefront 皆無
✗ [c81] Rank and File《Sundown》 各 storefront 皆無
✓ [c81] The Three O'Clock《Sixteen Tambourines》 us notExplicit 1983
✓ [c81] The Long Ryders《Native Sons》 us notExplicit 1984
✓ [c81] Thin White Rope《Moonhead》 us notExplicit 1987
✓ [c81] Naked Prey《Under The Blue Marlin》 us notExplicit 1986
✓ [c81] Rain Parade《Emergency Third Rail Power Trip》 us notExplicit 1983
✓ [c81] Game Theory《Real Nighttime》 us notExplicit 1985
✗ [c81] The Dead Milkmen《Eat Your Paisley》 各 storefront 皆無
✗ [c81] Opal《Happy Nightmare Baby》 各 storefront 皆無
✓ [c81] Pylon《Chomp》 us notExplicit 1983
✓ [c81] Love Tractor《Around the Bend》 us notExplicit 2023
✓ [c81] Guadalcanal Diary《Walking in the Shadow of the Big Man》 us notExplicit 1984
✓ [c81] The Suburbs《Credit in Heaven》 us notExplicit 1981
✓ [c81] Soul Asylum《Made to Be Broken》 us notExplicit 1986
✗ [c81] Babes in Toyland《Spanking Machine》 各 storefront 皆無
✓ [c81] The Feelies《The Good Earth》 us notExplicit 1986
✗ [c81] Bongwater《Double Bummer》 各 storefront 皆無
✓ [c81] King Missile《Mystical Shit》 us notExplicit 1990
✓ [c81] Snakefinger《Greener Postures》 us notExplicit 1980
✗ [c81] Big Dipper《Heavens》 各 storefront 皆無
✗ [c81] Death of Samantha《Strungout on Jargon》 各 storefront 皆無

共 44 張｜ready 28｜有碟無預覽 0｜unavailable 16｜只有淨化版 0
