[a] Shamek Farrah 《First Impressions》 → caa
[a] Charles Brackeen 《Rhythm X》 → caa
[a] The Piano Choir 《Handscapes》 → caa
[a] The Descendants of Mike and Phoebe 《A Spirit Speaks》 → caa
[a] Milton Marsh 《Monism》 → caa
[a] Billy Parker's Fourth World 《Freedom of Speech》 → caa
[a] Henry Franklin 《The Skipper》 → caa
[a] Chester Thompson 《Powerhouse》 → caa
[a] Doug Hammond & David Durrah 《Reflections in the Sea of Nurnen》 → caa
[a] The Lyman Woodard Organization 《Saturday Night Special》 → caa
[a] Adele Sebastian 《Desert Fairy Princess》 → caa
[a] Nate Morgan 《Journey Into Nigritia》 → caa
[a] Black Renaissance 《Body, Mind and Spirit》 → caa
[a] Manfred Schoof 《European Echoes》 → caa
[a] Alexander von Schlippenbach Trio 《Pakistani Pomade》 → caa
[a] Irène Schweizer 《Wilde Señoritas》 → caa
[a] Gunter Hampel 《The 8th of July 1969》 → caa
[a] Paul Rutherford 《The Gentle Harm of the Bourgeoisie》 → caa
[a] The Spontaneous Music Ensemble 《Karyobin》 → caa
[a] Tony Oxley 《February Papers》 → caa
[a] Joseph Jarman 《Song For》 → caa
[a] Muhal Richard Abrams 《Levels and Degrees of Light》 → caa
[a] Kalaparusha Maurice McIntyre 《Humility in the Light of the Creator》 → caa
[a] 高柳昌行 / 阿部薫 《解体的交感》 → caa
[a] 山下洋輔トリオ 《Dancing 古事記》 → 無圖
[a] 佐藤允彦とサウンド・ブレイカーズ 《Amalgamation》 → caa
[a] Jemeel Moondoc & Muntu 《The Evening of the Blue Men》 → caa
[a] Charles Tyler 《Saga of the Outlaws》 → 無圖
[a] Chico Freeman 《Kings of Mali》 → 無圖
[a] Arthur Blythe 《The Grip》 → caa
[a] David Murray 《Flowers for Albert》 → caa
[a] Hamiet Bluiett 《Endangered Species》 → caa
[a] Frank Lowe 《Fresh》 → caa
[a] Oliver Lake 《NTU: Point From Which Creation Begins》 → caa
[a] Black Artists Group 《In Paris, Aries 1973》 → caa
[a] The Pyramids 《King of Kings》 → caa
[a] Roy Porter Sound Machine 《Jessica》 → caa
[a] Ronald Snijders 《Natural Sources》 → caa
[a] Svein Finnerud Trio 《Plastic Sun》 → caa
[a] Heikki Sarmanto Sextet 《Flowers in the Water》 → caa
[a] Joe McPhee 《Nation Time》 → caa
[a] Dom Salvador e Abolição 《Som, sangue e raça》 → caa
[a] Tenório Jr 《Embalo》 → caa
[a] Brian Bennett & Alan Hawkshaw 《Synthesis》 → caa
[a] Keith Mansfield 《Contempo》 → caa
[a] Keith Mansfield / John Cameron 《Voices in Harmony》 → caa
[a] Sandro Brugnolini 《Overground》 → caa
[a] Stefano Torossi 《Feelings》 → caa

c59｜CAA 有圖 45／48｜探測錯誤 0
