✗ [c59] Shamek Farrah《First Impressions》 各 storefront 皆無
✗ [c59] Charles Brackeen《Rhythm X》 各 storefront 皆無
✗ [c59] The Piano Choir《Handscapes》 各 storefront 皆無
✓ [c59] The Descendants of Mike and Phoebe《A Spirit Speaks》 jp notExplicit 1973
✗ [c59] Milton Marsh《Monism》 各 storefront 皆無
✗ [c59] Billy Parker's Fourth World《Freedom of Speech》 各 storefront 皆無
✓ [c59] Henry Franklin《The Skipper》 de notExplicit 1972
✗ [c59] Chester Thompson《Powerhouse》 各 storefront 皆無
✓ [c59] Doug Hammond & David Durrah《Reflections in the Sea of Nurnen》 us notExplicit 1975
✓ [c59] The Lyman Woodard Organization《Saturday Night Special》 us notExplicit 1975
✗ [c59] Adele Sebastian《Desert Fairy Princess》 各 storefront 皆無
✗ [c59] Nate Morgan《Journey Into Nigritia》 各 storefront 皆無
✗ [c59] Black Renaissance《Body, Mind and Spirit》 各 storefront 皆無
✗ [c59] Manfred Schoof《European Echoes》 各 storefront 皆無
✗ [c59] Alexander von Schlippenbach Trio《Pakistani Pomade》 各 storefront 皆無
✗ [c59] Irène Schweizer《Wilde Señoritas》 各 storefront 皆無
✗ [c59] Gunter Hampel《The 8th of July 1969》 各 storefront 皆無
✗ [c59] Paul Rutherford《The Gentle Harm of the Bourgeoisie》 各 storefront 皆無
✗ [c59] The Spontaneous Music Ensemble《Karyobin》 各 storefront 皆無
✓ [c59] Tony Oxley《February Papers》 jp notExplicit 1977
✓ [c59] Joseph Jarman《Song For》 us notExplicit 1966
✓ [c59] Muhal Richard Abrams《Levels and Degrees of Light》 us notExplicit 1968
✗ [c59] Kalaparusha Maurice McIntyre《Humility in the Light of the Creator》 各 storefront 皆無
✗ [c59] 高柳昌行 / 阿部薫《解体的交感》 各 storefront 皆無
✗ [c59] 山下洋輔トリオ《Dancing 古事記》 各 storefront 皆無
✗ [c59] 佐藤允彦とサウンド・ブレイカーズ《Amalgamation》 各 storefront 皆無
✗ [c59] Jemeel Moondoc & Muntu《The Evening of the Blue Men》 各 storefront 皆無
✗ [c59] Charles Tyler《Saga of the Outlaws》 各 storefront 皆無
✗ [c59] Chico Freeman《Kings of Mali》 各 storefront 皆無
✗ [c59] Arthur Blythe《The Grip》 各 storefront 皆無
✗ [c59] David Murray《Flowers for Albert》 各 storefront 皆無
✗ [c59] Hamiet Bluiett《Endangered Species》 各 storefront 皆無
✓ [c59] Frank Lowe《Fresh》 gb cleaned(只有淨化版) 1975
✗ [c59] Oliver Lake《NTU: Point From Which Creation Begins》 各 storefront 皆無
✗ [c59] Black Artists Group《In Paris, Aries 1973》 各 storefront 皆無
✓ [c59] The Pyramids《King of Kings》 us notExplicit 1974
✓ [c59] Roy Porter Sound Machine《Jessica》 jp notExplicit 1971
✓ [c59] Ronald Snijders《Natural Sources》 us notExplicit 1977
✗ [c59] Svein Finnerud Trio《Plastic Sun》 各 storefront 皆無
~ [c59] Heikki Sarmanto Sextet《Flowers in the Water》 us notExplicit 1969
✓ [c59] Joe McPhee《Nation Time》 us notExplicit 1971
✗ [c59] Dom Salvador e Abolição《Som, sangue e raça》 各 storefront 皆無
✓ [c59] Tenório Jr《Embalo》 us notExplicit 1964
✗ [c59] Brian Bennett & Alan Hawkshaw《Synthesis》 各 storefront 皆無
✗ [c59] Keith Mansfield《Contempo》 各 storefront 皆無
✗ [c59] Keith Mansfield / John Cameron《Voices in Harmony》 各 storefront 皆無
✗ [c59] Sandro Brugnolini《Overground》 各 storefront 皆無
✓ [c59] Stefano Torossi《Feelings》 us notExplicit 1974

共 48 張｜ready 14｜有碟無預覽 1｜unavailable 33｜只有淨化版 1
