[a] The Orchids 《Lyceum》 → caa
[a] The Orchids 《Unholy Soul》 → caa
[a] The Field Mice 《Skywriting》 → caa
[a] The Field Mice 《For Keeps》 → caa
[a] Heavenly 《Heavenly vs. Satan》 → caa
[a] Heavenly 《The Decline and Fall of Heavenly》 → caa
[a] Blueboy 《If Wishes Were Horses》 → 無圖
[a] Blueboy 《Unisex》 → caa
[a] Secret Shine 《Untouched》 → caa
[a] Brighter 《Laurel》 → 無圖
[a] Even as We Speak 《Feral Pop Frenzy》 → caa
[a] The Sweetest Ache 《Jaguar》 → 無圖
[a] Northern Picture Library 《Alaska》 → caa
[a] Harvey Williams 《Rebellion》 → caa
[a] The Wake 《Make It Loud》 → caa
[a] St. Christopher 《Bacharach》 → 無圖
[a] The Sea Urchins 《Stardust》 → caa
[a] The Flatmates 《Love and Death》 → caa
[a] The Chesterfields 《Kettle》 → caa
[a] The Groove Farm 《Alvin Is King!》 → 無圖
[a] 14 Iced Bears 《14 Iced Bears》 → caa
[a] The Pooh Sticks 《Orgasm》 → caa
[b] Momus 《Circus Maximus》 → caa
[b] Louis Philippe 《Appointment with Venus》 → caa
[b] The King of Luxembourg 《Royal Bastard》 → caa
[b] Anthony Adverse 《The Red Shoes》 → caa
[b] Marden Hill 《Cadaquéz》 → caa
[b] Would-Be-Goods 《The Camera Loves Me》 → caa
[b] Bad Dream Fancy Dress 《Choirboys Gas》 → caa
[b] Biff Bang Pow! 《Pass the Paintbrush, Honey》 → 無圖
[b] The Membranes 《The Gift of Life》 → caa
[b] The Jasmine Minks 《Another Age》 → 無圖
[b] Razorcuts 《Storyteller》 → caa
[b] Momus 《Tender Pervert》 → caa
[b] The Times 《Pop Goes Art!》 → caa
[b] Television Personalities 《Mummy Your Not Watching Me》 → caa
[b] Marine Girls 《Beach Party》 → caa
[b] Tracey Thorn 《A Distant Shore》 → caa
[b] The Monochrome Set 《Eligible Bachelors》 → caa
[b] Bogshed 《Brutal》 → caa
[b] A Witness 《I Am John's Pancreas》 → caa
[b] Yeah Yeah Noh 《Cutting the Heavenly Lawn of Greatness... Last Rites for the God of Love》 → 無圖
[b] McCarthy 《The Enraged Will Inherit the Earth》 → caa
[b] The Wolfhounds 《Bright and Guilty》 → 無圖
[b] Fire Engines 《Lubricate Your Living Room》 → caa

c74｜CAA 有圖 36／45｜探測錯誤 0
