✓ [c74] The Orchids《Lyceum》 gb notExplicit 1989
✓ [c74] The Orchids《Unholy Soul》 gb notExplicit 1992
✗ [c74] The Field Mice《Skywriting》 各 storefront 皆無
✓ [c74] The Field Mice《For Keeps》 gb notExplicit 1991
✓ [c74] Heavenly《Heavenly vs. Satan》 gb notExplicit 1991
✓ [c74] Heavenly《The Decline and Fall of Heavenly》 gb notExplicit 1994
✓ [c74] Blueboy《If Wishes Were Horses》 gb notExplicit 1992
✓ [c74] Blueboy《Unisex》 gb notExplicit 1994
✓ [c74] Secret Shine《Untouched》 gb notExplicit 1993
✓ [c74] Brighter《Laurel》 gb notExplicit 1991
✓ [c74] Even as We Speak《Feral Pop Frenzy》 gb notExplicit 1993
✓ [c74] The Sweetest Ache《Jaguar》 gb notExplicit 1992
✗ [c74] Northern Picture Library《Alaska》 各 storefront 皆無
✓ [c74] Harvey Williams《Rebellion》 gb notExplicit 1994
✓ [c74] The Wake《Make It Loud》 gb notExplicit 1991
✗ [c74] St. Christopher《Bacharach》 各 storefront 皆無
✓ [c74] The Sea Urchins《Stardust》 gb notExplicit 1992
✗ [c74] The Flatmates《Love and Death》 各 storefront 皆無
✗ [c74] The Chesterfields《Kettle》 各 storefront 皆無
✓ [c74] The Groove Farm《Alvin Is King!》 gb notExplicit 1988
✓ [c74] 14 Iced Bears《14 Iced Bears》 gb notExplicit 1988
✗ [c74] The Pooh Sticks《Orgasm》 各 storefront 皆無
✓ [c74] Momus《Circus Maximus》 gb notExplicit 1986
✓ [c74] Louis Philippe《Appointment with Venus》 gb notExplicit 1986
✗ [c74] The King of Luxembourg《Royal Bastard》 各 storefront 皆無
✓ [c74] Anthony Adverse《The Red Shoes》 gb notExplicit 1988
✓ [c74] Marden Hill《Cadaquéz》 gb notExplicit 1988
✓ [c74] Would-Be-Goods《The Camera Loves Me》 gb notExplicit 1988
✓ [c74] Bad Dream Fancy Dress《Choirboys Gas》 gb notExplicit 1993
✓ [c74] Biff Bang Pow!《Pass the Paintbrush, Honey》 gb notExplicit 1984
✗ [c74] The Membranes《The Gift of Life》 各 storefront 皆無
✓ [c74] The Jasmine Minks《Another Age》 gb notExplicit 1988
✓ [c74] Razorcuts《Storyteller》 gb notExplicit 1988
✗ [c74] Momus《Tender Pervert》 各 storefront 皆無
✓ [c74] The Times《Pop Goes Art!》 gb notExplicit 1982
✓ [c74] Television Personalities《Mummy Your Not Watching Me》 gb notExplicit 1981
✓ [c74] Marine Girls《Beach Party》 gb notExplicit 1983
✓ [c74] Tracey Thorn《A Distant Shore》 gb notExplicit 1982
✓ [c74] The Monochrome Set《Eligible Bachelors》 gb notExplicit 1982
✓ [c74] Bogshed《Brutal》 gb notExplicit 2022
✓ [c74] A Witness《I Am John's Pancreas》 gb notExplicit 1986
✗ [c74] Yeah Yeah Noh《Cutting the Heavenly Lawn of Greatness... Last Rites for the God of Love》 各 storefront 皆無
✓ [c74] McCarthy《The Enraged Will Inherit the Earth》 gb notExplicit 1989
✓ [c74] The Wolfhounds《Bright and Guilty》 gb notExplicit 1989
✗ [c74] Fire Engines《Lubricate Your Living Room》 各 storefront 皆無

共 45 張｜ready 34｜有碟無預覽 0｜unavailable 11｜只有淨化版 0
DONE
