[a] Pastor T.L. Barrett & The Youth for Christ Choir 《Like a Ship... (Without a Sail)》 → caa
[a] Kashmere Stage Band 《Out of Gas but Still Burning》 → caa
[a] Lee Moses 《Time and Place》 → caa
[a] Mighty Ryeders 《Help Us Spread the Message》 → caa
[a] Nolan Porter 《No Apologies》 → caa
[a] Purple Image 《Purple Image》 → caa
[a] Ripple 《Ripple》 → caa
[a] Black Nasty 《Talking to the People》 → caa
[a] Bobby Patterson 《It's Just a Matter of Time》 → caa
[a] The Fabulous Counts 《Jan Jan》 → caa
[a] Chocolate Milk 《Chocolate Milk》 → caa
[a] Black Merda 《Black Merda》 → caa
[a] The Politicians 《The Politicians Featuring McKinley Jackson》 → caa
[a] Ruby Andrews 《Black Ruby》 → caa
[a] Doris Duke 《I'm a Loser》 → 無圖
[a] Sandra Phillips 《Too Many People in One Bed》 → caa
[a] Eddie Hinton 《Very Extremely Dangerous》 → caa
[a] Sandra Wright 《Wounded Woman》 → caa
[a] Willie Tee 《I'm Only a Man》 → caa
[a] The Masqueraders 《Everybody Wanna Live On》 → 無圖
[a] Ollie & The Nightingales 《Ollie & The Nightingales》 → 無圖
[a] The Voices of East Harlem 《Right On Be Free》 → caa
[a] The Brief Encounter 《Introducing - The Brief Encounter》 → caa
[a] Fuzzy Haskins 《A Whole Nother Thang》 → caa
[a] Junie Morrison 《When We Do》 → caa
[a] Mutiny 《Mutiny on the Mamaship》 → caa
[a] Quazar 《Quazar》 → caa
[a] Sweat Band 《Sweat Band》 → caa
[a] Doug Carn 《Revelation》 → caa
[a] Henry Franklin 《The Skipper》 → caa
[a] Lightnin' Rod 《Hustlers Convention》 → caa
[a] Camille Yarbrough 《The Iron Pot Cooker》 → caa
[a] Elaine Brown 《Seize the Time - Black Panther Party》 → caa
[a] Sarah Webster Fabio 《Boss Soul》 → caa
[a] The Budos Band 《The Budos Band》 → caa
[a] Joe Bataan 《Riot!》 → caa
[a] Harlem River Drive 《Harlem River Drive》 → caa
[a] Dom Salvador e Abolição 《Som, Sangue e Raça》 → caa
[a] Banda Black Rio 《Maria Fumaca》 → caa
[a] Hyldon 《Na Rua, Na Chuva, Na Fazenda》 → caa
[a] Cassiano 《Cuban Soul - 18 Kilates》 → caa
[a] Light of the World 《Round Trip》 → caa
[a] Atmosfear 《En Trance》 → caa
[a] The Mohawks 《The Champ》 → caa
[a] Nino Nardini / Roger Roger 《Jungle Obsession》 → caa

c58｜CAA 有圖 42／45｜探測錯誤 0
