✓ [c58] Pastor T.L. Barrett & The Youth for Christ Choir《Like a Ship... (Without a Sail)》 de notExplicit 1971
✓ [c58] Kashmere Stage Band《Out of Gas but Still Burning》 jp notExplicit 1974
✗ [c58] Lee Moses《Time and Place》 各 storefront 皆無
✓ [c58] Mighty Ryeders《Help Us Spread the Message》 us notExplicit 1978
✗ [c58] Nolan Porter《No Apologies》 各 storefront 皆無
✓ [c58] Purple Image《Purple Image》 us notExplicit 1970
✗ [c58] Ripple《Ripple》 各 storefront 皆無
✗ [c58] Black Nasty《Talking to the People》 各 storefront 皆無
✓ [c58] Bobby Patterson《It's Just a Matter of Time》 de notExplicit 1972
✓ [c58] The Fabulous Counts《Jan Jan》 de notExplicit 1969
✗ [c58] Chocolate Milk《Chocolate Milk》 各 storefront 皆無
✓ [c58] Black Merda《Black Merda》 us notExplicit 1967
✗ [c58] The Politicians《The Politicians Featuring McKinley Jackson》 各 storefront 皆無
✓ [c58] Ruby Andrews《Black Ruby》 jp notExplicit 1972
✗ [c58] Doris Duke《I'm a Loser》 各 storefront 皆無
✗ [c58] Sandra Phillips《Too Many People in One Bed》 各 storefront 皆無
✓ [c58] Eddie Hinton《Very Extremely Dangerous》 us notExplicit 1978
✗ [c58] Sandra Wright《Wounded Woman》 各 storefront 皆無
✓ [c58] Willie Tee《I'm Only a Man》 gb notExplicit 1970
✗ [c58] The Masqueraders《Everybody Wanna Live On》 各 storefront 皆無
✓ [c58] Ollie & The Nightingales《Ollie & The Nightingales》 gb notExplicit 1969
✗ [c58] The Voices of East Harlem《Right On Be Free》 各 storefront 皆無
✗ [c58] The Brief Encounter《Introducing - The Brief Encounter》 各 storefront 皆無
✗ [c58] Fuzzy Haskins《A Whole Nother Thang》 各 storefront 皆無
✗ [c58] Junie Morrison《When We Do》 各 storefront 皆無
✗ [c58] Mutiny《Mutiny on the Mamaship》 各 storefront 皆無
✗ [c58] Quazar《Quazar》 各 storefront 皆無
✗ [c58] Sweat Band《Sweat Band》 各 storefront 皆無
✗ [c58] Doug Carn《Revelation》 各 storefront 皆無
✓ [c58] Henry Franklin《The Skipper》 de notExplicit 1972
✗ [c58] Lightnin' Rod《Hustlers Convention》 各 storefront 皆無
✓ [c58] Camille Yarbrough《The Iron Pot Cooker》 br notExplicit 1975
✓ [c58] Elaine Brown《Seize the Time - Black Panther Party》 fr notExplicit 1969
✗ [c58] Sarah Webster Fabio《Boss Soul》 各 storefront 皆無
✓ [c58] The Budos Band《The Budos Band》 jp notExplicit 2005
✗ [c58] Joe Bataan《Riot!》 各 storefront 皆無
✓ [c58] Harlem River Drive《Harlem River Drive》 de notExplicit 1971
✗ [c58] Dom Salvador e Abolição《Som, Sangue e Raça》 各 storefront 皆無
✗ [c58] Banda Black Rio《Maria Fumaca》 各 storefront 皆無
✓ [c58] Hyldon《Na Rua, Na Chuva, Na Fazenda》 de notExplicit 1975
✗ [c58] Cassiano《Cuban Soul - 18 Kilates》 各 storefront 皆無
✗ [c58] Light of the World《Round Trip》 各 storefront 皆無
✓ [c58] Atmosfear《En Trance》 fr notExplicit 1981
✓ [c58] The Mohawks《The Champ》 us notExplicit 1968
✗ [c58] Nino Nardini / Roger Roger《Jungle Obsession》 各 storefront 皆無

共 45 張｜ready 19｜有碟無預覽 0｜unavailable 26｜只有淨化版 0
