[a] 四人囃子 《包》 → caa
[a] 難波弘之 《Sense of Wonder》 → 無圖
[a] ノヴェラ 《魅惑劇》 → caa
[a] Ain Soph 《A Story of Mysterious Forest》 → caa
[a] KENSO 《Kenso II》 → caa
[a] 美狂乱 《美狂乱》 → caa
[a] ノヴェラ 《サンクチュアリ (聖域)》 → 無圖
[a] 美狂乱 《Parallax》 → caa
[a] Negasphere 《Castle in the Air》 → caa
[a] 夢幻 《Sinfonia della Luna》 → caa
[a] KENSO 《Kenso III》 → caa
[a] Gerard 《Empty Lie, Empty Dream》 → caa
[a] Negasphere 《Disadvantage》 → caa
[a] テルズ・シンフォニア 《Symphonia》 → caa
[a] Outer Limits 《Misty Moon》 → caa
[a] Starless 《Silver Wings》 → caa
[a] Ain Soph 《Hat and Field》 → caa
[a] Pageant 《La Mosaïque de la Rêverie》 → caa
[a] Outer Limits 《A Boy Playing the Magical Bugle Horn》 → 無圖
[a] Ataraxia 《Adolescence of an Ancient Warrior》 → 無圖
[a] 夢幻 《レダと白鳥》 → caa
[b] Outer Limits 《The Scene of Pale Blue》 → caa
[b] Pageant 《Abysmal Masquerade》 → caa
[b] Mr. Sirius 《Barren Dream》 → caa
[b] Vermilion Sands 《Water Blue》 → 無圖
[b] Bellaphon 《Firefly》 → caa
[b] Terra Rosa 《The Endless Basis》 → caa
[b] Deja-Vu 《Baroque in the Future》 → caa
[b] Midas 《Beyond the Clear Air》 → caa
[b] 夢幻 《過ぎ去りし王国の王女》 → caa
[b] Asturias 《Circle in the Forest》 → caa
[b] テルズ・シンフォニア 《エッグ・ザ・ユニヴァース》 → 無圖
[b] KENSO 《Sparta》 → caa
[b] Pageant 《The Pay For Dreamer's Sin》 → caa
[b] Social Tension 《Macbethia》 → 無圖
[b] テルズ・シンフォニア 《Human Race Party》 → caa
[b] Terra Rosa 《Honesty》 → 無圖
[b] Providence 《And I'll Recite an Old Myth From...》 → caa
[b] Mr. Sirius 《Dirge》 → caa
[b] Social Tension 《It Reminds Me of Those Days》 → 無圖
[b] Asturias 《Brilliant Streams》 → caa

c73｜CAA 有圖 32／41｜探測錯誤 0
