✓ [c73] 四人囃子《包》 jp notExplicit 2002
✗ [c73] 難波弘之《Sense of Wonder》 各 storefront 皆無
✗ [c73] ノヴェラ《魅惑劇》 各 storefront 皆無
✗ [c73] Ain Soph《A Story of Mysterious Forest》 各 storefront 皆無
✓ [c73] KENSO《Kenso II》 jp notExplicit 1982
✗ [c73] 美狂乱《美狂乱》 各 storefront 皆無
✗ [c73] ノヴェラ《サンクチュアリ (聖域)》 各 storefront 皆無
✓ [c73] 美狂乱《Parallax》 jp notExplicit 1983
✗ [c73] Negasphere《Castle in the Air》 各 storefront 皆無
✗ [c73] 夢幻《Sinfonia della Luna》 各 storefront 皆無
✓ [c73] KENSO《Kenso III》 jp notExplicit 1985
✓ [c73] Gerard《Empty Lie, Empty Dream》 jp notExplicit 1985
✗ [c73] Negasphere《Disadvantage》 各 storefront 皆無
✗ [c73] テルズ・シンフォニア《Symphonia》 各 storefront 皆無
✓ [c73] Outer Limits《Misty Moon》 jp notExplicit 2001
✗ [c73] Starless《Silver Wings》 各 storefront 皆無
✗ [c73] Ain Soph《Hat and Field》 各 storefront 皆無
✓ [c73] Pageant《La Mosaïque de la Rêverie》 jp notExplicit 1985
✓ [c73] Outer Limits《A Boy Playing the Magical Bugle Horn》 jp notExplicit 1986
✗ [c73] Ataraxia《Adolescence of an Ancient Warrior》 各 storefront 皆無
✗ [c73] 夢幻《レダと白鳥》 各 storefront 皆無
✓ [c73] Outer Limits《The Scene of Pale Blue》 jp notExplicit 1987
✓ [c73] Pageant《Abysmal Masquerade》 jp notExplicit 2001
✓ [c73] Mr. Sirius《Barren Dream》 jp notExplicit 1987
✓ [c73] Vermilion Sands《Water Blue》 jp notExplicit 2001
✓ [c73] Bellaphon《Firefly》 jp notExplicit 1996
✓ [c73] Terra Rosa《The Endless Basis》 jp notExplicit 1989
✓ [c73] Deja-Vu《Baroque in the Future》 jp notExplicit 1988
✗ [c73] Midas《Beyond the Clear Air》 各 storefront 皆無
✗ [c73] 夢幻《過ぎ去りし王国の王女》 各 storefront 皆無
✓ [c73] Asturias《Circle in the Forest》 jp notExplicit 1988
✗ [c73] テルズ・シンフォニア《エッグ・ザ・ユニヴァース》 各 storefront 皆無
✓ [c73] KENSO《Sparta》 jp notExplicit 1989
✓ [c73] Pageant《The Pay For Dreamer's Sin》 jp notExplicit 1989
✗ [c73] Social Tension《Macbethia》 各 storefront 皆無
✓ [c73] テルズ・シンフォニア《Human Race Party》 jp notExplicit 1989
✓ [c73] Terra Rosa《Honesty》 jp notExplicit 1989
✗ [c73] Providence《And I'll Recite an Old Myth From...》 各 storefront 皆無
✓ [c73] Mr. Sirius《Dirge》 jp notExplicit 1990
✗ [c73] Social Tension《It Reminds Me of Those Days》 各 storefront 皆無
✓ [c73] Asturias《Brilliant Streams》 jp notExplicit 1990

共 41 張｜ready 22｜有碟無預覽 0｜unavailable 19｜只有淨化版 0
DONE
