1/37 Koes Plus 《Volume 4》 → spotify 200 ⚠來源 1976／卡片 1971
2/37 Panbers 《Volume 1》 → bandcamp 200
3/37 Duo Kribo 《Duo Kribo》 → spotify 200
4/37 Barong's Band 《Barong's Band》 → ✗
5/37 Keenan Nasution 《Di Batas Angan Angan》 → ✗
6/37 Chrisye 《Badai Pasti Berlalu》 → spotify 200 ⚠來源 1999／卡片 1977
7/37 Yockie Soerjoprajogo 《Jurang Pemisah》 → ✗
8/37 Yockie Soerjoprajogo 《Musik Saya Adalah Saya》 → ✗
9/37 Gombloh 《Kebyar Kebyar》 → spotify 200 ⚠來源 1985／卡片 1979
10/37 Benyamin S. 《Si Djampang》 → ✗
11/37 Bubi Chen 《Bubi Chen and His Fabulous 5》 → ✗
12/37 Indra Lesmana & Nebula 《No Standing》 → ✗
13/37 Karimata 《Pasti》 → spotify 200 ⚠來源 1985／卡片 1986
14/37 simakDialog 《Baur》 → ✗
15/37 Rhoma Irama 《Darah Muda》 → spotify 200 ⚠來源 1976／卡片 1975
16/37 Rhoma Irama 《Santai》 → spotify 200
17/37 Panbers 《Indonesian City Sound: Panbers Psychedelic Rock and Funk, 1971-1974》 → bandcamp 200
18/37 Various Artists 《Music of Indonesia, Vol. 20: Indonesian Guitars》 → spotify 200
19/37 Various Artists 《Music from the Morning of the World》 → ✗
20/37 Angkanang Kunchai With Ubon-Pattana Band 《Isan Lam Plearn》 → ✗
21/37 Various Artists 《Thai? Dai! The Heavier Side of the Luk Thung Underground》 → ✗
22/37 Dao Bandon 《Kon Kee Lang Kwai (Man on a Water Buffalo): Essential Dao Bandon》 → ✗
23/37 Hoàng Oanh 《Tiếng hát Hoàng Oanh 2 (Rừng xưa)》 → ✗
24/37 Cinderella 《Ang Boyfriend Kong Baduy》 → ✗
25/37 Zainal Abidin 《Zainal Abidin》 → spotify 200 ⚠來源 2013／卡片 1991
26/37 Various Artists 《Pop Yeh Yeh: Psychedelic Rock From Singapore and Malaysia 1964-1970》 → ✗
27/37 Titiek Puspa 《Doa Ibu》 → ✗
28/37 Rien Djamain 《Api Asmara》 → ✗
29/37 Elvy Sukaesih 《Menghitung Bintang》 → spotify 200
30/37 เพลิน พรหมแดน 《อาก๋งกับอาม้า / ร.ร.สอนจูบ》 → ✗
31/37 Khánh Ly 《Hát Cho Quê Hương Việt Nam 1》 → ✗
32/37 Mike Hanopol 《Buhay Musikero》 → ✗
33/37 Banyuhay ni Heber Bartolome 《Tayo'y Mga Pinoy》 → ✗
34/37 Grace Nono 《Tao Music》 → ✗
35/37 The Quests 《Questing》 → ✗
36/37 小沢健二 《球体の奏でる音楽》 → ✗
37/37 齊豫 《你是我所有的回憶》 → ✗

有封面 12／37｜年份不符 6
