✗ [c52] Koes Plus《Volume 4》 各 storefront 皆無
✗ [c52] Panbers《Volume 1》 各 storefront 皆無
✗ [c52] Panbers《Indonesian City Sound: Panbers Psychedelic Rock and Funk, 1971-1974》 各 storefront 皆無
✗ [c52] Duo Kribo《Duo Kribo》 各 storefront 皆無
✗ [c52] Barong's Band《Barong's Band》 各 storefront 皆無
✗ [c52] Benyamin S.《Si Djampang》 各 storefront 皆無
✗ [c52] Gombloh《Kebyar Kebyar》 各 storefront 皆無
✗ [c52] Rhoma Irama《Darah Muda》 各 storefront 皆無
✗ [c52] Rhoma Irama《Santai》 各 storefront 皆無
✗ [c52] Chrisye《Badai Pasti Berlalu》 各 storefront 皆無
✗ [c52] Yockie Soerjoprajogo《Jurang Pemisah》 各 storefront 皆無
✗ [c52] Yockie Soerjoprajogo《Musik Saya Adalah Saya》 各 storefront 皆無
✗ [c52] Keenan Nasution《Di Batas Angan Angan》 各 storefront 皆無
✗ [c52] Bubi Chen《Bubi Chen and His Fabulous 5》 各 storefront 皆無
✗ [c52] Indra Lesmana & Nebula《No Standing》 各 storefront 皆無
✓ [c52] Karimata《Pasti》 id notExplicit 1985
✗ [c52] simakDialog《Baur》 各 storefront 皆無
✓ [c52] Various Artists《Music of Indonesia, Vol. 20: Indonesian Guitars》 id notExplicit 1999
✗ [c52] Various Artists《Music from the Morning of the World》 各 storefront 皆無
✗ [c52] Angkanang Kunchai With Ubon-Pattana Band《Isan Lam Plearn》 各 storefront 皆無
✗ [c52] Various Artists《Thai? Dai! The Heavier Side of the Luk Thung Underground》 各 storefront 皆無
✗ [c52] Dao Bandon《Kon Kee Lang Kwai (Man on a Water Buffalo): Essential Dao Bandon》 各 storefront 皆無
✗ [c52] Hoàng Oanh《Tiếng hát Hoàng Oanh 2 (Rừng xưa)》 各 storefront 皆無
✗ [c52] Cinderella《Ang Boyfriend Kong Baduy》 各 storefront 皆無
✗ [c52] Zainal Abidin《Zainal Abidin》 各 storefront 皆無
✗ [c52] Various Artists《Pop Yeh Yeh: Psychedelic Rock From Singapore and Malaysia 1964-1970》 各 storefront 皆無

共 26 張｜ready 2｜有碟無預覽 0｜unavailable 24｜只有淨化版 0
