Koes Plus 《Volume 4》 → noted:0 hits:0
Panbers 《Volume 1》 → noted:1 hits:0
Duo Kribo 《Duo Kribo》 → noted:1 hits:1
Barong's Band 《Barong's Band》 → noted:1 hits:0
Keenan Nasution 《Di Batas Angan Angan》 → noted:1 hits:0
Chrisye 《Badai Pasti Berlalu》 → noted:1 hits:1
Yockie Soerjoprajogo 《Jurang Pemisah》 → noted:1 hits:0
Yockie Soerjoprajogo 《Musik Saya Adalah Saya》 → noted:0 hits:0
Gombloh 《Kebyar Kebyar》 → noted:1 hits:0
Benyamin S. 《Si Djampang》 → noted:0 hits:0
Bubi Chen 《Bubi Chen and His Fabulous 5》 → noted:0 hits:0
Indra Lesmana & Nebula 《No Standing》 → noted:1 hits:0
Karimata 《Pasti》 → noted:0 hits:0
simakDialog 《Baur》 → noted:0 hits:0
Rhoma Irama 《Darah Muda》 → noted:1 hits:0
Rhoma Irama 《Santai》 → noted:1 hits:0
Panbers 《Indonesian City Sound: Panbers Psychedelic Rock and Funk, 1971-1974》 → noted:0 hits:0
Various Artists 《Music of Indonesia, Vol. 20: Indonesian Guitars》 → noted:1 hits:0
Various Artists 《Music from the Morning of the World》 → noted:1 hits:0
Angkanang Kunchai With Ubon-Pattana Band 《Isan Lam Plearn》 → noted:1 hits:0
Various Artists 《Thai? Dai! The Heavier Side of the Luk Thung Underground》 → noted:1 hits:0
Dao Bandon 《Kon Kee Lang Kwai (Man on a Water Buffalo): Essential Dao Bandon》 → noted:1 hits:0
Hoàng Oanh 《Tiếng hát Hoàng Oanh 2 (Rừng xưa)》 → noted:0 hits:1
Cinderella 《Ang Boyfriend Kong Baduy》 → noted:1 hits:0
Zainal Abidin 《Zainal Abidin》 → noted:0 hits:0
Various Artists 《Pop Yeh Yeh: Psychedelic Rock From Singapore and Malaysia 1964-1970》 → noted:0 hits:0

有命中的: 3 ／ 26
