Koes Plus 《Volume 4》 → RG 0｜藝人 0
Panbers 《Volume 1》 → RG 0｜藝人 1
Duo Kribo 《Duo Kribo》 → RG 1｜藝人 0｜Duo Kribo [Album] 1978
Barong's Band 《Barong's Band》 → RG 0｜藝人 1
Keenan Nasution 《Di Batas Angan Angan》 → RG 1｜藝人 0｜Dibatas Angan-Angan [Album] 2015-06-09
Chrisye 《Badai Pasti Berlalu》 → RG 1｜藝人 0｜Badai Pasti Berlalu [Album/Soundtrack] 1977
Yockie Soerjoprajogo 《Jurang Pemisah》 → RG 1｜藝人 0｜Jurang Pemisah [Album] 1977
Yockie Soerjoprajogo 《Musik Saya Adalah Saya》 → RG 0｜藝人 0
Gombloh 《Kebyar Kebyar》 → RG 1｜藝人 0｜Kebyar Kebyar [null] 1979
Benyamin S. 《Si Djampang》 → RG 0｜藝人 0
Bubi Chen 《Bubi Chen and His Fabulous 5》 → RG 0｜藝人 0
Indra Lesmana & Nebula 《No Standing》 → RG 1｜藝人 0｜No Standing [Album] 1984
Karimata 《Pasti》 → RG 0｜藝人 0
simakDialog 《Baur》 → RG 0｜藝人 0
Rhoma Irama 《Darah Muda》 → RG 1｜藝人 0｜Darah Muda [Album] 1975
Rhoma Irama 《Santai》 → RG 1｜藝人 0｜Santai [Album] 1977
Panbers 《Indonesian City Sound: Panbers Psychedelic Rock and Funk, 1971-1974》 → RG 0｜藝人 0
Various Artists 《Music of Indonesia, Vol. 20: Indonesian Guitars》 → RG 1｜藝人 0｜Music of Indonesia 20: Indonesian Guitars [Album/Compilation] 1999-10-19
Various Artists 《Music from the Morning of the World》 → RG 1｜藝人 0｜Music from the Morning of the World [Album/Compilation] 1967
Angkanang Kunchai With Ubon-Pattana Band 《Isan Lam Plearn》 → RG 0｜藝人 1
Various Artists 《Thai? Dai! The Heavier Side of the Luk Thung Underground》 → RG 1｜藝人 0｜Thai? Dai! [Album/Compilation] 2011-01-24
Dao Bandon 《Kon Kee Lang Kwai (Man on a Water Buffalo): Essential Dao Bandon》 → RG 0｜藝人 1
Hoàng Oanh 《Tiếng hát Hoàng Oanh 2 (Rừng xưa)》 → RG 0｜藝人 0
Cinderella 《Ang Boyfriend Kong Baduy》 → RG 0｜藝人 1
Zainal Abidin 《Zainal Abidin》 → RG 0｜藝人 0
Various Artists 《Pop Yeh Yeh: Psychedelic Rock From Singapore and Malaysia 1964-1970》 → RG 0｜藝人 0

有可用 release-group 的: 11 ／ 26
