[a] 坂元輝トリオ 《海を見ていたジョニー》 → caa
[a] 上野好美 《Sea Sound》 → caa
[a] Mitsuaki Katayama Trio 《First Flight》 → caa
[a] Yoshimi Ueno Bestrio 《Live in Otsuchi》 → 無圖
[a] 明田川荘之 《Aketa's Erotical Piano Solo & Grotesque Piano Trio》 → caa
[a] 明田川荘之 《アローン・イン・徳山》 → 無圖
[a] 明田川荘之 《Yamazaki Blues》 → caa
[a] 明田川荘之トリオ 《外はいい天気》 → 無圖
[a] 生活向上委員会 《Live in Masuda》 → 無圖
[a] 生活向上委員会 《生活向上委員会ニューヨーク支部》 → caa
[a] Takashi Miyasaka Quintet 《Soul Tomato》 → caa
[a] 河野康弘 《ローマ・イン・ザ・レイン》 → caa
[a] Yasuhiro Kohno Trio + 1 《Song Of Island》 → caa
[a] Yasuhiro Kohno Trio + 1 《Peace》 → caa
[a] Makoto Terashita 《Topology》 → 無圖
[a] 渋谷毅 《Shibuyan》 → 無圖
[a] 沖至 《幻想ノート》 → caa
[a] Koichi Matsukaze Trio 《At the Room 427》 → caa
[a] 吉沢元治 《割れた鏡 または 化石の鳥》 → 無圖
[a] 阿部薫 《Mort À Crédit》 → caa
[a] 阿部薫 《彗星パルティータ》 → caa
[b] Fumio Itabashi Trio 《Toh》 → caa
[b] 土岐英史 《Sky View》 → caa
[b] 武田和命 《Gentle November》 → 無圖
[b] 森山威男カルテット 《My Dear》 → caa
[b] Moriyama Takeo Percussion Ensemble 《Full Load》 → caa
[b] 古沢良治郎カルテット 《You Wanna Rain》 → 無圖
[b] 安田南 《Some Feeling》 → caa
[b] 辛島文雄 《ピラニア》 → caa
[b] つのだひろと体力バンド 《サマー・サンバ》 → caa
[b] 菅野邦彦 《Opa! Brasil》 → 無圖
[b] Hideto Sasaki, Toshiyuki Sekine Quartet + 1 《Stop Over》 → 無圖
[b] Masao Nakajima Quartet 《Kemo-Sabe》 → caa
[b] 寺川秀保クァルテット 《Introducing Hideyasu Terakawa Quartet Live Featuring Hiroshi Fujii》 → caa
[b] 中村達也 《LOCUS》 → caa
[b] 早坂紗知 & Stir Up 《Free Fight》 → 無圖

c67｜CAA 有圖 24／36｜探測錯誤 0
