✓ [c67] 坂元輝トリオ《海を見ていたジョニー》 jp notExplicit 2011
✗ [c67] 上野好美《Sea Sound》 各 storefront 皆無
✗ [c67] Mitsuaki Katayama Trio《First Flight》 各 storefront 皆無
✗ [c67] Yoshimi Ueno Bestrio《Live in Otsuchi》 各 storefront 皆無
✗ [c67] 明田川荘之《Aketa's Erotical Piano Solo & Grotesque Piano Trio》 各 storefront 皆無
✓ [c67] 明田川荘之《アローン・イン・徳山》 jp notExplicit 2019
✗ [c67] 明田川荘之《Yamazaki Blues》 各 storefront 皆無
✓ [c67] 明田川荘之トリオ《外はいい天気》 jp notExplicit 2019
✗ [c67] 生活向上委員会《Live in Masuda》 各 storefront 皆無
✗ [c67] 生活向上委員会《生活向上委員会ニューヨーク支部》 各 storefront 皆無
✗ [c67] Takashi Miyasaka Quintet《Soul Tomato》 各 storefront 皆無
✓ [c67] 河野康弘《ローマ・イン・ザ・レイン》 jp notExplicit 2019
✓ [c67] Yasuhiro Kohno Trio + 1《Song Of Island》 jp notExplicit 2022
✗ [c67] Yasuhiro Kohno Trio + 1《Peace》 各 storefront 皆無
✓ [c67] Makoto Terashita《Topology》 us notExplicit 1984
✗ [c67] 渋谷毅《Shibuyan》 各 storefront 皆無
✗ [c67] 沖至《幻想ノート》 各 storefront 皆無
✗ [c67] Koichi Matsukaze Trio《At the Room 427》 各 storefront 皆無
✗ [c67] 吉沢元治《割れた鏡 または 化石の鳥》 各 storefront 皆無
✗ [c67] 阿部薫《Mort À Crédit》 各 storefront 皆無
✗ [c67] 阿部薫《彗星パルティータ》 各 storefront 皆無
✓ [c67] Fumio Itabashi Trio《Toh》 jp notExplicit 1976
✗ [c67] 土岐英史《Sky View》 各 storefront 皆無
✗ [c67] 武田和命《Gentle November》 各 storefront 皆無
✓ [c67] 森山威男カルテット《My Dear》 jp notExplicit 2014
✗ [c67] Moriyama Takeo Percussion Ensemble《Full Load》 各 storefront 皆無
✗ [c67] 古沢良治郎カルテット《You Wanna Rain》 各 storefront 皆無
✗ [c67] 安田南《Some Feeling》 各 storefront 皆無
✗ [c67] 辛島文雄《ピラニア》 各 storefront 皆無
✗ [c67] つのだひろと体力バンド《サマー・サンバ》 各 storefront 皆無
✓ [c67] 菅野邦彦《Opa! Brasil》 jp notExplicit 2008
✓ [c67] Hideto Sasaki, Toshiyuki Sekine Quartet + 1《Stop Over》 jp notExplicit 1976
✓ [c67] Masao Nakajima Quartet《Kemo-Sabe》 jp notExplicit 2022
✗ [c67] 寺川秀保クァルテット《Introducing Hideyasu Terakawa Quartet Live Featuring Hiroshi Fujii》 各 storefront 皆無
✓ [c67] 中村達也《LOCUS》 us notExplicit 2023
✓ [c67] 早坂紗知 & Stir Up《Free Fight》 jp notExplicit 2026

共 36 張｜ready 13｜有碟無預覽 0｜unavailable 23｜只有淨化版 0
DONE
