[a] The Roberta Martin Singers 《Prayer Meeting》 → caa
[a] The Pilgrim Travelers 《Look Up!》 → 無圖
[a] The Famous Ward Singers 《Meeting Tonight》 → 無圖
[a] The Famous Ward Singers 《In a Gospel Concert》 → caa
[a] The Highway QC's 《Oh Lord I Pray》 → 無圖
[a] The Argo Singers 《I'll Serve the Lord》 → 無圖
[a] The Argo Singers 《The Soul of the Argo Singers》 → caa
[a] The Southwest Michigan State Choir of the Church of God in Christ 《None but the Pure in Heart》 → 無圖
[a] Jessy Dixon & The Chicago Community Choir 《Jessy Dixon and the Chicago Community Choir》 → caa
[a] The Sunset Travelers 《On Jesus' Program》 → caa
[a] The Harmonizing Four 《Shine on Me》 → 無圖
[a] Rev. Julius Cheeks 《Reverend Julius Cheeks Sings》 → 無圖
[a] The East St. Louis Gospelettes 《Shout for Joy》 → 無圖
[a] The Violinaires 《Groovin' with Jesus》 → caa
[a] Meditation Singers 《Change Is Gonna Come》 → caa
[a] Mattie Moss Clark 《Wonderful Grace of Jesus》 → caa
[a] Shirley Caesar 《Get Up My Brother》 → caa
[b] Reverend Bernard Avant & The St. James Gospel Choir 《Reverend Bernard Avant & The St. James Gospel Choir》 → caa
[b] Sons of Truth 《A Message from the Ghetto》 → caa
[b] Charles May & Annette May Thomas 《Songs Our Father Used to Sing》 → caa
[b] The Loving Sisters 《The Sisters and Their Sons》 → caa
[b] King James Version 《First Time We Met》 → caa
[b] Carl Bean and Universal Love 《All We Need Is Love》 → 無圖
[b] Napoleon Brown & The Southern Sisters 《Yes, I Know the Man》 → 無圖
[b] The Clark Sisters 《Unworthy》 → caa
[b] The Clark Sisters 《Count It All Joy》 → caa
[b] The Crowns of Glory 《God Save the Children》 → caa
[b] The Harmonizing Four 《Working for the Lord》 → 無圖
[b] The Sensational Williams Brothers 《Mama Prayed for Me》 → caa
[b] Spirit of Love 《The Power of Your Love》 → caa
[b] Dorothy Norwood 《He's a Friend》 → 無圖
[b] Rev. Cleophus Robinson 《Saved and Satisfied》 → caa
[b] Twinkie Clark 《Praise Belongs to God》 → 無圖
[b] Mattie Moss Clark 《Make Me That Building Not Made by Hand》 → caa
[b] The Morning Stars of Savannah, Georgia 《I've Been Blessed by the Hands of the Lord》 → 無圖
[b] Myrna Summers 《Come to Jesus Now》 → 無圖
[b] The East St. Louis Gospelettes 《Movin' On Up》 → 無圖

c75｜CAA 有圖 21／37｜探測錯誤 0
