✗ [c75] The Roberta Martin Singers《Prayer Meeting》 各 storefront 皆無
✓ [c75] The Pilgrim Travelers《Look Up!》 us notExplicit 1985
✓ [c75] The Famous Ward Singers《Meeting Tonight》 de notExplicit 1958
✓ [c75] The Famous Ward Singers《In a Gospel Concert》 jp notExplicit 1961
✗ [c75] The Highway QC's《Oh Lord I Pray》 各 storefront 皆無
✗ [c75] The Argo Singers《I'll Serve the Lord》 各 storefront 皆無
✗ [c75] The Argo Singers《The Soul of the Argo Singers》 各 storefront 皆無
✓ [c75] The Southwest Michigan State Choir of the Church of God in Christ《None but the Pure in Heart》 us notExplicit 1964
✗ [c75] Jessy Dixon & The Chicago Community Choir《Jessy Dixon and the Chicago Community Choir》 各 storefront 皆無
✗ [c75] The Sunset Travelers《On Jesus' Program》 各 storefront 皆無
✗ [c75] The Harmonizing Four《Shine on Me》 各 storefront 皆無
✗ [c75] Rev. Julius Cheeks《Reverend Julius Cheeks Sings》 各 storefront 皆無
✗ [c75] The East St. Louis Gospelettes《Shout for Joy》 各 storefront 皆無
✓ [c75] The Violinaires《Groovin' with Jesus》 us notExplicit 1971
✓ [c75] Meditation Singers《Change Is Gonna Come》 us notExplicit 1971
✗ [c75] Mattie Moss Clark《Wonderful Grace of Jesus》 各 storefront 皆無
✗ [c75] Shirley Caesar《Get Up My Brother》 各 storefront 皆無
✓ [c75] Reverend Bernard Avant & The St. James Gospel Choir《Reverend Bernard Avant & The St. James Gospel Choir》 us notExplicit 1972
✓ [c75] Sons of Truth《A Message from the Ghetto》 us notExplicit 1972
✓ [c75] Charles May & Annette May Thomas《Songs Our Father Used to Sing》 us notExplicit 1973
✗ [c75] The Loving Sisters《The Sisters and Their Sons》 各 storefront 皆無
✓ [c75] King James Version《First Time We Met》 us notExplicit 1974
✗ [c75] Carl Bean and Universal Love《All We Need Is Love》 各 storefront 皆無
✓ [c75] Napoleon Brown & The Southern Sisters《Yes, I Know the Man》 us notExplicit 1974
✗ [c75] The Clark Sisters《Unworthy》 各 storefront 皆無
✗ [c75] The Clark Sisters《Count It All Joy》 各 storefront 皆無
✗ [c75] The Crowns of Glory《God Save the Children》 各 storefront 皆無
✓ [c75] The Harmonizing Four《Working for the Lord》 us notExplicit 1996
✓ [c75] The Sensational Williams Brothers《Mama Prayed for Me》 us notExplicit 1977
✓ [c75] Spirit of Love《The Power of Your Love》 us notExplicit 1978
✓ [c75] Dorothy Norwood《He's a Friend》 us notExplicit 1996
✗ [c75] Rev. Cleophus Robinson《Saved and Satisfied》 各 storefront 皆無
✓ [c75] Twinkie Clark《Praise Belongs to God》 ca notExplicit 1979
✗ [c75] Mattie Moss Clark《Make Me That Building Not Made by Hand》 各 storefront 皆無
✓ [c75] The Morning Stars of Savannah, Georgia《I've Been Blessed by the Hands of the Lord》 gb notExplicit 1979
✓ [c75] Myrna Summers《Come to Jesus Now》 us notExplicit 1980
✗ [c75] The East St. Louis Gospelettes《Movin' On Up》 各 storefront 皆無

共 37 張｜ready 18｜有碟無預覽 0｜unavailable 19｜只有淨化版 0
