[a] Korni Grupa 《Korni Grupa》 → caa
[a] YU Grupa 《YU Grupa》 → caa
[a] Smak 《Crna dama》 → caa
[a] Igra Staklenih Perli 《Igra Staklenih Perli》 → caa
[a] Riblja Čorba 《Mrtva priroda》 → caa
[a] Šarlo Akrobata 《Bistriji ili tuplji čovek biva kad...》 → caa
[a] Idoli 《VIS Idoli》 → caa
[a] Idoli 《Odbrana i poslednji dani》 → caa
[a] Električni Orgazam 《Električni orgazam》 → caa
[a] Pekinška Patka 《Plitka poezija》 → caa
[a] Disciplina Kičme 《Sviđa mi se da ti ne bude prijatno》 → 無圖
[a] Katarina II 《Katarina II》 → caa
[a] Ekatarina Velika 《Ekatarina Velika》 → caa
[a] Ekatarina Velika 《S' vetrom uz lice》 → caa
[a] Ekatarina Velika 《Ljubav》 → caa
[a] Partibrejkers 《Partibrejkers》 → caa
[a] Azra 《Azra》 → caa
[a] Azra 《Sunčana strana ulice》 → caa
[a] Azra 《Filigranski pločnici》 → caa
[a] Haustor 《Haustor》 → caa
[a] Haustor 《Treći svijet》 → caa
[a] Haustor 《Bolero》 → caa
[a] Film 《Zona sumraka》 → 無圖
[a] Paraf 《A dan je tako lijepo počeo》 → 無圖
[a] Paraf 《Izleti》 → caa
[a] Buldožer 《Pljuni istini u oči》 → caa
[a] Buldožer 《Zabranjeno plakatirati》 → caa
[a] Pankrti 《Dolgcajt》 → caa
[a] Pankrti 《Državni ljubimci》 → caa
[a] Lačni Franz 《Ikebana》 → caa
[a] Borghesia 《Ljubav je hladnija od smrti》 → caa
[a] Bijelo Dugme 《Kad bi' bio bijelo dugme》 → caa
[a] Bijelo Dugme 《Bitanga i princeza》 → caa
[a] Bijelo Dugme 《Pljuni i zapjevaj moja Jugoslavijo》 → caa
[a] Zabranjeno Pušenje 《Das ist Walter》 → caa
[a] Indexi 《Modra rijeka》 → caa
[a] Plavi Orkestar 《Soldatski bal》 → caa
[a] Leb i Sol 《Leb i sol》 → caa
[a] Leb i Sol 《Ručni rad》 → caa
[a] Leb i Sol 《Beskonačno》 → caa
[a] Šarlo Akrobata / Idoli / Električni Orgazam 《Paket aranžman》 → caa

c54｜CAA 有圖 38／41｜探測錯誤 0
