✗ [c54] Korni Grupa《Korni Grupa》 各 storefront 皆無
~ [c54] YU Grupa《YU Grupa》 hr notExplicit 1973
✗ [c54] Smak《Crna dama》 各 storefront 皆無
✗ [c54] Igra Staklenih Perli《Igra Staklenih Perli》 各 storefront 皆無
~ [c54] Riblja Čorba《Mrtva priroda》 hr notExplicit 1981
~ [c54] Šarlo Akrobata《Bistriji ili tuplji čovek biva kad...》 hr notExplicit 1981
✗ [c54] Idoli《VIS Idoli》 各 storefront 皆無
~ [c54] Idoli《Odbrana i poslednji dani》 hr notExplicit 1982
✗ [c54] Električni Orgazam《Električni orgazam》 各 storefront 皆無
~ [c54] Pekinška Patka《Plitka poezija》 hr notExplicit 1980
✗ [c54] Disciplina Kičme《Sviđa mi se da ti ne bude prijatno》 各 storefront 皆無
✗ [c54] Katarina II《Katarina II》 各 storefront 皆無
~ [c54] Ekatarina Velika《Ekatarina Velika》 hr notExplicit 1985
~ [c54] Ekatarina Velika《S' vetrom uz lice》 hr notExplicit 1986
~ [c54] Ekatarina Velika《Ljubav》 hr notExplicit 1987
✗ [c54] Partibrejkers《Partibrejkers》 各 storefront 皆無
✗ [c54] Azra《Azra》 各 storefront 皆無
✗ [c54] Azra《Sunčana strana ulice》 各 storefront 皆無
✗ [c54] Azra《Filigranski pločnici》 各 storefront 皆無
~ [c54] Haustor《Haustor》 hr notExplicit 1981
~ [c54] Haustor《Treći svijet》 hr notExplicit 1984
✗ [c54] Haustor《Bolero》 各 storefront 皆無
~ [c54] Film《Zona sumraka》 hr notExplicit 1982
✗ [c54] Paraf《A dan je tako lijepo počeo》 各 storefront 皆無
✗ [c54] Paraf《Izleti》 各 storefront 皆無
✗ [c54] Buldožer《Pljuni istini u oči》 各 storefront 皆無
✗ [c54] Buldožer《Zabranjeno plakatirati》 各 storefront 皆無
✗ [c54] Pankrti《Dolgcajt》 各 storefront 皆無
✗ [c54] Pankrti《Državni ljubimci》 各 storefront 皆無
~ [c54] Lačni Franz《Ikebana》 hr notExplicit 1981
~ [c54] Borghesia《Ljubav je hladnija od smrti》 hr notExplicit 1985
~ [c54] Bijelo Dugme《Kad bi' bio bijelo dugme》 hr notExplicit 1974
~ [c54] Bijelo Dugme《Bitanga i princeza》 hr notExplicit 1979
~ [c54] Bijelo Dugme《Pljuni i zapjevaj moja Jugoslavijo》 hr notExplicit 1988
~ [c54] Zabranjeno Pušenje《Das ist Walter》 hr notExplicit 1984
~ [c54] Indexi《Modra rijeka》 hr notExplicit 1978
~ [c54] Plavi Orkestar《Soldatski bal》 hr notExplicit 1985
✗ [c54] Leb i Sol《Leb i sol》 各 storefront 皆無
~ [c54] Leb i Sol《Ručni rad》 hr notExplicit 1979
✗ [c54] Leb i Sol《Beskonačno》 各 storefront 皆無
✗ [c54] Šarlo Akrobata / Idoli / Električni Orgazam《Paket aranžman》 各 storefront 皆無

共 41 張｜ready 0｜有碟無預覽 20｜unavailable 21｜只有淨化版 0
