✗ [c87] 小栗均トリオ《みどりいろの渓流》 各 storefront 皆無
✗ [c87] 板倉克行《海猫の島》 各 storefront 皆無
✗ [c87] 園田まゆみ《午後3時の秋》 各 storefront 皆無
✗ [c87] キングコングパラダイス《あつさもさむさも》 各 storefront 皆無
✗ [c87] 中村ヨシミツ《魂のギター》 各 storefront 皆無
✗ [c87] 平岡睦男とナチュラル・ブギー《ジョニー・マイ・ハウス》 各 storefront 皆無
✗ [c87] 板倉克行トリオ《ハニー・サンバ》 各 storefront 皆無
✗ [c87] リー・ウォンヒーイ＋菊他コージ《グロー》 各 storefront 皆無
✓ [c87] 三上寛・古澤良治郎《職業》 jp notExplicit 2010
✓ [c87] 小田切一巳・トリオ《突撃神風特攻隊》 jp notExplicit 2019
✓ [c87] 初山博《スマイル》 jp notExplicit 2019
✗ [c87] チコ本田《Chiko》 各 storefront 皆無
✗ [c87] 丸山繁雄《A Young Father's Song》 各 storefront 皆無
✗ [c87] 清水末敏メレンゲ《ホット・ケーキ・ミックス》 各 storefront 皆無
✓ [c87] 元岡一英《ドサンコ・ウォーク》 jp notExplicit 2019
✗ [c87] 丸山繁雄《Yu Yu》 各 storefront 皆無
✓ [c87] 沖至《しらさぎ》 jp notExplicit 2003
✓ [c87] 豊住芳三郎《メッセージ・トゥ・シカゴ》 jp notExplicit 2003
✗ [c87] 高木元輝＝加古隆カルテット《パリ日本館コンサート》 各 storefront 皆無
✓ [c87] 渋谷毅《ドリーム》 jp notExplicit 1975
✓ [c87] 中村達也カルテット《ソング・オブ・パット》 jp notExplicit 1999
✓ [c87] Sadayasu Fujii《Prelude to a Kiss》 gb notExplicit 2008
✗ [c87] Kunihiko Sugano《Date in Daté》 各 storefront 皆無
✓ [c87] Kunihiko Sugano《Solo》 us notExplicit 1985
✗ [c87] Takashi Ooi《Good Vibration》 各 storefront 皆無
✗ [c87] Hitoshi Okano《Double Image》 各 storefront 皆無
✗ [c87] Fumio Watanabe Quintet《Groovin' High》 各 storefront 皆無
✗ [c87] Yoshino Yanagihara《Summer Rain》 各 storefront 皆無
✗ [c87] Akira Ohmori《To Be Young and Foolish》 各 storefront 皆無
✗ [c87] Takashi Furuya《Body and Soul》 各 storefront 皆無
✗ [c87] Hidehiko Matsumoto《Hot Jazz》 各 storefront 皆無
✗ [c87] Sumiko Yoseyama《Introducing》 各 storefront 皆無

共 32 張｜ready 10｜有碟無預覽 0｜unavailable 22｜只有淨化版 0
