[a] S.D. Burman 《Guide》 → caa
[a] S.D. Burman 《Bandini》 → caa
[a] S.D. Burman 《Aradhana》 → caa
[a] Shankar Jaikishan 《Shree 420》 → caa
[a] Shankar Jaikishan 《Sangam》 → caa
[a] Shankar Jaikishan 《Mera Naam Joker》 → caa
[a] Naushad 《Baiju Bawra》 → caa
[a] Naushad 《Mother India》 → caa
[a] Naushad 《Mughal-E-Azam》 → caa
[a] O.P. Nayyar 《C.I.D.》 → caa
[a] O.P. Nayyar 《Naya Daur》 → caa
[a] O.P. Nayyar 《Kashmir Ki Kali》 → caa
[a] Madan Mohan 《Mera Saaya》 → caa
[a] Roshan 《Barsaat Ki Raat》 → caa
[a] Salil Chowdhury 《Madhumati》 → caa
[a] Hemant Kumar 《Sahib Bibi Aur Ghulam》 → caa
[a] C. Ramchandra 《Navrang》 → caa
[a] Vasant Desai 《Do Ankhen Barah Haath》 → caa
[a] Laxmikant-Pyarelal 《Amar Akbar Anthony》 → caa
[a] Kalyanji-Anandji 《Qurbani》 → caa
[a] Bappi Lahiri 《Chalte Chalte》 → caa
[b] Ali Akbar Khan 《Sound of the Sarod》 → caa
[b] Vilayat Khan 《The Genius of Vilayat Khan》 → caa
[b] Nikhil Banerjee 《Raga Soheni, Raga Megh》 → caa
[b] Imrat Khan 《Ragas Marva · Sudda Saranga》 → caa
[b] Amjad Ali Khan 《Raga Darbari》 → caa
[b] Ram Narayan 《Sarangi / The Voice of a Hundred Colors》 → caa
[b] Bismillah Khan 《Raga Todi • Mishra Thumri》 → caa
[b] Zia Mohiuddin Dagar 《Rudra Veena Recital》 → caa
[b] Alla Rakha 《Tabla!》 → caa
[b] Amir Khan 《Raga Hansdhwani, Raga Malkauns》 → caa
[b] Bhimsen Joshi 《Ragas Yaman-Kalyan, Multani》 → caa
[b] Mallikarjun Mansur 《Ragas Bahaduri Todi & Gaud Malhar》 → caa
[b] Kishori Amonkar 《Classical Vocal》 → caa
[b] M.S. Subbulakshmi 《Meera Bhajans》 → caa
[b] Ramnad Krishnan 《Vidwan: Music of South India - Songs of the Carnatic Tradition》 → caa
[b] Lalgudi Jayaraman 《Violin Solos of Carnatic Music》 → caa
[b] Satyajit Ray 《Goopy Gyne & Bagha Byne》 → caa
[b] Ghantasala 《Mayabazar》 → 無圖
[b] M.S. Viswanathan 《Apoorva Raagangal》 → 無圖

c66｜CAA 有圖 38／40｜探測錯誤 0
