✗ [c66] S.D. Burman《Guide》 各 storefront 皆無
✗ [c66] S.D. Burman《Bandini》 各 storefront 皆無
✗ [c66] S.D. Burman《Aradhana》 各 storefront 皆無
✗ [c66] Shankar Jaikishan《Shree 420》 各 storefront 皆無
✗ [c66] Shankar Jaikishan《Sangam》 各 storefront 皆無
✗ [c66] Shankar Jaikishan《Mera Naam Joker》 各 storefront 皆無
✗ [c66] Naushad《Baiju Bawra》 各 storefront 皆無
✗ [c66] Naushad《Mother India》 各 storefront 皆無
✗ [c66] Naushad《Mughal-E-Azam》 各 storefront 皆無
✗ [c66] O.P. Nayyar《C.I.D.》 各 storefront 皆無
✗ [c66] O.P. Nayyar《Naya Daur》 各 storefront 皆無
✗ [c66] O.P. Nayyar《Kashmir Ki Kali》 各 storefront 皆無
✗ [c66] Madan Mohan《Mera Saaya》 各 storefront 皆無
✗ [c66] Roshan《Barsaat Ki Raat》 各 storefront 皆無
✗ [c66] Salil Chowdhury《Madhumati》 各 storefront 皆無
✗ [c66] Hemant Kumar《Sahib Bibi Aur Ghulam》 各 storefront 皆無
✗ [c66] C. Ramchandra《Navrang》 各 storefront 皆無
✗ [c66] Vasant Desai《Do Ankhen Barah Haath》 各 storefront 皆無
✓ [c66] Laxmikant-Pyarelal《Amar Akbar Anthony》 in notExplicit 1981
✗ [c66] Kalyanji-Anandji《Qurbani》 各 storefront 皆無
✗ [c66] Bappi Lahiri《Chalte Chalte》 各 storefront 皆無
✗ [c66] Ali Akbar Khan《Sound of the Sarod》 各 storefront 皆無
✗ [c66] Vilayat Khan《The Genius of Vilayat Khan》 各 storefront 皆無
✗ [c66] Nikhil Banerjee《Raga Soheni, Raga Megh》 各 storefront 皆無
✗ [c66] Imrat Khan《Ragas Marva · Sudda Saranga》 各 storefront 皆無
✗ [c66] Amjad Ali Khan《Raga Darbari》 各 storefront 皆無
✗ [c66] Ram Narayan《Sarangi / The Voice of a Hundred Colors》 各 storefront 皆無
✗ [c66] Bismillah Khan《Raga Todi • Mishra Thumri》 各 storefront 皆無
✗ [c66] Zia Mohiuddin Dagar《Rudra Veena Recital》 各 storefront 皆無
✓ [c66] Alla Rakha《Tabla!》 in notExplicit 1991
✗ [c66] Amir Khan《Raga Hansdhwani, Raga Malkauns》 各 storefront 皆無
✗ [c66] Bhimsen Joshi《Ragas Yaman-Kalyan, Multani》 各 storefront 皆無
✗ [c66] Mallikarjun Mansur《Ragas Bahaduri Todi & Gaud Malhar》 各 storefront 皆無
✗ [c66] Kishori Amonkar《Classical Vocal》 各 storefront 皆無
✗ [c66] M.S. Subbulakshmi《Meera Bhajans》 各 storefront 皆無
✓ [c66] Ramnad Krishnan《Vidwan: Music of South India - Songs of the Carnatic Tradition》 in notExplicit 1988
✗ [c66] Lalgudi Jayaraman《Violin Solos of Carnatic Music》 各 storefront 皆無
✗ [c66] Satyajit Ray《Goopy Gyne & Bagha Byne》 各 storefront 皆無
✗ [c66] Ghantasala《Mayabazar》 各 storefront 皆無
✗ [c66] M.S. Viswanathan《Apoorva Raagangal》 各 storefront 皆無

共 40 張｜ready 3｜有碟無預覽 0｜unavailable 37｜只有淨化版 0
