[a] Disco Inferno 《Open Doors / Closed Windows》 → 無圖
[a] Y Cyrff 《Llawenydd Heb Ddiwedd》 → caa
[a] Th' Faith Healers 《Lido》 → caa
[a] Ffa Coffi Pawb 《Hei Vidal!》 → caa
[a] Datblygu 《Libertino》 → caa
[a] Voodoo Queens 《Chocolate Revenge》 → caa
[a] Moonshake 《The Sound Your Eyes Can Follow》 → caa
[a] Gorky's Zygotic Mynci 《Tatay》 → caa
[a] Minxus 《Pabulum》 → caa
[a] Long Fin Killie 《Houdini》 → caa
[a] Prolapse 《backsaturday》 → caa
[a] Jack 《Pioneer Soundtracks》 → caa
[a] Urusei Yatsura 《We Are Urusei Yatsura》 → caa
[a] The Yummy Fur 《Night Club》 → 無圖
[a] Rheinallt H. Rowlands 《Bukowski》 → caa
[a] Ectogram 《I Can't Believe It's Not Reggae!》 → caa
[a] Trembling Blue Stars 《Her Handwriting》 → caa
[a] El Hombre Trajeado 《Skipafone》 → caa
[a] Blueboy 《The Bank of England》 → caa
[a] Harvey Williams 《California》 → caa
[a] Volcano the Bear 《Yak Folks Y'Are》 → caa
[b] Astral Engineering 《Chronoglide》 → caa
[b] Scanner 《Mass Observation》 → caa
[b] The Hafler Trio 《Negentropy》 → 無圖
[b] Freeform 《Elastic Speakers》 → caa
[b] Light 《Turning》 → caa
[b] Amp 《Sirènes》 → caa
[b] Electroscope 《Homemade Electroscope》 → 無圖
[b] Movietone 《Day and Night》 → caa
[b] The Third Eye Foundation 《Ghost》 → caa
[b] Twisted Science 《Blown》 → 無圖
[b] Soundsmith 《Aquanaut》 → 無圖
[b] Metrotone 《The Less You Have, the More You Are》 → caa
[b] Ma Chérie for Painting 《Una Producion Pop》 → caa
[b] Longstone 《Surrounded by Glass》 → 無圖
[b] Alpha Stone 《Elasticated Waveband》 → 無圖
[b] The Freed Unit 《Things Are Looking Up》 → 無圖
[b] Hazard 《North》 → caa
[b] Avrocar 《Cinematography》 → caa
[b] Tånk 《Upwards at 66°N》 → 無圖
[b] Piano Magic 《Low Birth Weight》 → caa
[b] Skyray 《Mind Lagoons》 → caa
[b] The Land of Nod 《Translucent》 → 無圖
[b] Experimental Audio Research 《Pestrepeller》 → 無圖
[b] Rothko 《A Negative for Francis》 → caa

c83｜CAA 有圖 33／45｜探測錯誤 0
