✗ [c83] Disco Inferno《Open Doors / Closed Windows》 各 storefront 皆無
✗ [c83] Y Cyrff《Llawenydd Heb Ddiwedd》 各 storefront 皆無
✓ [c83] Th' Faith Healers《Lido》 gb notExplicit 1992
✓ [c83] Ffa Coffi Pawb《Hei Vidal!》 gb cleaned(只有淨化版) 1992
✗ [c83] Datblygu《Libertino》 各 storefront 皆無
✓ [c83] Voodoo Queens《Chocolate Revenge》 gb notExplicit 1994
✓ [c83] Moonshake《The Sound Your Eyes Can Follow》 gb notExplicit 1994
✗ [c83] Gorky's Zygotic Mynci《Tatay》 各 storefront 皆無
✓ [c83] Minxus《Pabulum》 gb notExplicit 1995
✓ [c83] Long Fin Killie《Houdini》 gb notExplicit 1995
✓ [c83] Prolapse《backsaturday》 gb notExplicit 1996
✓ [c83] Jack《Pioneer Soundtracks》 gb notExplicit 1996
✓ [c83] Urusei Yatsura《We Are Urusei Yatsura》 gb notExplicit 1996
✗ [c83] The Yummy Fur《Night Club》 各 storefront 皆無
✓ [c83] Rheinallt H. Rowlands《Bukowski》 gb notExplicit 1996
✓ [c83] Ectogram《I Can't Believe It's Not Reggae!》 gb notExplicit 1996
✓ [c83] Trembling Blue Stars《Her Handwriting》 gb notExplicit 1996
✗ [c83] El Hombre Trajeado《Skipafone》 各 storefront 皆無
✓ [c83] Blueboy《The Bank of England》 gb notExplicit 1998
✓ [c83] Harvey Williams《California》 gb notExplicit 1999
✓ [c83] Volcano the Bear《Yak Folks Y'Are》 gb notExplicit 1999
✗ [c83] Astral Engineering《Chronoglide》 各 storefront 皆無
✓ [c83] Scanner《Mass Observation》 gb notExplicit 1995
✗ [c83] The Hafler Trio《Negentropy》 各 storefront 皆無
✓ [c83] Freeform《Elastic Speakers》 gb notExplicit 1995
✗ [c83] Light《Turning》 各 storefront 皆無
✓ [c83] Amp《Sirènes》 gb notExplicit 1996
✗ [c83] Electroscope《Homemade Electroscope》 各 storefront 皆無
✓ [c83] Movietone《Day and Night》 gb notExplicit 1997
✓ [c83] The Third Eye Foundation《Ghost》 gb notExplicit 1997
✓ [c83] Twisted Science《Blown》 gb notExplicit 1997
✗ [c83] Soundsmith《Aquanaut》 各 storefront 皆無
✓ [c83] Metrotone《The Less You Have, the More You Are》 gb notExplicit 2000
✗ [c83] Ma Chérie for Painting《Una Producion Pop》 各 storefront 皆無
✓ [c83] Longstone《Surrounded by Glass》 gb notExplicit 1998
✗ [c83] Alpha Stone《Elasticated Waveband》 各 storefront 皆無
✓ [c83] The Freed Unit《Things Are Looking Up》 gb notExplicit 1998
✓ [c83] Hazard《North》 gb notExplicit 1998
✗ [c83] Avrocar《Cinematography》 各 storefront 皆無
✗ [c83] Tånk《Upwards at 66°N》 各 storefront 皆無
✓ [c83] Piano Magic《Low Birth Weight》 gb notExplicit 1999
✗ [c83] Skyray《Mind Lagoons》 各 storefront 皆無
✗ [c83] The Land of Nod《Translucent》 各 storefront 皆無
✓ [c83] Experimental Audio Research《Pestrepeller》 gb notExplicit 2010
✓ [c83] Rothko《A Negative for Francis》 gb notExplicit 1999

共 45 張｜ready 28｜有碟無預覽 0｜unavailable 17｜只有淨化版 1
