[a] The Young Tradition 《Galleries》 → caa
[a] Tony Rose 《Under the Greenwood Tree》 → 無圖
[a] Frankie Armstrong 《Lovely on the Water》 → caa
[a] Louis Killen 《Ballads and Broadsides》 → 無圖
[a] Dave & Toni Arthur 《Hearken to the Witches Rune》 → 無圖
[a] The High Level Ranters 《The Lads of Northumbria》 → 無圖
[a] Mr. Fox 《Mr. Fox》 → 無圖
[a] Ray Fisher 《The Bonny Birdy》 → caa
[a] Simon Finn 《Pass the Distance》 → caa
[a] Mark Fry 《Dreaming With Alice》 → caa
[a] Agincourt 《Fly Away》 → caa
[a] Meic Stevens 《Outlander》 → caa
[a] Ithaca 《A Game for All Who Know》 → caa
[a] Steve Tilston 《An Acoustic Confusion》 → caa
[a] Ed Askew 《Ask the Unicorn》 → caa
[a] Harry Taussig 《Fate Is Only Once》 → caa
[a] Peter Walker 《Rainy Day Raga》 → caa
[a] Tia Blake 《Folksongs & Ballads》 → caa
[a] The Fuzzy Mountain String Band 《The Fuzzy Mountain String Band》 → caa
[a] Tommy Jarrell 《Sail Away Ladies》 → caa
[a] Almeda Riddle 《Ballads and Hymns From the Ozarks》 → 無圖
[a] Various Artists 《Mountain Music of Kentucky》 → caa
[a] Skara Brae 《Skara Brae》 → caa
[a] Tommy Potts 《The Liffey Banks》 → caa
[a] José Afonso 《Cantigas do Maio》 → caa
[a] Mikel Laboa 《Bat-Hiru》 → caa
[a] Daniel Viglietti 《Canciones para el hombre nuevo》 → 無圖
[a] Patricio Manns 《Entre mar y cordillera》 → caa
[b] Charley Patton 《Screamin' and Hollerin' the Blues》 → caa
[b] Bo Carter 《Banana in Your Fruit Basket》 → caa
[b] Frank Stokes 《Creator of the Memphis Blues》 → caa
[b] Memphis Jug Band 《Memphis Jug Band》 → caa
[b] Cannon's Jug Stompers 《The Complete Works: 1927-1930》 → caa
[b] Various Artists 《The Stuff That Dreams Are Made Of》 → 無圖
