[a] The Plastic People of the Universe 《Egon Bondy's Happy Hearts Club Banned》 → caa
[a] The Plastic People of the Universe 《Leading Horses》 → 無圖
[a] Psí vojáci 《Nalej čistého vína, pokrytče》 → 無圖
[a] Marta Kubišová 《Songy a balady》 → caa
[a] Karel Kryl 《Bratříčku, zavírej vrátka》 → caa
[a] Karel Kryl 《Rakovina》 → caa
[a] Karel Kryl 《Karavana mraků》 → caa
[a] Vladimír Mišík 《Vladimír Mišík》 → caa
[a] Blue Effect 《Meditace》 → caa
[a] Blue Effect 《Nová syntéza》 → caa
[a] Michal Prokop & Framus Five 《Město ER》 → caa
[a] Collegium Musicum 《Konvergencie》 → caa
[a] Collegium Musicum 《Continuo》 → caa
[a] Prúdy 《Zvoňte zvonky》 → caa
[a] Omega 《10000 lépés》 → caa
[a] Omega 《Éjszakai országút》 → caa
[a] Omega 《Gammapolis》 → caa
[a] Locomotiv GT 《Locomotiv GT》 → caa
[a] Locomotiv GT 《Ringasd el magad》 → caa
[a] Illés 《Illések és pofonok》 → caa
[a] Metró 《Metro》 → caa
[a] Syrius 《Devil's Masquerade》 → caa
[a] East 《Játékok》 → caa
[a] P. Mobil 《Mobilizmo》 → caa
[a] Koncz Zsuzsa 《Jelbeszéd》 → caa
[a] Cseh Tamás 《Antoine és Désiré》 → caa
[a] Czesław Niemen 《Dziwny jest ten świat》 → caa
[a] Czesław Niemen 《Enigmatic》 → caa
[a] SBB 《Nowy horyzont》 → caa
[a] Breakout 《Blues》 → caa
[a] Marek Grechuta 《Korowód》 → caa
[a] Ewa Demarczyk 《Ewa Demarczyk śpiewa piosenki Zygmunta Koniecznego》 → caa
[a] Klaus Renft Combo 《Renft》 → caa
[a] City 《City》 → caa
[a] Transsylvania Phoenix 《Cei ce ne-au dat nume》 → caa
[a] Transsylvania Phoenix 《Cantofabule》 → caa
