✗ [c56] The Plastic People of the Universe《Egon Bondy's Happy Hearts Club Banned》 各 storefront 皆無
✗ [c56] The Plastic People of the Universe《Leading Horses》 各 storefront 皆無
✗ [c56] Psí vojáci《Nalej čistého vína, pokrytče》 各 storefront 皆無
✓ [c56] Marta Kubišová《Songy a balady》 cz notExplicit 1969
✓ [c56] Karel Kryl《Bratříčku, zavírej vrátka》 hu notExplicit 1969
✗ [c56] Karel Kryl《Rakovina》 各 storefront 皆無
✗ [c56] Karel Kryl《Karavana mraků》 各 storefront 皆無
✗ [c56] Vladimír Mišík《Vladimír Mišík》 各 storefront 皆無
✓ [c56] Blue Effect《Meditace》 cz notExplicit 1970
✗ [c56] Blue Effect《Nová syntéza》 各 storefront 皆無
✓ [c56] Michal Prokop & Framus Five《Město ER》 hu notExplicit 1971
✓ [c56] Collegium Musicum《Konvergencie》 sk notExplicit 1971
✓ [c56] Collegium Musicum《Continuo》 cz notExplicit 1978
✓ [c56] Prúdy《Zvoňte zvonky》 cz notExplicit 1969
✗ [c56] Omega《10000 lépés》 各 storefront 皆無
✗ [c56] Omega《Éjszakai országút》 各 storefront 皆無
✓ [c56] Omega《Gammapolis》 cz notExplicit 1978
✓ [c56] Locomotiv GT《Locomotiv GT》 pl notExplicit 1974
✗ [c56] Locomotiv GT《Ringasd el magad》 各 storefront 皆無
✗ [c56] Illés《Illések és pofonok》 各 storefront 皆無
✗ [c56] Metró《Metro》 各 storefront 皆無
✗ [c56] Syrius《Devil's Masquerade》 各 storefront 皆無
✗ [c56] East《Játékok》 各 storefront 皆無
✗ [c56] P. Mobil《Mobilizmo》 各 storefront 皆無
✗ [c56] Koncz Zsuzsa《Jelbeszéd》 各 storefront 皆無
✗ [c56] Cseh Tamás《Antoine és Désiré》 各 storefront 皆無
✗ [c56] Czesław Niemen《Dziwny jest ten świat》 各 storefront 皆無
✓ [c56] Czesław Niemen《Enigmatic》 cz notExplicit 1970
✓ [c56] SBB《Nowy horyzont》 cz notExplicit 1975
✓ [c56] Breakout《Blues》 cz notExplicit 1971
✗ [c56] Marek Grechuta《Korowód》 各 storefront 皆無
✗ [c56] Ewa Demarczyk《Ewa Demarczyk śpiewa piosenki Zygmunta Koniecznego》 各 storefront 皆無
✗ [c56] Klaus Renft Combo《Renft》 各 storefront 皆無
✗ [c56] City《City》 各 storefront 皆無
✗ [c56] Transsylvania Phoenix《Cei ce ne-au dat nume》 各 storefront 皆無
✗ [c56] Transsylvania Phoenix《Cantofabule》 各 storefront 皆無
✗ [c56] Щурците《20-и Век》 各 storefront 皆無
✗ [c56] ФСБ《Non Stop》 各 storefront 皆無

共 38 張｜ready 12｜有碟無預覽 0｜unavailable 26｜只有淨化版 0
