[a] Pearls Before Swine 《Balaklava》 → caa
[a] Dave Bixby 《Ode to Quetzalcoatl》 → caa
[a] Mistress Mary 《Housewife》 → caa
[a] Wendy & Bonnie 《Genesis》 → caa
[a] Jim Ford 《Harlan County》 → 無圖
[a] Judy Henske & Jerry Yester 《Farewell Aldebaran》 → caa
[a] Deerfield 《Nil Desperandum》 → caa
[a] Vernon Wray 《Wasted》 → caa
[a] Bob Frank 《Bob Frank》 → caa
[a] Dennis the Fox 《Mother Trucker》 → 錯誤 500
[a] Maitreya Kali 《Apache》 → caa
[a] Caroline Peyton 《Mock Up》 → caa
[a] Will Beeley 《Gallivantin'》 → 無圖
[a] Robb Kunkel 《Abyss》 → 無圖
[a] Jim Spencer 《Landscapes》 → caa
[a] Tom Nehls 《I Always Catch the Third Second of a Yellow Light》 → caa
[a] Bill Wilson 《Ever Changing Minstrel》 → caa
[a] Bill Madison 《Sunday Mornin' Hayride》 → caa
[a] Sandy Harless 《Songs》 → caa
[a] Collie Ryan 《The Giving Tree》 → caa
[b] Michael Yonkers 《Grimwood》 → 無圖
[b] Michael Yonkers 《Goodby Sunball》 → caa
[b] Peter Grudzien 《The Unicorn》 → caa
[b] Jim Spencer 《2nd Look》 → caa
[b] Terry Allen 《Juarez》 → caa
[b] George Brigman 《Jungle Rot》 → 無圖
[b] Robert Lester Folsom 《Music and Dreams》 → caa
[b] John Villemonte 《People Like You》 → caa
[b] Gary Wilson 《You Think You Really Know Me》 → caa
[b] Jimmy Carter and Dallas County Green 《Summer Brings the Sunshine》 → caa
[b] Rick Saucedo 《Heaven Was Blue》 → 無圖
[b] Donnie & Joe Emerson 《Dreamin' Wild》 → caa
[b] Terry Allen 《Lubbock (On Everything)》 → caa
[b] Will Beeley 《Passing Dream》 → caa
[b] The Tree People 《The Tree People》 → caa
[b] Allan Wachs 《Mountain Roads & City Streets》 → caa
[b] Richard Crandell 《In the Flower of Our Youth》 → caa
[b] Kenny Knight 《Crossroads》 → caa

c69｜CAA 有圖 31／38｜探測錯誤 1
