✓ [c69] Pearls Before Swine《Balaklava》 us notExplicit 1968
✓ [c69] Dave Bixby《Ode to Quetzalcoatl》 us notExplicit 1969
✓ [c69] Mistress Mary《Housewife》 us notExplicit 2016
✓ [c69] Wendy & Bonnie《Genesis》 us notExplicit 2008
✓ [c69] Jim Ford《Harlan County》 us notExplicit 1969
✓ [c69] Judy Henske & Jerry Yester《Farewell Aldebaran》 us notExplicit 1969
✗ [c69] Deerfield《Nil Desperandum》 各 storefront 皆無
✗ [c69] Vernon Wray《Wasted》 各 storefront 皆無
✓ [c69] Bob Frank《Bob Frank》 us notExplicit 1972
✓ [c69] Dennis the Fox《Mother Trucker》 us notExplicit 2017
✓ [c69] Maitreya Kali《Apache》 us notExplicit 2000
✓ [c69] Caroline Peyton《Mock Up》 us notExplicit 1972
✓ [c69] Will Beeley《Gallivantin'》 us notExplicit 2017
✓ [c69] Robb Kunkel《Abyss》 us notExplicit 2018
✓ [c69] Jim Spencer《Landscapes》 us notExplicit 1973
✓ [c69] Tom Nehls《I Always Catch the Third Second of a Yellow Light》 us notExplicit 2019
✓ [c69] Bill Wilson《Ever Changing Minstrel》 us notExplicit 1973
✓ [c69] Bill Madison《Sunday Mornin' Hayride》 us notExplicit 1973
✓ [c69] Sandy Harless《Songs》 us notExplicit 1973
✓ [c69] Collie Ryan《The Giving Tree》 us notExplicit 1973
✓ [c69] Michael Yonkers《Grimwood》 us notExplicit 2007
✗ [c69] Michael Yonkers《Goodby Sunball》 各 storefront 皆無
✓ [c69] Peter Grudzien《The Unicorn》 us notExplicit 1974
✓ [c69] Jim Spencer《2nd Look》 us notExplicit 1974
✓ [c69] Terry Allen《Juarez》 us notExplicit 1975
✓ [c69] George Brigman《Jungle Rot》 us notExplicit 1975
✓ [c69] Robert Lester Folsom《Music and Dreams》 us notExplicit 1976
✓ [c69] John Villemonte《People Like You》 us notExplicit 1978
✓ [c69] Gary Wilson《You Think You Really Know Me》 us notExplicit 1977
✓ [c69] Jimmy Carter and Dallas County Green《Summer Brings the Sunshine》 us notExplicit 2016
✓ [c69] Rick Saucedo《Heaven Was Blue》 us notExplicit 1978
✓ [c69] Donnie & Joe Emerson《Dreamin' Wild》 us notExplicit 1979
✓ [c69] Terry Allen《Lubbock (On Everything)》 us notExplicit 1979
✓ [c69] Will Beeley《Passing Dream》 us notExplicit 1979
✓ [c69] The Tree People《The Tree People》 us notExplicit 1979
✓ [c69] Allan Wachs《Mountain Roads & City Streets》 us notExplicit 1979
✓ [c69] Richard Crandell《In the Flower of Our Youth》 us notExplicit 2007
✓ [c69] Kenny Knight《Crossroads》 us notExplicit 1980

共 38 張｜ready 35｜有碟無預覽 0｜unavailable 3｜只有淨化版 0
DONE
