[a] Yoshihiro Sawasaki 《Perfumed Garden》 → caa
[a] Blind Light 《The Absence of Time》 → 無圖
[a] AKIO / OKIHIDE 《Scratches》 → caa
[a] Dan Curtin 《Deception》 → caa
[a] Web 《Ivory Tower》 → 無圖
[a] Okihide 《A Boy in Picca Season》 → 無圖
[a] Ura Ura 《.,. (Ten-Chong-Ten)》 → 無圖
[a] Takayuki Shiraishi 《Photon》 → caa
[a] Quadra 《Sketch From a Moment》 → caa
[a] Kagami 《The Broken Sequencer》 → caa
[a] Co-Fusion 《Co-fu》 → caa
[a] Captain Funk 《Tatsuya Oe Presents An Encounter With Captain Funk》 → caa
[a] Max Brennan 《Alien to Whom?》 → caa
[a] Riow Arai 《Circuit '72》 → caa
[a] Cappablack 《The State of the Night》 → 無圖
[a] Riow Arai 《Mind Edit》 → caa
[a] Mfon 《A Day Trip to Chicago》 → 無圖
[a] Andrei Zueff 《Kitchen Works》 → 無圖
[a] Taichi 《Am I》 → caa
[a] Hirofumi Goto 《Geo Rhythm》 → 無圖
[b] 松前公高 《Space Ranch》 → caa
[b] Mind Design 《View From the Edge》 → 無圖
[b] Mushroom Now! 《Traveller's Light》 → 無圖
[b] Interferon 《Seance-Room Music》 → 無圖
[b] Suzukiski 《Waiting》 → 無圖
[b] Palomatic 《Trill》 → 無圖
[b] Nina-Noho 《Ambient Classics 1990-1992》 → caa
[b] Suzukiski 《Kamakura》 → 無圖
[b] Strange Garden 《For Speaker System》 → 無圖
[b] Temdendam Suay 《Sounzer Paranoun (Sound Tracks of Some Films)》 → 無圖
[b] Tagomago 《Flower Instrumental》 → caa
[b] Montage 《Anthropologie》 → 無圖
[b] HAT 《Tokyo - Frankfurt - New York》 → caa
[b] Masaaki Kikuchi 《Formula》 → 無圖
[b] Trio Rakant 《Kokorosususu》 → caa
[b] Nerve Net Noise 《This Island Earth》 → 無圖
[b] Tamaru 《Fuyu ni Katarite》 → 無圖
[b] Tagomago 《Prelude for Afternoon》 → 無圖
[b] Pacific 231 《Tropical Songs Gold》 → caa
[b] World Standard 《Country Gazette》 → caa
[b] 永田一直 《The World of Electronic Sound 4》 → 無圖
[b] Tamaru 《夢の途中》 → 無圖
[b] Inoyama Land 《Music for Myxomycetes》 → caa
[b] Pacific 231 《ミヤシロ》 → 無圖
[b] Toshimaru Nakamura 《No-Input Mixing Board》 → caa

c82｜CAA 有圖 21／45｜探測錯誤 0
