✓ [c82] Yoshihiro Sawasaki《Perfumed Garden》 jp notExplicit 1994
✗ [c82] Blind Light《The Absence of Time》 各 storefront 皆無
✓ [c82] AKIO / OKIHIDE《Scratches》 jp notExplicit 1995
✗ [c82] Dan Curtin《Deception》 各 storefront 皆無
✗ [c82] Web《Ivory Tower》 各 storefront 皆無
✗ [c82] Okihide《A Boy in Picca Season》 各 storefront 皆無
✗ [c82] Ura Ura《.,. (Ten-Chong-Ten)》 各 storefront 皆無
✗ [c82] Takayuki Shiraishi《Photon》 各 storefront 皆無
✓ [c82] Quadra《Sketch From a Moment》 jp notExplicit 2016
✓ [c82] Kagami《The Broken Sequencer》 jp notExplicit 1998
✓ [c82] Co-Fusion《Co-fu》 jp notExplicit 1998
✗ [c82] Captain Funk《Tatsuya Oe Presents An Encounter With Captain Funk》 各 storefront 皆無
✓ [c82] Max Brennan《Alien to Whom?》 jp notExplicit 1998
✓ [c82] Riow Arai《Circuit '72》 jp notExplicit 1998
✗ [c82] Cappablack《The State of the Night》 各 storefront 皆無
✓ [c82] Riow Arai《Mind Edit》 jp notExplicit 1999
✓ [c82] Mfon《A Day Trip to Chicago》 jp notExplicit 1999
✗ [c82] Andrei Zueff《Kitchen Works》 各 storefront 皆無
✗ [c82] Taichi《Am I》 各 storefront 皆無
✓ [c82] Hirofumi Goto《Geo Rhythm》 jp notExplicit 2001
✗ [c82] 松前公高《Space Ranch》 各 storefront 皆無
✗ [c82] Mind Design《View From the Edge》 各 storefront 皆無
✓ [c82] Mushroom Now!《Traveller's Light》 jp notExplicit 2021
✓ [c82] Interferon《Seance-Room Music》 jp notExplicit 1994
✗ [c82] Suzukiski《Waiting》 各 storefront 皆無
✓ [c82] Palomatic《Trill》 jp notExplicit 2011
✗ [c82] Nina-Noho《Ambient Classics 1990-1992》 各 storefront 皆無
✗ [c82] Suzukiski《Kamakura》 各 storefront 皆無
✗ [c82] Strange Garden《For Speaker System》 各 storefront 皆無
✗ [c82] Temdendam Suay《Sounzer Paranoun (Sound Tracks of Some Films)》 各 storefront 皆無
✓ [c82] Tagomago《Flower Instrumental》 jp notExplicit 1996
✗ [c82] Montage《Anthropologie》 各 storefront 皆無
✓ [c82] HAT《Tokyo - Frankfurt - New York》 jp notExplicit 1996
✓ [c82] Masaaki Kikuchi《Formula》 jp notExplicit 1997
✗ [c82] Trio Rakant《Kokorosususu》 各 storefront 皆無
✓ [c82] Nerve Net Noise《This Island Earth》 jp notExplicit 1997
✓ [c82] Tamaru《Fuyu ni Katarite》 jp notExplicit 1997
✗ [c82] Tagomago《Prelude for Afternoon》 各 storefront 皆無
✗ [c82] Pacific 231《Tropical Songs Gold》 各 storefront 皆無
✓ [c82] World Standard《Country Gazette》 jp notExplicit 1997
✓ [c82] 永田一直《The World of Electronic Sound 4》 jp notExplicit 1998
✗ [c82] Tamaru《夢の途中》 各 storefront 皆無
✓ [c82] Inoyama Land《Music for Myxomycetes》 jp notExplicit 2002
✗ [c82] Pacific 231《ミヤシロ》 各 storefront 皆無
✓ [c82] Toshimaru Nakamura《No-Input Mixing Board》 jp notExplicit 2000

共 45 張｜ready 22｜有碟無預覽 0｜unavailable 23｜只有淨化版 0

（Quadra《Sketch From a Moment》為 2026-09-04 主線用 collectionId 直查回補，見 previews.json 該筆的 note。）
