[a] Chris McGregor's Brotherhood of Breath 《Live at Willisau》 → caa
[a] Harry Miller 《Children at Play》 → caa
[a] Mike Osborne Trio 《Border Crossing》 → 無圖
[a] Mike Osborne Trio 《All Night Long (The Willisau Concert)》 → 無圖
[a] Elton Dean's Ninesense 《Oh! For the Edge》 → caa
[a] Elton Dean's Ninesense 《Happy Daze》 → caa
[a] Elton Dean Quartet 《They All Be on This Old Road》 → caa
[a] Hugh Hopper / Elton Dean / Alan Gowen / Dave Sheen 《Rogue Element》 → caa
[a] Blue Notes 《Blue Notes for Mongezi》 → caa
[a] Louis Moholo Octet 《Spirits Rejoice!》 → caa
[a] Chris McGregor 《In His Good Time》 → caa
[a] Keith Tippett's Ark 《Frames (Music for an Imaginary Film)》 → caa
[a] Dudu Pukwana & Spear 《In the Townships》 → caa
[a] Dudu Pukwana 《Diamond Express》 → caa
[a] Chris McGregor's Brotherhood of Breath 《Chris McGregor's Brotherhood of Breath》 → caa
[a] Mike Osborne / Stan Tracey 《Original》 → 無圖
[a] Harry Beckett 《Joy Unlimited》 → caa
[a] Stan Tracey Quartet 《Captain Adventure》 → 無圖
[a] Stan Tracey & Keith Tippett 《TNT》 → 無圖
[a] Mike Westbrook 《Live》 → caa
[a] Lol Coxhill 《Ear of Beholder》 → caa
[a] Julie Tippetts 《Sunset Glow》 → caa
[b] Mike Osborne 《Outback》 → 無圖
[b] John Taylor 《Pause, and Think Again》 → caa
[b] Howard Riley 《Flight》 → 無圖
[b] Graham Collier Music 《Darius》 → 無圖
[b] Graham Collier Music 《Symphony of Scorpions》 → 無圖
[b] Graham Collier 《The Day of the Dead》 → 無圖
[b] Stan Sulzmann 《On Loan with Gratitude》 → caa
[b] Company 《Company 1》 → 無圖
[b] Evan Parker & Paul Lytton 《Collective Calls (Urban) (Two Microphones)》 → caa
[b] Barry Guy / London Jazz Composers Orchestra 《Ode》 → caa
[b] The Music Improvisation Company 《1968-1971》 → caa
[b] Spontaneous Music Ensemble 《Biosystem》 → caa
[b] Kenny Wheeler 《Song for Someone》 → caa
[b] Tony Oxley Quintet 《The Baptised Traveller》 → 無圖
[b] Nigel Coombes / Steve Beresford 《White String's Attached》 → 無圖
[b] Steve Beresford 《The Bath of Surprise》 → 無圖
[b] Peter Cusack 《After Being in Holland for Two Years》 → caa
[b] Amalgam 《Prayer for Peace》 → caa
[b] John Stevens / Trevor Watts / Barry Guy 《No Fear》 → caa
[b] Kathy Stobart 《Arbeia》 → caa
[b] The Alan Skidmore Quintet 《Once Upon a Time....》 → caa
[b] Henry Lowther Band 《Child Song》 → caa
[b] Nucleus 《We'll Talk About It Later》 → caa

c71｜CAA 有圖 31／45｜探測錯誤 0
