✓ [c71] Chris McGregor's Brotherhood of Breath《Live at Willisau》 gb notExplicit 1973
✗ [c71] Harry Miller《Children at Play》 各 storefront 皆無
✗ [c71] Mike Osborne Trio《Border Crossing》 各 storefront 皆無
✗ [c71] Mike Osborne Trio《All Night Long (The Willisau Concert)》 各 storefront 皆無
✗ [c71] Elton Dean's Ninesense《Oh! For the Edge》 各 storefront 皆無
✗ [c71] Elton Dean's Ninesense《Happy Daze》 各 storefront 皆無
✓ [c71] Elton Dean Quartet《They All Be on This Old Road》 gb notExplicit 1977
✗ [c71] Hugh Hopper / Elton Dean / Alan Gowen / Dave Sheen《Rogue Element》 各 storefront 皆無
✗ [c71] Blue Notes《Blue Notes for Mongezi》 各 storefront 皆無
✗ [c71] Louis Moholo Octet《Spirits Rejoice!》 各 storefront 皆無
✗ [c71] Chris McGregor《In His Good Time》 各 storefront 皆無
✗ [c71] Keith Tippett's Ark《Frames (Music for an Imaginary Film)》 各 storefront 皆無
✗ [c71] Dudu Pukwana & Spear《In the Townships》 各 storefront 皆無
✓ [c71] Dudu Pukwana《Diamond Express》 gb notExplicit 1975
✓ [c71] Chris McGregor's Brotherhood of Breath《Chris McGregor's Brotherhood of Breath》 gb notExplicit 1970
✓ [c71] Mike Osborne / Stan Tracey《Original》 gb notExplicit 1973
✗ [c71] Harry Beckett《Joy Unlimited》 各 storefront 皆無
✗ [c71] Stan Tracey Quartet《Captain Adventure》 各 storefront 皆無
✗ [c71] Stan Tracey & Keith Tippett《TNT》 各 storefront 皆無
✗ [c71] Mike Westbrook《Live》 各 storefront 皆無
✓ [c71] Lol Coxhill《Ear of Beholder》 gb notExplicit 1970
✓ [c71] Julie Tippetts《Sunset Glow》 gb notExplicit 1975
✗ [c71] Mike Osborne《Outback》 各 storefront 皆無
✗ [c71] John Taylor《Pause, and Think Again》 各 storefront 皆無
✗ [c71] Howard Riley《Flight》 各 storefront 皆無
✓ [c71] Graham Collier Music《Darius》 gb notExplicit 2000
✓ [c71] Graham Collier Music《Symphony of Scorpions》 gb notExplicit 1977
✓ [c71] Graham Collier《The Day of the Dead》 gb notExplicit 1978
✗ [c71] Stan Sulzmann《On Loan with Gratitude》 各 storefront 皆無
✗ [c71] Company《Company 1》 各 storefront 皆無
✓ [c71] Evan Parker & Paul Lytton《Collective Calls (Urban) (Two Microphones)》 gb notExplicit 1972
✓ [c71] Barry Guy / London Jazz Composers Orchestra《Ode》 gb notExplicit 1972
✗ [c71] The Music Improvisation Company《1968-1971》 各 storefront 皆無
✗ [c71] Spontaneous Music Ensemble《Biosystem》 各 storefront 皆無
✗ [c71] Kenny Wheeler《Song for Someone》 各 storefront 皆無
✓ [c71] Tony Oxley Quintet《The Baptised Traveller》 jp notExplicit 1969
✗ [c71] Nigel Coombes / Steve Beresford《White String's Attached》 各 storefront 皆無
✗ [c71] Steve Beresford《The Bath of Surprise》 各 storefront 皆無
