[a] The Bachs 《Out of the Bachs》 → caa
[a] The Rising Storm 《Calm Before...》 → caa
[a] Music Emporium 《Music Emporium》 → caa
[a] Lazy Smoke 《Corridor of Faces》 → caa
[a] Mystic Siva 《Mystic Siva》 → caa
[a] Fresh Blueberry Pancake 《Heavy》 → caa
[a] Josefus 《Dead Man》 → caa
[a] Randy Holden 《Population II》 → caa
[a] Stone Harbour 《Emerges》 → 無圖
[a] Debris' 《Static Disposal》 → caa
[a] D.R. Hooker 《The Truth》 → caa
[a] Ya Ho Wha 13 《Penetration: An Aquarian Symphony》 → caa
[a] Kenneth Higney 《Attic Demonstration》 → caa
[a] Perry Leopold 《Experiment in Metaphysics》 → caa
[a] Charlie Tweddle 《Fantastic Greatest Hits》 → caa
[a] Michael Angelo 《Michael Angelo》 → caa
[a] Dorothy Carter 《Waillee Waillee》 → caa
[a] Elyse Weinberg 《Elyse》 → 無圖
[a] Yezda Urfa 《Boris》 → caa
[a] Mirthrandir 《For You the Old Women》 → caa
[a] The Plastic Cloud 《The Plastic Cloud》 → caa
[a] Nihilist Spasm Band 《No Record》 → caa
[a] Sloche 《J'un oeil》 → caa
[a] Chrome 《Half Machine Lip Moves》 → caa
[a] Smegma 《Glamour Girl 1941》 → 無圖
[a] MX-80 Sound 《Hard Attack》 → caa
[b] Dark 《Round the Edges》 → caa
[b] Fresh Maggots 《Fresh Maggots》 → caa
[b] Jan Dukes de Grey 《Mice and Rats in the Loft》 → caa
[b] Brainticket 《Cottonwoodhill》 → caa
[b] Sand 《Golem》 → caa
[b] Kalacakra 《Crawling to Lhasa》 → caa
[b] Xhol Caravan 《Electrip》 → caa
[b] Il Balletto di Bronzo 《Ys》 → caa
[b] Semiramis 《Dedicato a Frazz》 → caa
[b] Osanna 《Palepoli》 → caa
[b] Heldon 《Electronique Guerilla》 → caa
[b] Lard Free 《Gilbert Artman's Lard Free》 → caa
[b] Aksak Maboul 《Onze danses pour combattre la migraine》 → caa
[b] Group 1850 《Agemo's Trip to Mother Earth》 → caa
[b] The Outsiders 《C.Q.》 → caa
[b] Träd, Gräs och Stenar 《Träd, Gräs och Stenar》 → caa
[b] Älgarnas Trädgård 《Framtiden är ett svävande skepp, förankrat i forntiden》 → caa
[b] Samla Mammas Manna 《Måltid》 → caa
[b] Pekka Streng & Tasavallan Presidentti 《Magneettimiehen kuolema》 → caa
[b] Coloured Balls 《Ball Power》 → caa
[b] The Human Instinct 《Stoned Guitar》 → caa
[b] Taj Mahal Travellers 《August 1974》 → caa
[b] Tolerance 《Anonym》 → caa

c60｜CAA 有圖 46／49｜探測錯誤 0
