✗ [c60] The Bachs《Out of the Bachs》 各 storefront 皆無
✓ [c60] The Rising Storm《Calm Before...》 us notExplicit 1967
✓ [c60] Music Emporium《Music Emporium》 us notExplicit 1969
✓ [c60] Lazy Smoke《Corridor of Faces》 us notExplicit 1969
✗ [c60] Mystic Siva《Mystic Siva》 各 storefront 皆無
✓ [c60] Fresh Blueberry Pancake《Heavy》 us notExplicit 1971
✓ [c60] Josefus《Dead Man》 us notExplicit 1970
✓ [c60] Randy Holden《Population II》 us notExplicit 1969
✓ [c60] Stone Harbour《Emerges》 us notExplicit 1974
✓ [c60] Debris'《Static Disposal》 us notExplicit 1976
✓ [c60] D.R. Hooker《The Truth》 us notExplicit 1972
✗ [c60] Ya Ho Wha 13《Penetration: An Aquarian Symphony》 各 storefront 皆無
✗ [c60] Kenneth Higney《Attic Demonstration》 各 storefront 皆無
✗ [c60] Perry Leopold《Experiment in Metaphysics》 各 storefront 皆無
✗ [c60] Charlie Tweddle《Fantastic Greatest Hits》 各 storefront 皆無
✓ [c60] Michael Angelo《Michael Angelo》 us notExplicit 1977
✗ [c60] Dorothy Carter《Waillee Waillee》 各 storefront 皆無
✓ [c60] Elyse Weinberg《Elyse》 us notExplicit 1968
✗ [c60] Yezda Urfa《Boris》 各 storefront 皆無
✗ [c60] Mirthrandir《For You the Old Women》 各 storefront 皆無
✓ [c60] The Plastic Cloud《The Plastic Cloud》 us notExplicit 1968
✓ [c60] Nihilist Spasm Band《No Record》 us notExplicit 1968
✗ [c60] Sloche《J'un oeil》 各 storefront 皆無
✗ [c60] Chrome《Half Machine Lip Moves》 各 storefront 皆無
✗ [c60] Smegma《Glamour Girl 1941》 各 storefront 皆無
✓ [c60] MX-80 Sound《Hard Attack》 us notExplicit 1977
✓ [c60] Dark《Round the Edges》 us notExplicit 1972
✓ [c60] Fresh Maggots《Fresh Maggots》 us notExplicit 1971
✗ [c60] Jan Dukes de Grey《Mice and Rats in the Loft》 各 storefront 皆無
✓ [c60] Brainticket《Cottonwoodhill》 us notExplicit 1970
~ [c60] Sand《Golem》 us notExplicit 1974
✓ [c60] Kalacakra《Crawling to Lhasa》 us notExplicit 1972
✓ [c60] Xhol Caravan《Electrip》 us notExplicit 1969
~ [c60] Il Balletto di Bronzo《Ys》 us notExplicit 1972
✗ [c60] Semiramis《Dedicato a Frazz》 各 storefront 皆無
✗ [c60] Osanna《Palepoli》 各 storefront 皆無
✗ [c60] Heldon《Electronique Guerilla》 各 storefront 皆無
✗ [c60] Lard Free《Gilbert Artman's Lard Free》 各 storefront 皆無
✓ [c60] Aksak Maboul《Onze danses pour combattre la migraine》 gb notExplicit 1977
✗ [c60] Group 1850《Agemo's Trip to Mother Earth》 各 storefront 皆無
~ [c60] The Outsiders《C.Q.》 us notExplicit 1968
✓ [c60] Träd, Gräs och Stenar《Träd, Gräs och Stenar》 us notExplicit 1970
✗ [c60] Älgarnas Trädgård《Framtiden är ett svävande skepp, förankrat i forntiden》 各 storefront 皆無
✓ [c60] Samla Mammas Manna《Måltid》 us notExplicit 1970
✗ [c60] Pekka Streng & Tasavallan Presidentti《Magneettimiehen kuolema》 各 storefront 皆無
✗ [c60] Coloured Balls《Ball Power》 各 storefront 皆無
✓ [c60] The Human Instinct《Stoned Guitar》 us notExplicit 1970
✓ [c60] Taj Mahal Travellers《August 1974》 us notExplicit 1974
✗ [c60] Tolerance《Anonym》 各 storefront 皆無

共 49 張｜ready 147｜有碟無預覽 7｜unavailable 149｜只有淨化版 2
