[a] Various Artists 《Woodstock: Music From the Original Soundtrack and More》 → caa
[a] Richard O'Brien 《The Rocky Horror Picture Show》 → caa
[a] Alan Silvestri 《Back to the Future: Original Motion Picture Score》 → caa
[a] James Horner 《Titanic: Music From the Motion Picture》 → caa
[a] Bill Conti 《Rocky: Original Motion Picture Score》 → caa
[a] Marvin Hamlisch 《The Sting: Original Motion Picture Soundtrack》 → caa
[a] Anton Karas 《The Third Man》 → caa
[a] Various Artists 《Midnight Cowboy: Original Motion Picture Score》 → caa
[a] Justin Hurwitz 《La La Land: Original Motion Picture Score》 → caa
[a] Yann Tiersen 《Le Fabuleux Destin d'Amélie Poulain》 → caa
[a] The Dust Brothers 《Fight Club: Original Motion Picture Score》 → caa
[a] Various Artists 《Forrest Gump: The Soundtrack》 → caa
[a] Various Artists 《The Matrix: Music From the Motion Picture》 → caa
[a] Various Artists 《O Brother, Where Art Thou? Music From a Film by Joel Coen & Ethan Coen》 → caa
[a] Various Artists 《Guardians of the Galaxy: Awesome Mix, Vol. 1: Original Motion Picture Soundtrack》 → caa
[a] Various Artists 《The Big Lebowski: Original Motion Picture Soundtrack》 → caa
[a] Various Artists 《Reservoir Dogs: Music From the Original Motion Picture Soundtrack》 → caa
[a] John Williams 《Jurassic Park: Music From the Original Motion Picture Soundtrack》 → caa
[a] Elton John, Tim Rice & Hans Zimmer 《The Lion King: Original Motion Picture Soundtrack》 → caa
[a] Danny Elfman 《Batman: Original Motion Picture Score》 → caa
[a] Hans Zimmer & Lisa Gerrard 《Gladiator: Music From the Motion Picture》 → caa
[a] John Barry 《Dances With Wolves: Original Motion Picture Soundtrack》 → caa
[b] Эдуард Артемьев 《Solaris / The Mirror / Stalker》 → caa
[b] 早坂文雄 《七人の侍 / 羅生門》 → caa
[b] 武満徹 《Film Music by Toru Takemitsu - Volume 1》 → caa
[b] Georges Delerue 《Le Mépris》 → caa
[b] Antoine Duhamel 《Pierrot le Fou / Week-End》 → caa
[b] Zbigniew Preisner 《La Double Vie de Véronique》 → caa
[b] Zbigniew Preisner 《Trois couleurs : Rouge》 → caa
[b] Michael Nyman 《The Draughtsman's Contract》 → caa
[b] Michael Nyman 《Drowning by Numbers》 → caa
[b] Gato Barbieri 《Last Tango in Paris》 → caa
[b] Mihály Víg 《Music From the Film Sátántangó》 → 無圖
[b] Michael Galasso 《In the Mood for Love》 → caa
[b] 趙季平 《Farewell My Concubine》 → caa
[b] 趙季平 《Raise the Red Lantern》 → caa
[b] Alejandro Jodorowsky 《El Topo》 → caa
[b] Various Artists 《Zabriskie Point》 → caa
[b] Giovanni Fusco 《L'Avventura》 → caa
[b] David Lynch & Alan R. Splet 《Eraserhead》 → caa
[b] Angelo Badalamenti 《Mulholland Drive》 → caa
[b] Peer Raben 《Querelle - Ein Pakt mit dem Teufel》 → caa
[b] Various Artists 《Wings of Desire (Der Himmel über Berlin)》 → caa
[b] Zdenek Liska 《Marketa Lazarová Soundtrack》 → caa
[b] François de Roubaix 《Le Samouraï》 → caa

c88｜CAA 有圖 44／45｜探測錯誤 0
