[a] Fred Cockerham, Tommy Jarrell & Oscar Jenkins 《Down to the Cider Mill》 → caa
[a] Fred Cockerham, Tommy Jarrell & Oscar Jenkins 《Back Home in the Blue Ridge》 → caa
[a] Fred Cockerham, Tommy Jarrell & Oscar Jenkins 《Stay All Night... and Don't Go Home》 → caa
[a] Kyle Creed, Bobby Patterson and the Camp Creek Boys 《Blue Ridge Style Square Dance Time》 → caa
[a] Tommy Jarrell, Kyle Creed, Audine Lineberry and Bobby Patterson 《June Apple: Old Time Fiddling & Clawhammer Banjo》 → caa
[a] Kyle Creed 《Liberty》 → caa
[a] Wade Ward 《Uncle Wade》 → caa
[a] Ola Belle Reed 《My Epitaph》 → 無圖
[a] Ola Belle Reed 《Ola Belle Reed》 → 無圖
[a] The Red Clay Ramblers 《Merchants Lunch》 → 無圖
[a] Bob Carlin 《Fiddle Tunes for Clawhammer Banjo》 → 無圖
[a] Benton Flippen 《Old Time, New Times》 → caa
[a] Buddy Thomas 《Kitty Puss》 → caa
[a] Marion Sumner 《Road to Home》 → caa
[a] Uncle Charlie Osborne 《Relics & Treasure》 → caa
[a] Rich Kirby & Michael & Carrie Kline 《They Can't Put It Back...》 → caa
[a] Si Kahn With The Mountain Musicians' Cooperative 《New Wood》 → caa
[a] Highwoods String Band 《Fire on the Mountain》 → caa
[a] Albert Hash & The Whitetop Mountain Band 《Albert Hash & The Whitetop Mountain Band》 → caa
[a] J. T. Perkins 《Just Fine Fiddling》 → caa
[a] The Mountain Ramblers 《Mountain Dance Music From the Blue Ridge》 → caa
[a] Ray & Ina Patterson 《Old Time Ballads and Hymns》 → caa
[a] Lyman Enloe 《Fiddle Tunes I Recall》 → caa
[a] Lily May Ledford 《Gems》 → caa
[a] Highwoods String Band 《Dance All Night》 → caa
[b] Ted Lundy, Bob Paisley and The Southern Mountain Boys 《Slipping Away》 → caa
[b] Ted Lundy, Bob Paisley and The Southern Mountain Boys 《Lovesick and Sorrow》 → caa
[b] Del McCoury 《Livin' on the Mountain》 → caa
[b] Del McCoury 《Our Kind of Grass》 → caa
[b] Don Stover 《Things in Life》 → caa
[b] Country Cooking 《14 Bluegrass Instrumentals》 → caa
[b] Frank Wakefield with Country Cooking 《Frank Wakefield with Country Cooking》 → caa
[b] Buzz Busby and Leon Morris 《Honkytonk Bluegrass》 → caa
[b] Joe Val and The New England Bluegrass Boys 《One Morning in May》 → caa
[b] Tony Trischka 《Bluegrass Light》 → caa
[b] Alan Munde 《The Banjo Kid Picks Again》 → caa
[b] Charlie Moore 《Avery County》 → caa
[b] Red Allen & The Allen Brothers 《Allengrass》 → caa
[b] Jim Eanes 《A Statesman of Bluegrass Music》 → caa
[b] Curly Ray Cline 《Chicken Reel》 → caa
[b] Curly Ray Cline 《Why Me, Ralph?》 → caa
[b] The II Generation 《Head Cleaner》 → caa
[b] Jimmy Arnold 《Strictly Arnold》 → caa
[b] Snuffy Jenkins and the Hired Hands 《Carolina Bluegrass》 → caa

c78｜CAA 有圖 40／44｜探測錯誤 0
