✗ [c78] Fred Cockerham, Tommy Jarrell & Oscar Jenkins《Down to the Cider Mill》 各 storefront 皆無
✗ [c78] Fred Cockerham, Tommy Jarrell & Oscar Jenkins《Back Home in the Blue Ridge》 各 storefront 皆無
✗ [c78] Fred Cockerham, Tommy Jarrell & Oscar Jenkins《Stay All Night... and Don't Go Home》 各 storefront 皆無
✗ [c78] Kyle Creed, Bobby Patterson and the Camp Creek Boys《Blue Ridge Style Square Dance Time》 各 storefront 皆無
✗ [c78] Tommy Jarrell, Kyle Creed, Audine Lineberry and Bobby Patterson《June Apple: Old Time Fiddling & Clawhammer Banjo》 各 storefront 皆無
✗ [c78] Kyle Creed《Liberty》 各 storefront 皆無
✗ [c78] Wade Ward《Uncle Wade》 各 storefront 皆無
✗ [c78] Ola Belle Reed《My Epitaph》 各 storefront 皆無
✓ [c78] Ola Belle Reed《Ola Belle Reed》 us notExplicit 1973
✓ [c78] The Red Clay Ramblers《Merchants Lunch》 us notExplicit 1977
✓ [c78] Bob Carlin《Fiddle Tunes for Clawhammer Banjo》 us notExplicit 1980
✓ [c78] Benton Flippen《Old Time, New Times》 us notExplicit 1994
✗ [c78] Buddy Thomas《Kitty Puss》 各 storefront 皆無
✗ [c78] Marion Sumner《Road to Home》 各 storefront 皆無
✗ [c78] Uncle Charlie Osborne《Relics & Treasure》 各 storefront 皆無
✗ [c78] Rich Kirby & Michael & Carrie Kline《They Can't Put It Back...》 各 storefront 皆無
✓ [c78] Si Kahn With The Mountain Musicians' Cooperative《New Wood》 us notExplicit 1974
✓ [c78] Highwoods String Band《Fire on the Mountain》 us notExplicit 1973
✗ [c78] Albert Hash & The Whitetop Mountain Band《Albert Hash & The Whitetop Mountain Band》 各 storefront 皆無
✗ [c78] J. T. Perkins《Just Fine Fiddling》 各 storefront 皆無
✗ [c78] The Mountain Ramblers《Mountain Dance Music From the Blue Ridge》 各 storefront 皆無
✗ [c78] Ray & Ina Patterson《Old Time Ballads and Hymns》 各 storefront 皆無
✓ [c78] Lyman Enloe《Fiddle Tunes I Recall》 us notExplicit 1993
✗ [c78] Lily May Ledford《Gems》 各 storefront 皆無
✗ [c78] Highwoods String Band《Dance All Night》 各 storefront 皆無
✗ [c78] Ted Lundy, Bob Paisley and The Southern Mountain Boys《Slipping Away》 各 storefront 皆無
✗ [c78] Ted Lundy, Bob Paisley and The Southern Mountain Boys《Lovesick and Sorrow》 各 storefront 皆無
✓ [c78] Del McCoury《Livin' on the Mountain》 us notExplicit 1971
✗ [c78] Del McCoury《Our Kind of Grass》 各 storefront 皆無
✓ [c78] Don Stover《Things in Life》 us notExplicit 1972
✗ [c78] Country Cooking《14 Bluegrass Instrumentals》 各 storefront 皆無
✗ [c78] Frank Wakefield with Country Cooking《Frank Wakefield with Country Cooking》 各 storefront 皆無
✗ [c78] Buzz Busby and Leon Morris《Honkytonk Bluegrass》 各 storefront 皆無
✓ [c78] Joe Val and The New England Bluegrass Boys《One Morning in May》 us notExplicit 1971
✗ [c78] Tony Trischka《Bluegrass Light》 各 storefront 皆無
✗ [c78] Alan Munde《The Banjo Kid Picks Again》 各 storefront 皆無
✓ [c78] Charlie Moore《Avery County》 us notExplicit 1979
✗ [c78] Red Allen & The Allen Brothers《Allengrass》 各 storefront 皆無
✓ [c78] Jim Eanes《A Statesman of Bluegrass Music》 us notExplicit 1971
✓ [c78] Curly Ray Cline《Chicken Reel》 us notExplicit 1971
✗ [c78] Curly Ray Cline《Why Me, Ralph?》 各 storefront 皆無
✗ [c78] The II Generation《Head Cleaner》 各 storefront 皆無
✓ [c78] Jimmy Arnold《Strictly Arnold》 us notExplicit 1974
✗ [c78] Snuffy Jenkins and the Hired Hands《Carolina Bluegrass》 各 storefront 皆無

共 44 張｜ready 14｜有碟無預覽 0｜unavailable 30｜只有淨化版 0
