[a] Third Quadrant 《Voyage to Pluto》 → caa
[a] Third Quadrant 《N = R* FP NE FL FI FC L》 → caa
[a] Third Quadrant 《Seeing Yourself as You Really Are》 → caa
[a] Quasar 《Fire in the Sky》 → caa
[a] Airbridge 《Paradise Moves》 → caa
[a] Protos 《One Day A New Horizon》 → caa
[a] Voltz 《Knight's Fall》 → caa
[a] Red Summer 《Release》 → caa
[a] A Band Called Doris 《Gypsy Lady》 → 無圖
[a] Haze 《The Cellar Tapes》 → caa
[a] Treatment 《Intensive》 → 無圖
[a] The Enid 《Something Wicked This Way Comes》 → caa
[a] National Health 《D.S. al Coda》 → caa
[a] Nic Potter & Guy Evans 《The Long Hello Volume Two》 → caa
[a] Peter Hammill 《A Black Box》 → caa
[a] Peter Hammill 《Loops & Reels》 → caa
[a] Mother Gong 《Robot Woman》 → caa
[a] Robert Calvert 《Hype》 → caa
[a] Gothique 《Face of Ages》 → 無圖
[b] Solstice 《Silent Dance》 → caa
[b] Haze 《C'est la vie》 → caa
[b] Castanarc 《Journey to the East》 → caa
[b] Abel Ganz 《Gratuitous Flash》 → caa
[b] Abel Ganz 《Gullibles Travels》 → caa
[b] Mach One 《Lost for Words》 → 無圖
[b] Mach One 《...And There'll Be a Space》 → 無圖
[b] Geoff Mann 《I May Sing Grace》 → caa
[b] Geoff Mann 《Chants Would Be a Fine Thing》 → caa
[b] Geoff Mann 《Psalm Enchanted Evening》 → caa
[b] The Enid 《The Stand》 → caa
[b] The Enid 《The Spell》 → caa
[b] Multi-Story 《Chimes》 → caa
[b] Multi-Story 《East West》 → caa
[b] Treatment 《The World of Treatment》 → 無圖
[b] Robert Calvert 《Freq》 → caa
[b] Robert Calvert 《Test-Tube Conceived》 → caa
[b] Paul Roland 《Burnt Orchids》 → caa
[b] Nic Potter 《Mountain Music》 → caa
[b] Nic Potter 《Sketches in Sound》 → caa

c80｜CAA 有圖 33／39｜探測錯誤 0
