✗ [c80] Third Quadrant《Voyage to Pluto》 各 storefront 皆無
✗ [c80] Third Quadrant《N = R* FP NE FL FI FC L》 各 storefront 皆無
✗ [c80] Third Quadrant《Seeing Yourself as You Really Are》 各 storefront 皆無
✓ [c80] Quasar《Fire in the Sky》 gb notExplicit 1982
✗ [c80] Airbridge《Paradise Moves》 各 storefront 皆無
✓ [c80] Protos《One Day A New Horizon》 gb notExplicit 2006
✓ [c80] Voltz《Knight's Fall》 gb notExplicit 1980
✓ [c80] Red Summer《Release》 gb notExplicit 1982
✗ [c80] A Band Called Doris《Gypsy Lady》 各 storefront 皆無
✗ [c80] Haze《The Cellar Tapes》 各 storefront 皆無
✗ [c80] Treatment《Intensive》 各 storefront 皆無
✓ [c80] The Enid《Something Wicked This Way Comes》 gb notExplicit 1983
✗ [c80] National Health《D.S. al Coda》 各 storefront 皆無
✓ [c80] Nic Potter & Guy Evans《The Long Hello Volume Two》 gb notExplicit 1981
✓ [c80] Peter Hammill《A Black Box》 gb notExplicit 1980
✓ [c80] Peter Hammill《Loops & Reels》 gb notExplicit 1983
✗ [c80] Mother Gong《Robot Woman》 各 storefront 皆無
✓ [c80] Robert Calvert《Hype》 gb notExplicit 1981
✗ [c80] Gothique《Face of Ages》 各 storefront 皆無
✗ [c80] Solstice《Silent Dance》 各 storefront 皆無
✗ [c80] Haze《C'est la vie》 各 storefront 皆無
✓ [c80] Castanarc《Journey to the East》 gb notExplicit 2017
✗ [c80] Abel Ganz《Gratuitous Flash》 各 storefront 皆無
✗ [c80] Abel Ganz《Gullibles Travels》 各 storefront 皆無
✗ [c80] Mach One《Lost for Words》 各 storefront 皆無
✗ [c80] Mach One《...And There'll Be a Space》 各 storefront 皆無
✗ [c80] Geoff Mann《I May Sing Grace》 各 storefront 皆無
✗ [c80] Geoff Mann《Chants Would Be a Fine Thing》 各 storefront 皆無
✗ [c80] Geoff Mann《Psalm Enchanted Evening》 各 storefront 皆無
✗ [c80] The Enid《The Stand》 各 storefront 皆無
✓ [c80] The Enid《The Spell》 gb notExplicit 1984
✗ [c80] Multi-Story《Chimes》 各 storefront 皆無
✓ [c80] Multi-Story《East West》 gb notExplicit 1985
✗ [c80] Treatment《The World of Treatment》 各 storefront 皆無
✓ [c80] Robert Calvert《Freq》 gb notExplicit 1984
✓ [c80] Robert Calvert《Test-Tube Conceived》 us notExplicit 1986
✗ [c80] Paul Roland《Burnt Orchids》 各 storefront 皆無
✓ [c80] Nic Potter《Mountain Music》 gb notExplicit 1984
✗ [c80] Nic Potter《Sketches in Sound》 各 storefront 皆無

共 39 張｜ready 15｜有碟無預覽 0｜unavailable 24｜只有淨化版 0
