[a] Refrigerator 《How You Continue Dreaming》 → caa
[a] The Mountain Goats 《The Hound Chronicles》 → caa
[a] The Mountain Goats 《Hot Garden Stomp》 → caa
[a] The Mountain Goats 《Nothing for Juice》 → caa
[a] Linda Smith 《Nothing Else Matters》 → caa
[a] East River Pipe 《Shining Hours in a Can》 → caa
[a] Dump 《That Skinny Motherfucker With the High Voice?》 → caa
[a] Soul-Junk 《1950》 → caa
[a] Franklin Bruno 《A Bedroom Community》 → caa
[a] Nothing Painted Blue 《Placeholders》 → 無圖
[a] John Davis 《Blue Mountains》 → caa
[a] Charlie McAlister 《Mississippi Luau》 → caa
[a] Wckr Spgt 《CRTV》 → 無圖
[a] Charalambides 《Union》 → caa
[a] Strapping Fieldhands 《Discus》 → caa
[a] Temple of Bon Matin 《Thunder Feedback Confusion》 → 無圖
[a] Brother JT 《Music for the Other Head》 → caa
[a] The Tower Recordings 《Furniture Music for Evening Shuttles》 → caa
[a] The Yips 《Bonfire in a Dixie Cup》 → 無圖
[a] Alan Licht 《Sink the Aging Process》 → 無圖
[a] The Secret Stars 《Genealogies》 → caa
[a] Simon Joyner 《The Cowardly Traveller Pays His Toll》 → caa
[b] Eggs 《Bruiser》 → 無圖
[b] Grenadine 《Goya》 → 無圖
[b] Grenadine 《Nopalitos》 → caa
[b] Versus 《The Stars Are Insane》 → caa
[b] Tuscadero 《The Pink Album》 → caa
[b] Blast Off Country Style 《Rainbow Mayonnaise Deluxe》 → 無圖
[b] Air Miami 《Me. Me. Me.》 → caa
[b] Tsunami 《Deep End》 → caa
[b] Scrawl 《Velvet Hammer》 → caa
[b] Retsin 《Egg Fusion》 → 無圖
[b] Ida 《Tales of Brave Ida》 → caa
[b] Danielle Howle 《About to Burst》 → caa
[b] The Raymond Brake 《Piles of Dirty Winters》 → caa
[b] The Mommyheads 《Coming Into Beauty》 → 無圖
[b] Late! 《Pocketwatch》 → caa
[b] Wimp Factor 14 《Ankle Deep》 → 無圖
[b] Crayon 《Brick Factory》 → caa
[b] Vehicle Flips 《In Action》 → 無圖
[b] Tullycraft 《Old Traditions, New Standards》 → caa
[b] Allen Clapp and His Orchestra 《One Hundred Percent Chance of Rain》 → 無圖
[b] Lorelei 《Everyone Must Touch the Stove》 → caa
[b] Henry's Dress 《Bust 'em Green》 → 無圖

c84｜CAA 有圖 30／44｜探測錯誤 0
