✓ [c84] Refrigerator《How You Continue Dreaming》 us notExplicit 1995
✗ [c84] The Mountain Goats《The Hound Chronicles》 各 storefront 皆無
✗ [c84] The Mountain Goats《Hot Garden Stomp》 各 storefront 皆無
✓ [c84] The Mountain Goats《Nothing for Juice》 us notExplicit 1996
✓ [c84] Linda Smith《Nothing Else Matters》 us notExplicit 2024
✓ [c84] East River Pipe《Shining Hours in a Can》 us notExplicit 2002
✗ [c84] Dump《That Skinny Motherfucker With the High Voice?》 各 storefront 皆無
✓ [c84] Soul-Junk《1950》 us notExplicit 1995
✓ [c84] Franklin Bruno《A Bedroom Community》 us notExplicit 1995
✓ [c84] Nothing Painted Blue《Placeholders》 us notExplicit 1994
✓ [c84] John Davis《Blue Mountains》 us notExplicit 1997
✓ [c84] Charlie McAlister《Mississippi Luau》 us notExplicit 2018
✗ [c84] Wckr Spgt《CRTV》 各 storefront 皆無
✗ [c84] Charalambides《Union》 各 storefront 皆無
✓ [c84] Strapping Fieldhands《Discus》 us notExplicit 1993
✗ [c84] Temple of Bon Matin《Thunder Feedback Confusion》 各 storefront 皆無
✓ [c84] Brother JT《Music for the Other Head》 gb notExplicit 1996
✗ [c84] The Tower Recordings《Furniture Music for Evening Shuttles》 各 storefront 皆無
✓ [c84] The Yips《Bonfire in a Dixie Cup》 us notExplicit 1995
✗ [c84] Alan Licht《Sink the Aging Process》 各 storefront 皆無
✓ [c84] The Secret Stars《Genealogies》 us notExplicit 1998
✓ [c84] Simon Joyner《The Cowardly Traveller Pays His Toll》 us notExplicit 1994
✓ [c84] Eggs《Bruiser》 us notExplicit 1992
✗ [c84] Grenadine《Goya》 各 storefront 皆無
✓ [c84] Grenadine《Nopalitos》 us notExplicit 1994
✓ [c84] Versus《The Stars Are Insane》 us notExplicit 1994
✓ [c84] Tuscadero《The Pink Album》 us notExplicit 1994
✓ [c84] Blast Off Country Style《Rainbow Mayonnaise Deluxe》 us notExplicit 1994
✗ [c84] Air Miami《Me. Me. Me.》 各 storefront 皆無
✓ [c84] Tsunami《Deep End》 us notExplicit 1992
✓ [c84] Scrawl《Velvet Hammer》 us notExplicit 1993
✗ [c84] Retsin《Egg Fusion》 各 storefront 皆無
✓ [c84] Ida《Tales of Brave Ida》 us notExplicit 1994
✗ [c84] Danielle Howle《About to Burst》 各 storefront 皆無
✗ [c84] The Raymond Brake《Piles of Dirty Winters》 各 storefront 皆無
✓ [c84] The Mommyheads《Coming Into Beauty》 us notExplicit 1991
✗ [c84] Late!《Pocketwatch》 各 storefront 皆無
✓ [c84] Wimp Factor 14《Ankle Deep》 us notExplicit 1993
✗ [c84] Crayon《Brick Factory》 各 storefront 皆無
✓ [c84] Vehicle Flips《In Action》 us notExplicit 1995
✓ [c84] Tullycraft《Old Traditions, New Standards》 us notExplicit 2000
✓ [c84] Allen Clapp and His Orchestra《One Hundred Percent Chance of Rain》 us notExplicit 1994
✓ [c84] Lorelei《Everyone Must Touch the Stove》 us notExplicit 1995
✗ [c84] Henry's Dress《Bust 'em Green》 各 storefront 皆無

共 44 張｜ready 28｜有碟無預覽 0｜unavailable 16｜只有淨化版 0
