[a] Μάρκος Βαμβακάρης 《Bouzouki Pioneer, 1932-1940》 → caa
[a] Μάρκος Βαμβακάρης / Στράτος Παγιουμτζής 《Ζωντανή ηχογράφηση στου «Βρανά» την άνοιξη του 1961》 → 無圖
[a] Βασίλης Τσιτσάνης 《Η Συναυλία Του Τσιτσάνη Στο Ηράκλειο Κρήτης》 → 無圖
[a] Ρόζα Εσκενάζυ 《Rembétissa》 → 無圖
[a] Ρίτα Αμπατζή 《I'm Burning, I'm Burning》 → caa
[a] Μαρίκα Παπαγκίκα 《Greek Popular and Rebetic Music in New York, 1918-1929》 → caa
[a] Σωτηρία Μπέλλου 《Τα ρεμπέτικα της Σωτηρίας Μπέλλου》 → caa
[a] Σωτηρία Μπέλλου 《Η Σωτηρία Μπέλλου τραγουδά Βασίλη Τσιτσάνη》 → 無圖
[a] Αντώνης Νταλγκάς 《Andonios Dhiamandidhis 1928-1933》 → caa
[a] Γιώργος Μητσάκης 《Διπλοπενιές και αναμνήσεις》 → caa
[a] Απόστολος Καλδάρας 《Μικρά Ασία》 → caa
[a] Various Artists 《Greek-Oriental Rebetica (Songs and Dances In The Asia Minor Style - The Golden Years: 1911-1937)》 → caa
[a] Various Artists 《Mourmoúrika: Songs of the Greek Underworld (1930-1955)》 → 無圖
[a] Various Artists 《Greek Rhapsody: Instrumental Music from Greece 1905-1956》 → caa
[a] Μίκης Θεοδωράκης 《Ρωμιοσύνη》 → caa
[a] Μίκης Θεοδωράκης & Μαρία Φαραντούρη 《Μαουτχάουζεν / Έξι τραγούδια》 → caa
[a] Μάνος Χατζιδάκις 《Ο μεγάλος ερωτικός》 → caa
[a] Μάνος Χατζιδάκις 《Οδός Ονείρων》 → caa
[a] Σταύρος Ξαρχάκος 《Ρεμπέτικο》 → caa
[a] Σταύρος Ξαρχάκος 《Ένα μεσημέρι》 → caa
[a] Γιάννης Μαρκόπουλος & Νίκος Ξυλούρης 《Ριζίτικα》 → caa
[a] Γιάννης Μαρκόπουλος 《Θητεία》 → caa
[a] Δήμος Μούτσης 《Τετραλογία》 → caa
[a] Θάνος Μικρούτσικος 《Ο Σταυρός του Νότου》 → caa
[a] Aphrodite's Child 《666》 → caa
[a] Aphrodite's Child 《It's Five O'Clock》 → caa
[a] Socrates Drank the Conium 《Phos》 → caa
[a] Socrates Drank the Conium 《Taste of Conium》 → caa
[a] Poll 《Άνθρωπε》 → caa
[a] Ακρίτας 《Ακρίτας》 → caa
[a] Νίκος Μαμαγκάκης 《Σκλάβοι πολιορκημένοι》 → caa
[a] Διονύσης Σαββόπουλος 《Μπάλλος》 → caa
[a] Λένα Πλάτωνος 《Μάσκες ηλίου》 → caa
[a] Στέλιος Καζαντζίδης 《Υπάρχω》 → 無圖
[a] Στέλιος Καζαντζίδης 《Νυχτερίδες κι αράχνες》 → 無圖
[a] Γιώργος Νταλάρας 《50 χρόνια ρεμπέτικο τραγούδι》 → caa
[a] Βίκυ Μοσχολιού 《Το τραμ το τελευταίο και άλλα αρχοντορεμπέτικα》 → caa
[a] Νίκος Ξυλούρης 《Ερωτόκριτος》 → caa

c62｜CAA 有圖 31／38｜探測錯誤 0
