✗ [c62] Μάρκος Βαμβακάρης《Bouzouki Pioneer, 1932-1940》 各 storefront 皆無
✗ [c62] Μάρκος Βαμβακάρης / Στράτος Παγιουμτζής《Ζωντανή ηχογράφηση στου «Βρανά» την άνοιξη του 1961》 各 storefront 皆無
✗ [c62] Βασίλης Τσιτσάνης《Η Συναυλία Του Τσιτσάνη Στο Ηράκλειο Κρήτης》 各 storefront 皆無
✓ [c62] Ρόζα Εσκενάζυ《Rembétissa》 gr notExplicit 1996
✗ [c62] Ρίτα Αμπατζή《I'm Burning, I'm Burning》 各 storefront 皆無
✗ [c62] Μαρίκα Παπαγκίκα《Greek Popular and Rebetic Music in New York, 1918-1929》 各 storefront 皆無
✗ [c62] Σωτηρία Μπέλλου《Τα ρεμπέτικα της Σωτηρίας Μπέλλου》 各 storefront 皆無
✗ [c62] Σωτηρία Μπέλλου《Η Σωτηρία Μπέλλου τραγουδά Βασίλη Τσιτσάνη》 各 storefront 皆無
✗ [c62] Αντώνης Νταλγκάς《Andonios Dhiamandidhis 1928-1933》 各 storefront 皆無
✗ [c62] Γιώργος Μητσάκης《Διπλοπενιές και αναμνήσεις》 各 storefront 皆無
✗ [c62] Απόστολος Καλδάρας《Μικρά Ασία》 各 storefront 皆無
✗ [c62] Various Artists《Greek-Oriental Rebetica (Songs and Dances In The Asia Minor Style - The Golden Years: 1911-1937)》 各 storefront 皆無
✗ [c62] Various Artists《Mourmoúrika: Songs of the Greek Underworld (1930-1955)》 各 storefront 皆無
✓ [c62] Various Artists《Greek Rhapsody: Instrumental Music from Greece 1905-1956》 gr notExplicit 2013
✓ [c62] Μίκης Θεοδωράκης《Ρωμιοσύνη》 gr notExplicit 1966
✗ [c62] Μίκης Θεοδωράκης & Μαρία Φαραντούρη《Μαουτχάουζεν / Έξι τραγούδια》 各 storefront 皆無
✗ [c62] Μάνος Χατζιδάκις《Ο μεγάλος ερωτικός》 各 storefront 皆無
✗ [c62] Μάνος Χατζιδάκις《Οδός Ονείρων》 各 storefront 皆無
✗ [c62] Σταύρος Ξαρχάκος《Ρεμπέτικο》 各 storefront 皆無
✓ [c62] Σταύρος Ξαρχάκος《Ένα μεσημέρι》 gr notExplicit 1966
✓ [c62] Γιάννης Μαρκόπουλος & Νίκος Ξυλούρης《Ριζίτικα》 gr notExplicit 2011
✓ [c62] Γιάννης Μαρκόπουλος《Θητεία》 gr notExplicit 2013
✓ [c62] Δήμος Μούτσης《Τετραλογία》 gr notExplicit 1975
✗ [c62] Θάνος Μικρούτσικος《Ο Σταυρός του Νότου》 各 storefront 皆無
✓ [c62] Aphrodite's Child《666》 gr notExplicit 1971
✓ [c62] Aphrodite's Child《It's Five O'Clock》 gr notExplicit 1969
✓ [c62] Socrates Drank the Conium《Phos》 gr notExplicit 2008
✗ [c62] Socrates Drank the Conium《Taste of Conium》 各 storefront 皆無
✓ [c62] Poll《Άνθρωπε》 gr notExplicit 1971
✓ [c62] Ακρίτας《Ακρίτας》 gr notExplicit 1994
