[a] Spherical Objects 《Past and Parcel》 → caa
[a] The Passage 《Pindrop》 → 無圖
[a] Grow-Up 《The Best Thing》 → 無圖
[a] Indiscreet Music 《Dubious Collaberations》 → caa
[a] Maximum Joy 《Station M.X.J.Y.》 → caa
[a] The Diagram Brothers 《Some Marvels of Modern Science》 → 無圖
[a] Ludus 《The Seduction》 → caa
[a] The Deep Freeze Mice 《My Geraniums Are Bulletproof》 → caa
[a] The Deep Freeze Mice 《Teenage Head in My Refrigerator》 → caa
[a] The Door and the Window 《Detailed Twang》 → 無圖
[a] Androids of Mu 《Blood Robots》 → caa
[a] Metabolist 《Hansten Klork》 → 無圖
[a] Family Fodder 《Monkey Banana Kitchen》 → caa
[a] The Cravats 《In Toytown》 → caa
[a] The Astronauts 《Peter Pan Hits the Suburbs》 → caa
[a] The Lines 《Therapy》 → 無圖
[a] L. Voag 《The Way Out》 → 無圖
[a] Lemon Kittens 《We Buy a Hammer for Daddy》 → caa
[a] Alternative TV 《Vibing Up the Senile Man (Part One)》 → caa
[a] The Work 《Slow Crimes》 → caa
[a] Various Artists 《Bouquet of Steel》 → caa
[b] Andrew Cox 《Arioch》 → caa
[b] Andrew Cox 《Hydra》 → caa
[b] MFH 《Ground Zero》 → caa
[b] Paul Nagle 《The Soft Room》 → caa
[b] Storm Bugs 《A Safe Substitute》 → caa
[b] Nocturnal Emissions 《Fruiting Body》 → 無圖
[b] Clock DVA 《White Souls in Black Suits》 → 錯誤 500
[b] Bladder Flask 《One Day I Was So Sad That the Corners of My Mouth Met & Everybody Thought I Was Whistling》 → caa
[b] The Legendary Pink Dots 《Brighter Now》 → caa
[b] The Legendary Pink Dots 《Curse》 → caa
[b] Portion Control 《I Staggered Mentally》 → caa
[b] The Living Daylights 《Any Way You Want》 → caa
[b] Attrition 《Death House》 → caa
[b] Attrition 《The Attrition of Reason》 → caa
[b] we·be·echo 《Ceza·Evi》 → caa
[b] Bourbonese Qualk 《Laughing Afternoon》 → caa
[b] Muslimgauze 《Buddhist on Fire》 → caa
[b] Zoviet France 《Norsch》 → caa
[b] Sema 《Notes From Underground》 → caa
[b] Metgumbnerbone 《Ligeliahorn》 → caa
[b] Hula 《Cut From Inside》 → caa
[b] Danielle Dax 《Pop-Eyes》 → caa

c77｜CAA 有圖 34／43｜探測錯誤 1
