✗ [c77] Spherical Objects《Past and Parcel》 各 storefront 皆無
✓ [c77] The Passage《Pindrop》 gb notExplicit 1980
✗ [c77] Grow-Up《The Best Thing》 各 storefront 皆無
✗ [c77] Indiscreet Music《Dubious Collaberations》 各 storefront 皆無
✗ [c77] Maximum Joy《Station M.X.J.Y.》 各 storefront 皆無
✓ [c77] The Diagram Brothers《Some Marvels of Modern Science》 gb notExplicit 1981
✗ [c77] Ludus《The Seduction》 各 storefront 皆無
✓ [c77] The Deep Freeze Mice《My Geraniums Are Bulletproof》 gb notExplicit 1979
✓ [c77] The Deep Freeze Mice《Teenage Head in My Refrigerator》 gb notExplicit 1981
✗ [c77] The Door and the Window《Detailed Twang》 各 storefront 皆無
✗ [c77] Androids of Mu《Blood Robots》 各 storefront 皆無
✗ [c77] Metabolist《Hansten Klork》 各 storefront 皆無
✓ [c77] Family Fodder《Monkey Banana Kitchen》 gb notExplicit 1980
✓ [c77] The Cravats《In Toytown》 gb notExplicit 1980
✓ [c77] The Astronauts《Peter Pan Hits the Suburbs》 gb notExplicit 2015
✗ [c77] The Lines《Therapy》 各 storefront 皆無
✓ [c77] L. Voag《The Way Out》 gb notExplicit 2015
✗ [c77] Lemon Kittens《We Buy a Hammer for Daddy》 各 storefront 皆無
✓ [c77] Alternative TV《Vibing Up the Senile Man (Part One)》 gb notExplicit 1979
✓ [c77] The Work《Slow Crimes》 gb notExplicit 2006
✗ [c77] Various Artists《Bouquet of Steel》 各 storefront 皆無
✗ [c77] Andrew Cox《Arioch》 各 storefront 皆無
✗ [c77] Andrew Cox《Hydra》 各 storefront 皆無
✗ [c77] MFH《Ground Zero》 各 storefront 皆無
✗ [c77] Paul Nagle《The Soft Room》 各 storefront 皆無
✗ [c77] Storm Bugs《A Safe Substitute》 各 storefront 皆無
✓ [c77] Nocturnal Emissions《Fruiting Body》 gb notExplicit 2025
✓ [c77] Clock DVA《White Souls in Black Suits》 gb notExplicit 2025
✗ [c77] Bladder Flask《One Day I Was So Sad That the Corners of My Mouth Met & Everybody Thought I Was Whistling》 各 storefront 皆無
✓ [c77] The Legendary Pink Dots《Brighter Now》 gb notExplicit 1982
✓ [c77] The Legendary Pink Dots《Curse》 gb notExplicit 1983
✓ [c77] Portion Control《I Staggered Mentally》 gb notExplicit 1982
✗ [c77] The Living Daylights《Any Way You Want》 各 storefront 皆無
✓ [c77] Attrition《Death House》 gb notExplicit 1982
✓ [c77] Attrition《The Attrition of Reason》 gb notExplicit 1984
✓ [c77] we·be·echo《Ceza·Evi》 gb notExplicit 2022
✗ [c77] Bourbonese Qualk《Laughing Afternoon》 各 storefront 皆無
✗ [c77] Muslimgauze《Buddhist on Fire》 各 storefront 皆無
✗ [c77] Zoviet France《Norsch》 各 storefront 皆無
✗ [c77] Sema《Notes From Underground》 各 storefront 皆無
✗ [c77] Metgumbnerbone《Ligeliahorn》 各 storefront 皆無
✓ [c77] Hula《Cut From Inside》 gb notExplicit 1983
✗ [c77] Danielle Dax《Pop-Eyes》 各 storefront 皆無

共 43 張｜ready 19｜有碟無預覽 0｜unavailable 24｜只有淨化版 0
