[a] Henry Franklin 《The Skipper at Home》 → 無圖
[a] Walter Bishop, Jr.'s 4th Cycle 《Keeper of My Soul》 → caa
[a] Gene Russell 《Talk to My Lady》 → caa
[a] Calvin Keys 《Proceed With Caution》 → caa
[a] Rudolph Johnson 《The Second Coming》 → caa
[a] The Awakening 《Mirage》 → caa
[a] Kellee Patterson 《Maiden Voyage》 → caa
[a] Roland Haynes 《2nd Wave》 → caa
[a] Cleveland Eaton 《Plenty Good Eaton》 → caa
[a] Creative Arts Ensemble 《One Step Out》 → caa
[a] Linda Hill 《Lullaby for Linda》 → caa
[a] Pan Afrikan Peoples Arkestra 《Flight 17》 → caa
[a] Horace Tapscott with The Pan-Afrikan Peoples Arkestra 《Live at I.U.C.C.》 → caa
[a] Phil Ranelin 《The Time Is Now!》 → caa
[a] Harold McKinney 《Voices and Rhythms of the Creative Profile》 → caa
[a] Mixed Bag 《Mixed Bag's First Album》 → caa
[a] Maulawi 《Maulawi》 → caa
[a] The Contemporary Jazz Quintet 《Location》 → 無圖
[a] Sphere 《Inside Ourselves》 → caa
[a] Oneness of Juju 《Space Jungle Luv》 → caa
[a] Wayne Davis 《Wayne Davis》 → caa
[a] Experience Unlimited 《Free Yourself》 → caa
[b] The John Betsch Society 《Earth Blossom》 → caa
[b] Brother Ah 《Sound Awareness》 → caa
[b] Charles Sullivan 《Genesis》 → caa
[b] Muriel Winston 《A Fresh Viewpoint》 → caa
[b] Dick Griffin 《The Eighth Wonder》 → caa
[b] Harold Vick 《Don't Look Back》 → caa
[b] Shirley Scott 《One for Me》 → caa
[b] Sonny Fortune 《Long Before Our Mothers Cried》 → caa
[b] Alan Braufman 《Valley of Search》 → caa
[b] Hamiet Bluiett 《Birthright: A Solo Blues Concert》 → caa
[b] Chico Freeman 《Spirit Sensitive》 → caa
[b] Rashied Ali & Frank Lowe 《Duo Exchange》 → caa
[b] Rashied Ali Quartet 《New Directions in Modern Music》 → caa
[b] Rashied Ali / Le Roy Jenkins 《Swift Are the Winds of Life》 → caa
[b] Joe Lee Wilson & Bond Street 《What Would It Be Without You》 → 無圖
[b] Steve Lacy & Michael Smith 《Sidelines》 → caa
[b] Von Freeman 《Have No Fear》 → caa
[b] John Gordon 《Erotica Suite》 → caa
[b] Air 《Air Time》 → caa
[b] Roscoe Mitchell 《Nonaah》 → caa
[b] Leo Smith 《Spirit Catcher》 → caa
[b] Ensemble Muntu 《First Feeding》 → caa
[b] Black Arthur Blythe 《Bush Baby》 → caa

c86｜CAA 有圖 42／45｜探測錯誤 0
