✓ [c86] Henry Franklin《The Skipper at Home》 us notExplicit 1974
✓ [c86] Walter Bishop, Jr.'s 4th Cycle《Keeper of My Soul》 us notExplicit 1973
✓ [c86] Gene Russell《Talk to My Lady》 us notExplicit 1973
✓ [c86] Calvin Keys《Proceed With Caution》 us notExplicit 1974
✓ [c86] Rudolph Johnson《The Second Coming》 us notExplicit 1973
✓ [c86] The Awakening《Mirage》 us notExplicit 1973
✓ [c86] Kellee Patterson《Maiden Voyage》 us notExplicit 1973
✓ [c86] Roland Haynes《2nd Wave》 us notExplicit 1975
✓ [c86] Cleveland Eaton《Plenty Good Eaton》 us notExplicit 1975
✓ [c86] Creative Arts Ensemble《One Step Out》 us notExplicit 2003
✗ [c86] Linda Hill《Lullaby for Linda》 各 storefront 皆無
✓ [c86] Pan Afrikan Peoples Arkestra《Flight 17》 us notExplicit 1978
✗ [c86] Horace Tapscott with The Pan-Afrikan Peoples Arkestra《Live at I.U.C.C.》 各 storefront 皆無
✓ [c86] Phil Ranelin《The Time Is Now!》 us notExplicit 1973
✓ [c86] Harold McKinney《Voices and Rhythms of the Creative Profile》 us notExplicit 1974
✗ [c86] Mixed Bag《Mixed Bag's First Album》 各 storefront 皆無
✗ [c86] Maulawi《Maulawi》 各 storefront 皆無
✓ [c86] The Contemporary Jazz Quintet《Location》 us notExplicit 2018
✓ [c86] Sphere《Inside Ourselves》 us notExplicit 2023
✓ [c86] Oneness of Juju《Space Jungle Luv》 us notExplicit 1976
✓ [c86] Wayne Davis《Wayne Davis》 us notExplicit 2020
✓ [c86] Experience Unlimited《Free Yourself》 us notExplicit 2021
✓ [c86] The John Betsch Society《Earth Blossom》 us notExplicit 1975
✓ [c86] Brother Ah《Sound Awareness》 us notExplicit 2016
✓ [c86] Charles Sullivan《Genesis》 us notExplicit 1974
✗ [c86] Muriel Winston《A Fresh Viewpoint》 各 storefront 皆無
✗ [c86] Dick Griffin《The Eighth Wonder》 各 storefront 皆無
✓ [c86] Harold Vick《Don't Look Back》 us notExplicit 2025
✓ [c86] Shirley Scott《One for Me》 us notExplicit 1974
✓ [c86] Sonny Fortune《Long Before Our Mothers Cried》 us notExplicit 1974
✓ [c86] Alan Braufman《Valley of Search》 us notExplicit 1975
✗ [c86] Hamiet Bluiett《Birthright: A Solo Blues Concert》 各 storefront 皆無
✓ [c86] Chico Freeman《Spirit Sensitive》 gb notExplicit 1979
✗ [c86] Rashied Ali & Frank Lowe《Duo Exchange》 各 storefront 皆無
✗ [c86] Rashied Ali Quartet《New Directions in Modern Music》 各 storefront 皆無
✓ [c86] Rashied Ali / Le Roy Jenkins《Swift Are the Winds of Life》 us notExplicit 1976
✓ [c86] Joe Lee Wilson & Bond Street《What Would It Be Without You》 us notExplicit 1999
✗ [c86] Steve Lacy & Michael Smith《Sidelines》 各 storefront 皆無
✗ [c86] Von Freeman《Have No Fear》 各 storefront 皆無
✗ [c86] John Gordon《Erotica Suite》 各 storefront 皆無
✓ [c86] Air《Air Time》 us notExplicit 2013
✗ [c86] Roscoe Mitchell《Nonaah》 各 storefront 皆無
✗ [c86] Leo Smith《Spirit Catcher》 各 storefront 皆無
✗ [c86] Ensemble Muntu《First Feeding》 各 storefront 皆無
✗ [c86] Black Arthur Blythe《Bush Baby》 各 storefront 皆無

共 45 張｜ready 29｜有碟無預覽 0｜unavailable 16｜只有淨化版 0
