[a] Dada 《Jyo》 → caa
[a] SAB 《Crystallization》 → caa
[a] Aunt Sally 《Aunt Sally》 → caa
[a] あがた森魚 《乗物図鑑》 → caa
[a] R.N.A. Organism 《R.N.A.O Meets P.O.P.O》 → caa
[a] Sympathy Nervous 《Sympathy Nervous》 → caa
[a] BGM 《Back Ground Music》 → caa
[a] Normal Brain 《Lady Maid》 → caa
[a] Salaried Man Club 《Gray Cross》 → caa
[a] Den Sei Kwan 《Pocket Planetaria》 → caa
[a] EP-4 《Lingua Franca-1》 → caa
[a] EP-4 《Multilevel Holarchy》 → 無圖
[a] 突然段ボール 《成り立つかな？》 → 無圖
[a] Auto-Mod 《Requiem》 → caa
[a] Katra Turana 《Katra Turana》 → caa
[a] Katra Turana 《Kimera》 → caa
[a] Pablo Picasso 《Soft Type》 → 無圖
[a] Bananarians 《Boner》 → 無圖
[a] のいづんずり 《抱擁》 → caa
[a] Lizard 《彼岸の王国》 → caa
[a] Non Band 《Non Band》 → caa
[a] 少年ナイフ 《Burning Farm》 → caa
[a] Ché-SHIZU 《約束はできない》 → 無圖
[a] 須山公美子 《夢のはじまり》 → caa
[a] Gauze 《Fuck Heads》 → caa
[a] ザ・スターリン 《trash》 → caa
[a] じゃがたら 《南蛮渡来》 → caa
[b] The Willard 《Good Evening Wonderful Fiend》 → 無圖
[b] 吉野大作＆プロスティテュート 《後ろ姿の素敵な僕たち》 → caa
[b] パパイヤ・パラノイア 《もはやこれまで》 → caa
[b] Lip Cream 《Kill Ugly Pop》 → caa
[b] 遠藤ミチロウ 《ベトナム伝説》 → 無圖
[b] メトロファルス 《STANDS》 → caa
[b] JUN SKY WALKER(S) 《J(S)W》 → 無圖
[b] 人生 《顔として...》 → 無圖
[b] 木魚 《幸福の条件》 → caa
[b] 黒百合姉妹 《最後は天使と聴く沈む世界の翅の記憶》 → caa
[b] Madame Edwarda 《ヒステリックな侯爵夫人》 → caa
[b] G-Schmitt 《Sin, Secret & Desire》 → caa
[b] YBO² 《Alienation》 → caa
[b] Asylum 《Crystal Days》 → 無圖
[b] Z.O.A 《Humanical Garden》 → 無圖
[b] カーネーション 《Gong Show》 → 無圖
[b] FRICTION 《Replicant Walk》 → 無圖
[b] 少年ナイフ 《Pretty Little Baka Guy》 → 無圖
[b] After Dinner 《Paradise of Replica》 → caa

c70｜CAA 有圖 32／46｜探測錯誤 0
