[a] 斉藤哲夫 《君は英雄なんかじゃない》 → 無圖
[a] 友部正人 《大阪へやって来た》 → 無圖
[a] シバ 《青い空の日》 → 無圖
[a] 休みの国 《休みの国》 → 無圖
[a] 野沢享司 《白昼夢》 → 無圖
[a] ザ・ディランII 《きのうの思い出に別れをつげるんだもの》 → 無圖
[a] 武蔵野タンポポ団 《武蔵野タンポポ団の伝説》 → 無圖
[a] 瀬川洋 《PIERROT》 → 無圖
[a] 西岡たかし 《満員の木》 → caa
[a] 古川豪 《羅針盤で星占いはできない》 → 無圖
[a] 友部正人 《にんじん》 → caa
[a] 中川イサト 《1970年》 → 無圖
[a] ダッチャ 《26号線》 → 無圖
[a] 南正人 《南正人ファースト・アルバム》 → 無圖
[a] 丘蒸汽 《のすたるじあ》 → caa
[a] なぎらけんいち 《街の風になって》 → 無圖
[a] ザ・ディランII 《この世を悲しむ風来坊に捧ぐ》 → 無圖
[a] オリジナル・ザ・ディラン 《悲しみの街》 → 無圖
[a] 音羽信 《わすれがたみ》 → caa
[a] ひがしのひとし 《マクシム》 → 無圖
[a] 宮里ひろし 《長い旅がいやになる》 → 無圖
[a] 風コーラス団 《愛色の季節》 → caa
[b] 古川豪 《原子力時代の昔語り》 → caa
[b] 伴よしかず 《青春彷徨》 → 無圖
[b] スカイドッグ・ブルース・バンド 《スカイドッグ・ブルース・バンド》 → caa
[b] トメ北川 《青春から》 → 無圖
[b] 麻生レミ 《オウン・ラインズ》 → caa
[b] 友川かずき 《肉声》 → caa
[b] 金森幸介 《少年》 → caa
[b] 山崎ハコ 《綱渡り》 → caa
[b] 友川かずき 《千羽鶴を口に咬えた日々》 → caa
[b] 茶木みやこ 《レインボウ・チェイサー》 → 無圖
[b] 中島光一 《母と子の詩》 → caa
[b] ひがしのひとし 《はじめてのシャンソン》 → caa
[b] 忍冬創 《創ファーストアルバム 春秋坂》 → caa
[b] 谷山浩子 《ねこの森には帰れない》 → 無圖
[b] ほうむず 《朝日に向かって》 → caa
[b] スカイドッグ・ブルース・バンド 《北27西4 札幌へ来てから》 → caa
[b] 三上寛 《負ける時もあるだろう》 → caa
[b] 柴田容子 《とまり木》 → caa
[b] 南正人 《Lady Let Me Go》 → 無圖
[b] 五条坂 《季節はめぐって》 → caa

c79｜CAA 有圖 20／42｜探測錯誤 0
