[a] Condition Green 《Life of Change》 → caa
[a] Various Artists 《沖縄民謡名選集》 → caa
[a] りんけんバンド 《なんくる》 → caa
[a] 喜納昌吉&チャンプルーズ 《Earth Spirit》 → 無圖
[a] 喜納昌吉&チャンプルーズ 《チャンプルーズ・ルネッサンズ》 → 無圖
[a] Diamantes 《OKINAWA LATINA》 → caa
[a] ネーネーズ 《あしび》 → caa
[a] 大工哲弘 《ゆんた とぅ じらば》 → caa
[a] ネーネーズ 《コザ dabasa》 → caa
[a] ネーネーズ 《なーらび》 → 無圖
[a] りんけんバンド 《チェレン》 → 無圖
[a] 我如古より子 《恋の花》 → caa
[b] 宮下富実夫 《Wave (Sound of the Universe)》 → caa
[b] 尾島由郎 《Club》 → caa
[b] YAS-KAZ 《縄文頌》 → caa
[b] 宮下富実夫 《Silent Echo (Sound of the Universe)》 → caa
[b] 柴野さつき 《Erik Satie (France 1866-1925)》 → caa
[b] 北村昌士＋PHONOGENIX 《Prologue for Post Modern Music》 → caa
[b] 鈴木良雄 《Morning Picture》 → caa
[b] YAS-KAZ 《風の卵》 → caa
[b] 上野耕路 《Music For Silent Movies》 → caa
[b] 日向敏文 《Sarah's Crime》 → caa
[b] 伊藤詳 《Marine Flowers (Science Fantasy)》 → caa
[b] 吉村弘 《Soundscape 1: Surround》 → caa
[b] 浜瀬元彦 《Intaglio》 → 無圖
[b] 菅谷昌弘 《熱の風景》 → caa
[b] 盛岡夕美子 《余韻 (Resonance)》 → caa
[b] 吉川洋一郎 《アクアクの夢》 → caa
[b] 菅谷昌弘 《海の動物園》 → caa
[b] 浜瀬元彦 《♯Notes of Forestry》 → caa
[b] 矢吹紫帆 《Forest Land》 → caa
[b] 越智義朗 《Natural Sonic》 → caa

c76｜CAA 有圖 27／32｜探測錯誤 0
