✓ [c76] Condition Green《Life of Change》 jp notExplicit 1977
✗ [c76] Various Artists《沖縄民謡名選集》 各 storefront 皆無
✓ [c76] りんけんバンド《なんくる》 jp notExplicit 1990
✓ [c76] 喜納昌吉&チャンプルーズ《Earth Spirit》 jp notExplicit 1991
✗ [c76] 喜納昌吉&チャンプルーズ《チャンプルーズ・ルネッサンズ》 各 storefront 皆無
✓ [c76] Diamantes《OKINAWA LATINA》 jp notExplicit 2007
✓ [c76] ネーネーズ《あしび》 jp notExplicit 1993
✗ [c76] 大工哲弘《ゆんた とぅ じらば》 各 storefront 皆無
✓ [c76] ネーネーズ《コザ dabasa》 jp notExplicit 1994
✓ [c76] ネーネーズ《なーらび》 jp notExplicit 1995
✓ [c76] りんけんバンド《チェレン》 jp notExplicit 1995
✗ [c76] 我如古より子《恋の花》 各 storefront 皆無
✗ [c76] 宮下富実夫《Wave (Sound of the Universe)》 各 storefront 皆無
✗ [c76] 尾島由郎《Club》 各 storefront 皆無
✓ [c76] YAS-KAZ《縄文頌》 jp notExplicit 1984
✗ [c76] 宮下富実夫《Silent Echo (Sound of the Universe)》 各 storefront 皆無
✗ [c76] 柴野さつき《Erik Satie (France 1866-1925)》 各 storefront 皆無
✓ [c76] 北村昌士＋PHONOGENIX《Prologue for Post Modern Music》 jp notExplicit 1984
✓ [c76] 鈴木良雄《Morning Picture》 jp notExplicit 1984
✓ [c76] YAS-KAZ《風の卵》 jp notExplicit 1985
✓ [c76] 上野耕路《Music For Silent Movies》 jp notExplicit 2006
✓ [c76] 日向敏文《Sarah's Crime》 jp notExplicit 1985
✗ [c76] 伊藤詳《Marine Flowers (Science Fantasy)》 各 storefront 皆無
✗ [c76] 吉村弘《Soundscape 1: Surround》 各 storefront 皆無
✓ [c76] 浜瀬元彦《Intaglio》 gb notExplicit 2018
✗ [c76] 菅谷昌弘《熱の風景》 各 storefront 皆無
✗ [c76] 盛岡夕美子《余韻 (Resonance)》 各 storefront 皆無
✗ [c76] 吉川洋一郎《アクアクの夢》 各 storefront 皆無
✓ [c76] 菅谷昌弘《海の動物園》 jp notExplicit 1987
✗ [c76] 浜瀬元彦《♯Notes of Forestry》 各 storefront 皆無
✓ [c76] 矢吹紫帆《Forest Land》 gb notExplicit 2025
✓ [c76] 越智義朗《Natural Sonic》 de notExplicit 2017

共 32 張｜ready 18｜有碟無預覽 0｜unavailable 14｜只有淨化版 0
