[a] Earth & Stone 《Kool Roots》 → caa
[a] The Overnight Players 《Babylon Destruction》 → caa
[a] Johnny Osbourne 《In Nah Disco Style》 → caa
[a] Leroy Smart 《Impressions of Leroy Smart》 → 無圖
[a] Mystic Eyes 《Mysterious》 → caa
[a] Jimmy Riley 《Majority Rule》 → caa
[a] Phil Pratt 《Star Wars Dub》 → caa
[a] Al Campbell 《Diamonds》 → caa
[a] Prince Jazzbo 《Kick Boy Face》 → caa
[a] Owen Gray 《Forward on the Scene》 → 無圖
[a] Jah Stitch 《No Dread Can't Dead》 → 無圖
[a] Johnny Clarke 《Yard Style》 → caa
[a] Ranking Ann 《Something Fishy Going On》 → caa
[a] Sylvia Tella 《Will You Still Want Me》 → caa
[a] Count Ossie & The Rasta Family 《Man From Higher Heights》 → caa
[a] Winston Edwards & Blackbeard 《At 10 Downing Street - Dub Conference》 → caa
[a] The Royals 《Israel Be Wise》 → 無圖
[a] The Force of Music 《Freedom Fighters Dub》 → caa
[a] Jean Adebambo 《Feelings》 → 無圖
[a] Victor Romero Evans 《Première》 → 無圖
[a] Tradition 《Captain Ganja and the Space Patrol》 → caa
[a] The Well Pack Band 《The Workers Speak To Their Slave Masters With Strike》 → 無圖
[b] The Bush Chemists 《Strictly Dubwise》 → 無圖
[b] The Bush Chemists 《Light Up Your Spliff》 → caa
[b] King General Bucks Up Pon De Bush Chemists 《Money Run Tings》 → caa
[b] Centry 《Thunder Mountain - A Dubwise Selection》 → 無圖
[b] Culture Freeman meets The Bush Chemists 《Conqueror》 → caa
[b] The Disciples 《Infinite Density of Dub》 → 無圖
[b] Armagideon 《Through the Haze》 → caa
[b] Dub Ghecko 《Love to the Power of Each》 → caa
[b] Dayjah & The Disciples 《Storm Clouds》 → caa
[b] The Rootsman 《In Dub We Trust》 → caa
[b] The Rootsman vs Muslimgauze 《City of Djinn》 → caa
[b] Zion Train 《Passage to Indica》 → caa
[b] Zion Train 《Great Sporting Moments in Dub!》 → caa
[b] Jah Free 《Breaking Out》 → caa
[b] Jah Warrior 《African Tribes Dub》 → 無圖
[b] Hughie Izachaar 《Can't Take the Pressure》 → caa
[b] Revolutionary Dub Warriors 《State of Evolution》 → caa
[b] Audio Active 《Happy Happer》 → caa
[b] Dread & Fred 《Iron Works Pt. 2 : On High》 → 無圖
[b] Willi Williams 《Natty With a Cause》 → caa
[b] Alpha & Omega 《Watch and Pray》 → caa
[b] Black Roots 《Natural Reaction》 → caa
[b] Lidj Incorporated Meets Sound Iration 《Dub Liberation》 → 無圖

c85｜CAA 有圖 32／45｜探測錯誤 0
