✗ [c85] Earth & Stone《Kool Roots》 各 storefront 皆無
✓ [c85] The Overnight Players《Babylon Destruction》 gb notExplicit 1980
✗ [c85] Johnny Osbourne《In Nah Disco Style》 各 storefront 皆無
✗ [c85] Leroy Smart《Impressions of Leroy Smart》 各 storefront 皆無
✗ [c85] Mystic Eyes《Mysterious》 Apple 上那筆不是這張碟（見 note）
✓ [c85] Jimmy Riley《Majority Rule》 gb notExplicit 1978
✗ [c85] Phil Pratt《Star Wars Dub》 各 storefront 皆無
✗ [c85] Al Campbell《Diamonds》 Apple 上那筆不是這張碟（見 note）
✗ [c85] Prince Jazzbo《Kick Boy Face》 各 storefront 皆無
✗ [c85] Owen Gray《Forward on the Scene》 各 storefront 皆無
✗ [c85] Jah Stitch《No Dread Can't Dead》 Apple 上那筆不是這張碟（見 note）
✓ [c85] Johnny Clarke《Yard Style》 gb notExplicit 1983
✓ [c85] Ranking Ann《Something Fishy Going On》 gb notExplicit 2000
✗ [c85] Sylvia Tella《Will You Still Want Me》 各 storefront 皆無
✓ [c85] Count Ossie & The Rasta Family《Man From Higher Heights》 gb notExplicit 2016
✓ [c85] Winston Edwards & Blackbeard《At 10 Downing Street - Dub Conference》 gb notExplicit 2012
✓ [c85] The Royals《Israel Be Wise》 gb notExplicit 1978
✓ [c85] The Force of Music《Freedom Fighters Dub》 gb notExplicit 1978
✗ [c85] Jean Adebambo《Feelings》 各 storefront 皆無
✓ [c85] Victor Romero Evans《Première》 gb notExplicit 2022
✓ [c85] Tradition《Captain Ganja and the Space Patrol》 gb notExplicit 2017
✗ [c85] The Well Pack Band《The Workers Speak To Their Slave Masters With Strike》 各 storefront 皆無
✓ [c85] The Bush Chemists《Strictly Dubwise》 gb notExplicit 1994
✓ [c85] The Bush Chemists《Light Up Your Spliff》 gb notExplicit 1996
✗ [c85] King General Bucks Up Pon De Bush Chemists《Money Run Tings》 各 storefront 皆無
✓ [c85] Centry《Thunder Mountain - A Dubwise Selection》 gb notExplicit 1993
✗ [c85] Culture Freeman meets The Bush Chemists《Conqueror》 各 storefront 皆無
✓ [c85] The Disciples《Infinite Density of Dub》 gb notExplicit 1996
✗ [c85] Armagideon《Through the Haze》 各 storefront 皆無
✗ [c85] Dub Ghecko《Love to the Power of Each》 各 storefront 皆無
✗ [c85] Dayjah & The Disciples《Storm Clouds》 各 storefront 皆無
✓ [c85] The Rootsman《In Dub We Trust》 gb notExplicit 1995
✗ [c85] The Rootsman vs Muslimgauze《City of Djinn》 各 storefront 皆無
✓ [c85] Zion Train《Passage to Indica》 gb notExplicit 1992
✓ [c85] Zion Train《Great Sporting Moments in Dub!》 gb notExplicit 1993
✓ [c85] Jah Free《Breaking Out》 gb notExplicit 1996
✓ [c85] Jah Warrior《African Tribes Dub》 gb notExplicit 1996
✓ [c85] Hughie Izachaar《Can't Take the Pressure》 gb notExplicit 1998
✓ [c85] Revolutionary Dub Warriors《State of Evolution》 gb notExplicit 1996
✓ [c85] Audio Active《Happy Happer》 gb notExplicit 1995
✗ [c85] Dread & Fred《Iron Works Pt. 2 : On High》 各 storefront 皆無
✗ [c85] Willi Williams《Natty With a Cause》 各 storefront 皆無
✗ [c85] Alpha & Omega《Watch and Pray》 各 storefront 皆無
✓ [c85] Black Roots《Natural Reaction》 gb notExplicit 1990
✗ [c85] Lidj Incorporated Meets Sound Iration《Dub Liberation》 各 storefront 皆無

共 45 張｜ready 23｜有碟無預覽 0｜unavailable 22｜只有淨化版 0

（2026-09-04 研究層 a 覆核後主線調整：Mystic Eyes／Al Campbell／Jah Stitch 三張的 Apple 命中
 經逐軌核對確認不是這張碟，改判不採；Winston Edwards & Blackbeard 一張用 collectionId 576239322 回補。
 淨變動 −2。逐張理由見 previews.json 的 note。）
