[a] Cem Karaca 《Nem Kaldı?》 → 無圖
[a] Cem Karaca 《Yoksulluk Kader Olamaz》 → caa
[a] Cem Karaca 《Safinaz》 → 錯誤 500
[a] Moğollar 《Danses et rythmes de la Turquie d'hier à aujourd'hui》 → 無圖
[a] Moğollar 《Anadolu Pop》 → caa
[a] Moğollar 《Moğollar》 → caa
[a] Erkin Koray 《Erkin Koray》 → 無圖
[a] Erkin Koray 《Erkin Koray Tutkusu》 → caa
[a] Barış Manço 《Sakla Samanı Gelir Zamanı》 → 無圖
[a] Barış Manço 《Sarı Çizmeli Mehmet Ağa》 → caa
[a] Selda Bağcan 《Türkülerimiz 1》 → 無圖
[a] Selda Bağcan 《Yuh Yuh》 → caa
[a] Edip Akbayram 《Edip Akbayram》 → 無圖
[a] 3 Hür-El 《3 Hür-El》 → 無圖
[a] Bülent Ortaçgil 《Benimle Oynar mısın》 → 無圖
[a] Mazhar ve Fuat 《Türküz Türkü Çağırırız!》 → 無圖
[a] Modern Folk Üçlüsü 《40 Yıl Sonra》 → 無圖
[a] Ayten Alpman 《Memleketim》 → 無圖
[a] Fikret Kızılok 《Zaman Zaman》 → 無圖
[a] Ruhi Su 《Seferberlik Türküleri Ve Kuvayi Milliye Destanı》 → 無圖
[a] Ruhi Su 《Yunus Emre》 → 無圖
[a] Ruhi Su 《Semahlar》 → 無圖
[a] Orhan Gencebay 《Bir Teselli Ver》 → 無圖
[a] Orhan Gencebay 《Hatasız Kul Olmaz》 → caa
[a] Orhan Gencebay 《Batsın Bu Dünya》 → caa
[a] Zeki Müren 《Kahır Mektubu》 → 無圖
[a] Müzeyyen Senar 《Bir Bahar Akşamı》 → 無圖
[a] Neşet Ertaş 《Kendim Ettim Kendim Buldum》 → 無圖
[a] Neşet Ertaş 《Zahidem》 → caa
[a] Zülfü Livaneli 《Nazım Türküsü》 → 無圖
[a] Zülfü Livaneli 《Ada》 → caa
[a] Ahmet Kaya 《Şafak Türküsü》 → 無圖
[a] Abdel Halim Hafez 《Mawoud》 → 無圖
[a] Abdel Halim Hafez 《Ya Malekan Kalby》 → 無圖
[a] Abdel Halim Hafez 《La Takzebi》 → caa
[a] Farid El Atrache 《Nagham Fi Hayati》 → 無圖
[a] Nass El Ghiwane 《Nass El Ghiwane》 → 無圖
[a] Nass El Ghiwane 《Hommage à Boudjemaa》 → caa
[a] Munir Bashir 《Iraq: Ud Classique Arabe》 → 無圖
[a] Munir Bashir 《Babylon Mood》 → caa
[a] Ziad Rahbani 《Bennesbeh Labokra... Chou?》 → 無圖
[a] Ziad Rahbani 《Ana Moush Kafer》 → caa
[a] Khaled 《Khaled》 → 無圖
[a] Idir 《Ay Arrac Nneɣ...》 → 無圖
[a] Ilham Al Madfai 《Ilham Al Madfai》 → 無圖

c55｜CAA 有圖 14／45｜探測錯誤 1
