✓ [c55] Cem Karaca《Nem Kaldı?》 tr notExplicit 1975
✓ [c55] Cem Karaca《Yoksulluk Kader Olamaz》 tr notExplicit 1977
✓ [c55] Cem Karaca《Safinaz》 tr notExplicit 1978
✗ [c55] Moğollar《Danses et rythmes de la Turquie d'hier à aujourd'hui》 各 storefront 皆無
✓ [c55] Moğollar《Anadolu Pop》 sa notExplicit 1971
✗ [c55] Moğollar《Moğollar》 各 storefront 皆無
✗ [c55] Erkin Koray《Erkin Koray》 各 storefront 皆無
✗ [c55] Erkin Koray《Erkin Koray Tutkusu》 各 storefront 皆無
✗ [c55] Barış Manço《Sakla Samanı Gelir Zamanı》 各 storefront 皆無
✗ [c55] Barış Manço《Sarı Çizmeli Mehmet Ağa》 各 storefront 皆無
✗ [c55] Selda Bağcan《Türkülerimiz 1》 各 storefront 皆無
✗ [c55] Selda Bağcan《Yuh Yuh》 各 storefront 皆無
✗ [c55] Edip Akbayram《Edip Akbayram》 各 storefront 皆無
✗ [c55] 3 Hür-El《3 Hür-El》 各 storefront 皆無
~ [c55] Bülent Ortaçgil《Benimle Oynar mısın》 dz notExplicit 1974
✓ [c55] Mazhar ve Fuat《Türküz Türkü Çağırırız!》 tr notExplicit 1973
✗ [c55] Modern Folk Üçlüsü《40 Yıl Sonra》 各 storefront 皆無
✗ [c55] Ayten Alpman《Memleketim》 各 storefront 皆無
✓ [c55] Fikret Kızılok《Zaman Zaman》 ae notExplicit 1983
✗ [c55] Ruhi Su《Seferberlik Türküleri Ve Kuvayi Milliye Destanı》 各 storefront 皆無
✗ [c55] Ruhi Su《Yunus Emre》 各 storefront 皆無
✗ [c55] Ruhi Su《Semahlar》 各 storefront 皆無
✓ [c55] Orhan Gencebay《Bir Teselli Ver》 tr notExplicit 1973
✓ [c55] Orhan Gencebay《Hatasız Kul Olmaz》 fr notExplicit 1976
✓ [c55] Orhan Gencebay《Batsın Bu Dünya》 tr notExplicit 1975
✗ [c55] Zeki Müren《Kahır Mektubu》 各 storefront 皆無
✗ [c55] Müzeyyen Senar《Bir Bahar Akşamı》 各 storefront 皆無
✓ [c55] Neşet Ertaş《Kendim Ettim Kendim Buldum》 gb notExplicit 1988
✓ [c55] Neşet Ertaş《Zahidem》 lb notExplicit 1990
✗ [c55] Zülfü Livaneli《Nazım Türküsü》 各 storefront 皆無
✗ [c55] Zülfü Livaneli《Ada》 各 storefront 皆無
~ [c55] Ahmet Kaya《Şafak Türküsü》 ma notExplicit 1986
✗ [c55] Abdel Halim Hafez《Mawoud》 各 storefront 皆無
✗ [c55] Abdel Halim Hafez《Ya Malekan Kalby》 各 storefront 皆無
✗ [c55] Abdel Halim Hafez《La Takzebi》 各 storefront 皆無
✗ [c55] Farid El Atrache《Nagham Fi Hayati》 各 storefront 皆無
✗ [c55] Nass El Ghiwane《Nass El Ghiwane》 各 storefront 皆無
✗ [c55] Nass El Ghiwane《Hommage à Boudjemaa》 各 storefront 皆無
✗ [c55] Munir Bashir《Iraq: Ud Classique Arabe》 各 storefront 皆無
✗ [c55] Munir Bashir《Babylon Mood》 各 storefront 皆無
✗ [c55] Ziad Rahbani《Bennesbeh Labokra... Chou?》 各 storefront 皆無
✗ [c55] Ziad Rahbani《Ana Moush Kafer》 各 storefront 皆無
✓ [c55] Khaled《Khaled》 us notExplicit 1992
✗ [c55] Idir《Ay Arrac Nneɣ...》 各 storefront 皆無
✗ [c55] Ilham Al Madfai《Ilham Al Madfai》 各 storefront 皆無

共 45 張｜ready 12｜有碟無預覽 2｜unavailable 31｜只有淨化版 0
