✓ [c55] Cem Karaca《Nem Kaldı?》 tr notExplicit 1975
✓ [c55] Cem Karaca《Yoksulluk Kader Olamaz》 tr notExplicit 1977
✓ [c55] Cem Karaca《Safinaz》 tr notExplicit 1978
✗ [c55] Moğollar《Danses et rythmes de la Turquie d'hier à aujourd'hui》 各 storefront 皆無
✓ [c55] Moğollar《Anadolu Pop》 tr notExplicit 1971
✓ [c55] Moğollar《Moğollar》 tr notExplicit 2009
✗ [c55] Erkin Koray《Erkin Koray》 各 storefront 皆無
✓ [c55] Erkin Koray《Erkin Koray Tutkusu》 tr notExplicit 2025
✗ [c55] Barış Manço《Sakla Samanı Gelir Zamanı》 各 storefront 皆無
~ [c55] Barış Manço《Sarı Çizmeli Mehmet Ağa》 ma notExplicit 1993
✓ [c55] Selda Bağcan《Türkülerimiz 1》 tr notExplicit 1995
✗ [c55] Selda Bağcan《Yuh Yuh》 各 storefront 皆無
✗ [c55] Edip Akbayram《Edip Akbayram》 各 storefront 皆無
✓ [c55] 3 Hür-El《3 Hür-El》 tr notExplicit 1999
✓ [c55] Bülent Ortaçgil《Benimle Oynar mısın》 tr notExplicit 1974
✓ [c55] Mazhar ve Fuat《Türküz Türkü Çağırırız!》 tr notExplicit 1973
✓ [c55] Modern Folk Üçlüsü《40 Yıl Sonra》 tr notExplicit 1974
✗ [c55] Ayten Alpman《Memleketim》 各 storefront 皆無
✓ [c55] Fikret Kızılok《Zaman Zaman》 tr notExplicit 1983
✗ [c55] Ruhi Su《Seferberlik Türküleri Ve Kuvayi Milliye Destanı》 各 storefront 皆無
✗ [c55] Ruhi Su《Yunus Emre》 各 storefront 皆無
✗ [c55] Ruhi Su《Semahlar》 各 storefront 皆無
✓ [c55] Orhan Gencebay《Bir Teselli Ver》 tr notExplicit 1973
✓ [c55] Orhan Gencebay《Hatasız Kul Olmaz》 tr notExplicit 1976
✓ [c55] Orhan Gencebay《Batsın Bu Dünya》 tr notExplicit 1975
✓ [c55] Zeki Müren《Kahır Mektubu》 tr notExplicit 1991
✓ [c55] Müzeyyen Senar《Bir Bahar Akşamı》 tr notExplicit 1977
✓ [c55] Neşet Ertaş《Kendim Ettim Kendim Buldum》 tr notExplicit 1988
✓ [c55] Neşet Ertaş《Zahidem》 tr notExplicit 1990
✗ [c55] Zülfü Livaneli《Nazım Türküsü》 各 storefront 皆無
✗ [c55] Zülfü Livaneli《Ada》 各 storefront 皆無
✓ [c55] Ahmet Kaya《Şafak Türküsü》 tr notExplicit 1986
✗ [c55] Abdel Halim Hafez《Mawoud》 各 storefront 皆無
✓ [c55] Abdel Halim Hafez《Ya Malekan Kalby》 tr notExplicit 1991
✓ [c55] Abdel Halim Hafez《La Takzebi》 de notExplicit 1962
✗ [c55] Farid El Atrache《Nagham Fi Hayati》 各 storefront 皆無
✓ [c55] Nass El Ghiwane《Nass El Ghiwane》 tr notExplicit 2000
✓ [c55] Nass El Ghiwane《Hommage à Boudjemaa》 fr notExplicit 2013
✓ [c55] Munir Bashir《Iraq: Ud Classique Arabe》 tr notExplicit 2011
✗ [c55] Munir Bashir《Babylon Mood》 各 storefront 皆無
✓ [c55] Ziad Rahbani《Bennesbeh Labokra... Chou?》 de notExplicit 2010
✓ [c55] Ziad Rahbani《Ana Moush Kafer》 de notExplicit 1985
✓ [c55] Khaled《Khaled》 tr notExplicit 1992
✗ [c55] Idir《Ay Arrac Nneɣ...》 各 storefront 皆無
✗ [c55] Ilham Al Madfai《Ilham Al Madfai》 各 storefront 皆無

共 45 張｜ready 28｜有碟無預覽 1｜unavailable 16｜只有淨化版 0
