[a] The Search Party 《Montgomery Chapel》 → caa
[a] Wilson McKinley 《Spirit of Elijah》 → caa
[a] Agape 《Gospel Hard Rock》 → 無圖
[a] Agape 《Victims of Tradition》 → caa
[a] Azitis 《Help》 → caa
[a] Harvest Flight 《One Way》 → caa
[a] Earthen Vessel 《Hard Rock / Everlasting Life》 → caa
[a] Larry Norman 《Bootleg》 → caa
[a] Love Song 《Love Song》 → caa
[a] Marj Snyder 《Let the Son Shine》 → caa
[a] Phil Keaggy 《What a Day》 → caa
[a] All Saved Freak Band 《My Poor Generation》 → 無圖
[a] Randy Matthews 《Son of Dust》 → caa
[a] Honeytree 《The Way I Feel》 → caa
[a] Concrete Rubber Band 《Risen Savior》 → caa
[a] Resurrection Band 《Music to Raise the Dead》 → 無圖
[a] Petra 《Petra》 → caa
[a] Wilson McKinley 《On Stage》 → caa
[a] Hope of Glory 《Under the Spout Where the Glory Comes Out》 → 無圖
[b] Mustard Seed Faith 《Sail On Sailor》 → caa
[b] The Trees 《The Christ Tree》 → caa
[b] Chuck Girard 《Chuck Girard》 → caa
[b] Gentle Faith 《Gentle Faith》 → 無圖
[b] Lamb 《Lamb III》 → 無圖
[b] Larry Norman 《In Another Land》 → caa
[b] Phil Keaggy 《Love Broke Thru》 → caa
[b] Randy Stonehill 《Welcome to Paradise》 → caa
[b] Daniel Amos 《Shotgun Angel》 → caa
[b] Sweet Comfort Band 《Sweet Comfort》 → 無圖
[b] Bob Ayala 《Joy by Surprise》 → 無圖
[b] Chuck Girard 《Glow in the Dark》 → caa
[b] Petra 《Come and Join Us》 → caa
[b] Hope of Glory 《Second Look》 → caa
[b] Sweet Comfort Band 《Breakin' the Ice》 → 錯誤 500
[b] Resurrection Band 《Awaiting Your Reply》 → caa
[b] John Michael Talbot 《The Lord's Supper》 → caa
[b] Mark Heard 《Appalachian Melody》 → caa
[b] Servant 《Shallow Water》 → caa
[b] Fireworks 《Shatter the Darkness》 → 無圖
[b] Mark Heard 《Fingerprint》 → caa
[b] Randy Stonehill 《The Sky Is Falling》 → caa
[b] Paul Clark 《Aim for the Heart》 → caa

c72｜CAA 有圖 32／42｜探測錯誤 1
