✓ [c72] The Search Party《Montgomery Chapel》 us notExplicit 1969
✗ [c72] Wilson McKinley《Spirit of Elijah》 各 storefront 皆無
✗ [c72] Agape《Gospel Hard Rock》 各 storefront 皆無
✗ [c72] Agape《Victims of Tradition》 各 storefront 皆無
✓ [c72] Azitis《Help》 us notExplicit 2000
✗ [c72] Harvest Flight《One Way》 各 storefront 皆無
✗ [c72] Earthen Vessel《Hard Rock / Everlasting Life》 各 storefront 皆無
✗ [c72] Larry Norman《Bootleg》 各 storefront 皆無
✓ [c72] Love Song《Love Song》 us notExplicit 1972
✓ [c72] Marj Snyder《Let the Son Shine》 us notExplicit 1971
✓ [c72] Phil Keaggy《What a Day》 us notExplicit 1973
✓ [c72] All Saved Freak Band《My Poor Generation》 us notExplicit 2018
✓ [c72] Randy Matthews《Son of Dust》 us notExplicit 1974
✓ [c72] Honeytree《The Way I Feel》 us notExplicit 1974
✗ [c72] Concrete Rubber Band《Risen Savior》 各 storefront 皆無
✗ [c72] Resurrection Band《Music to Raise the Dead》 各 storefront 皆無
✓ [c72] Petra《Petra》 us notExplicit 1974
✗ [c72] Wilson McKinley《On Stage》 各 storefront 皆無
✗ [c72] Hope of Glory《Under the Spout Where the Glory Comes Out》 各 storefront 皆無
✓ [c72] Mustard Seed Faith《Sail On Sailor》 us notExplicit 1975
✗ [c72] The Trees《The Christ Tree》 各 storefront 皆無
✓ [c72] Chuck Girard《Chuck Girard》 us notExplicit 1978
✓ [c72] Gentle Faith《Gentle Faith》 us notExplicit 1976
✓ [c72] Lamb《Lamb III》 us notExplicit 2011
✓ [c72] Larry Norman《In Another Land》 us notExplicit 1976
✓ [c72] Phil Keaggy《Love Broke Thru》 us notExplicit 1976
✗ [c72] Randy Stonehill《Welcome to Paradise》 各 storefront 皆無
✓ [c72] Daniel Amos《Shotgun Angel》 us notExplicit 1977
✓ [c72] Sweet Comfort Band《Sweet Comfort》 us notExplicit 1977
✗ [c72] Bob Ayala《Joy by Surprise》 各 storefront 皆無
✓ [c72] Chuck Girard《Glow in the Dark》 us notExplicit 1978
✓ [c72] Petra《Come and Join Us》 us notExplicit 1977
✗ [c72] Hope of Glory《Second Look》 各 storefront 皆無
✓ [c72] Sweet Comfort Band《Breakin' the Ice》 us notExplicit 1978
✓ [c72] Resurrection Band《Awaiting Your Reply》 us notExplicit 1978
✓ [c72] John Michael Talbot《The Lord's Supper》 us notExplicit 1979
✓ [c72] Mark Heard《Appalachian Melody》 us notExplicit 1979
✓ [c72] Servant《Shallow Water》 us notExplicit 2006
✗ [c72] Fireworks《Shatter the Darkness》 各 storefront 皆無
✓ [c72] Mark Heard《Fingerprint》 us notExplicit 1995
✗ [c72] Randy Stonehill《The Sky Is Falling》 各 storefront 皆無
✓ [c72] Paul Clark《Aim for the Heart》 us notExplicit 1980

共 42 張｜ready 26｜有碟無預覽 0｜unavailable 16｜只有淨化版 0
DONE
DONE
