[a] Кино 《Группа крови》 → caa
[a] Кино 《Звезда по имени Солнце》 → caa
[a] Кино 《Ночь》 → caa
[a] Аквариум 《Радио Африка》 → caa
[a] Аквариум 《Табу》 → caa
[a] Аквариум 《Равноденствие》 → caa
[a] Наутилус Помпилиус 《Разлука》 → caa
[a] Наутилус Помпилиус 《Князь тишины》 → caa
[a] ДДТ 《Периферия》 → caa
[a] ДДТ 《Оттепель》 → caa
[a] Гражданская оборона 《Всё идёт по плану》 → caa
[a] Гражданская оборона 《Русское поле экспериментов》 → caa
[a] Алиса 《Энергия》 → caa
[a] Алиса 《Шестой лесничий》 → caa
[a] Звуки Му 《Простые вещи》 → caa
[a] Машина времени 《Реки и мосты》 → caa
[a] Зоопарк 《Уездный город N》 → caa
[a] АукцЫон 《Вернись в Сорренто》 → caa
[a] Телевизор 《Отечество иллюзий》 → caa
[a] Пикник 《Иероглиф》 → caa
[b] Владимир Высоцкий 《Баллады и песни》 → caa
[b] Владимир Высоцкий 《La corde raide》 → caa
[b] Булат Окуджава 《Песни (Стихи и музыка)》 → caa
[b] Булат Окуджава 《Песни и стихи о войне》 → caa
[b] Александр Галич 《Поэма о Сталине》 → 無圖
[b] Юрий Визбор 《Волейбол на Сретенке》 → 無圖
[b] Новелла Матвеева 《Какой большой ветер》 → 無圖
[b] Жанна Бичевская 《Поет Жанна Бичевская》 → caa
[b] Юлий Ким 《Рыба-кит》 → caa
[b] Эдуард Артемьев 《Солярис》 → caa
[b] Эдуард Артемьев 《Метаморфозы》 → caa
[b] Эдуард Артемьев 《Картины-настроения》 → caa
[b] Эдуард Артемьев 《Ода доброму вестнику》 → caa
[b] Zodiac 《Disco Alliance》 → caa
[b] Sven Grünberg 《Hingus》 → caa
[b] Чернавский/Матецкий Проджект 《Банановые острова》 → caa
[b] Ансамбль электромузыкальных инструментов п/у Вячеслава Мещерина 《Easy USSR》 → caa
[b] Алла Пугачёва 《Зеркало души》 → caa
[b] София Ротару 《Червона рута》 → caa
[b] Муслим Магомаев 《Муслим Магомаев》 → 無圖
[b] Валерий Ободзинский 《Поёт Валерий Ободзинский》 → 無圖
[b] Песняры 《Гусляр》 → 無圖
[b] Ялла 《Три колодца》 → caa
[b] Иверия 《Аргонавты》 → 無圖

CAA 有圖 37／44｜無 MBID 0｜探測錯誤 0
