[b] Александр Галич 《Поэма о Сталине》 → 無圖
[b] Юрий Визбор 《Волейбол на Сретенке》 → 無圖
[b] Новелла Матвеева 《Какой большой ветер》 → 無圖
[b] Муслим Магомаев 《Муслим Магомаев》 → 無圖
[b] Валерий Ободзинский 《Поёт Валерий Ободзинский》 → 無圖
[b] Песняры 《Гусляр》 → 無圖
[b] Иверия 《Аргонавты》 → 無圖
[c] Ganelin Trio 《Con Anima》 → caa
[c] Ganelin Trio 《Live in East Germany》 → caa
[c] Ganelin Trio 《Ancora da Capo》 → caa
[c] Сергей Курёхин 《The Ways of Freedom》 → caa
[c] Сергей Курёхин 《Introduction In Pop Mechanics》 → 無圖
[c] Владимир Чекасин 《Nomen Nescio (Некое Лицо)》 → caa
[c] Анатолий Вапиров 《Мистерия》 → caa
[c] Анатолий Вапиров 《Invocations》 → caa
[c] Арсенал 《Джаз-рок ансамбль «Арсенал»》 → caa
[c] Арсенал 《Своими руками》 → caa
[c] Арсенал 《Второе дыхание》 → caa
[c] Аллегро 《Контрасты》 → caa
[c] Аллегро 《В этом мире》 → caa
[c] Каданс 《Какая снежная весна》 → caa
[c] Оркестр Олега Лундстрема 《Оркестр Олега Лундстрема》 → 無圖
[c] Оркестр Олега Лундстрема 《В сочных тонах》 → caa
[c] Эдди Рознер 《Караван》 → caa
[c] Вагиф Мустафазаде 《Джазовые Композиции》 → caa
[c] Георгий Гаранян 《Лабиринт: Джазовые композиции》 → caa
[c] Леонид Чижик 《Лента Мёбиуса》 → caa
[c] Три О 《Три отверстия》 → 無圖
[c] Валентина Пономарёва 《Искушение》 → caa
[c] Tõnu Naissoo Trio 《Turning-Point》 → 無圖
[c] Raimonds Pauls 《Melodija, improvizācija, ritms》 → caa
[c] Архангельск 《Portrait》 → caa

c53｜CAA 有圖 58／69｜探測錯誤 0
