✓ [c53] Кино《Группа крови》 de notExplicit 1988
✓ [c53] Кино《Звезда по имени Солнце》 de notExplicit 1989
✓ [c53] Кино《Ночь》 de notExplicit 1986
✓ [c53] Аквариум《Радио Африка》 de notExplicit 1983
✓ [c53] Аквариум《Табу》 de notExplicit 1982
✓ [c53] Аквариум《Равноденствие》 de notExplicit 1988
✗ [c53] Наутилус Помпилиус《Разлука》 各 storefront 皆無
✓ [c53] Наутилус Помпилиус《Князь тишины》 de notExplicit 1989
✓ [c53] ДДТ《Периферия》 de notExplicit 1984
✓ [c53] ДДТ《Оттепель》 de notExplicit 1990
✗ [c53] Гражданская оборона《Всё идёт по плану》 各 storefront 皆無
✗ [c53] Гражданская оборона《Русское поле экспериментов》 各 storefront 皆無
✓ [c53] Алиса《Энергия》 de notExplicit 1985
✓ [c53] Алиса《Шестой лесничий》 de notExplicit 1989
✓ [c53] Звуки Му《Простые вещи》 de notExplicit 1988
✓ [c53] Машина времени《Реки и мосты》 de notExplicit 1987
✗ [c53] Зоопарк《Уездный город N》 各 storefront 皆無
✗ [c53] АукцЫон《Вернись в Сорренто》 各 storefront 皆無
✗ [c53] Телевизор《Отечество иллюзий》 各 storefront 皆無
✓ [c53] Пикник《Иероглиф》 fr notExplicit 1987
✗ [c53] Владимир Высоцкий《Баллады и песни》 各 storefront 皆無
✗ [c53] Владимир Высоцкий《La corde raide》 各 storefront 皆無
✗ [c53] Булат Окуджава《Песни (Стихи и музыка)》 各 storefront 皆無
✗ [c53] Булат Окуджава《Песни и стихи о войне》 各 storefront 皆無
✗ [c53] Александр Галич《Поэма о Сталине》 各 storefront 皆無
✗ [c53] Юрий Визбор《Волейбол на Сретенке》 各 storefront 皆無
✓ [c53] Новелла Матвеева《Какой большой ветер》 de notExplicit 1997
✗ [c53] Жанна Бичевская《Поет Жанна Бичевская》 各 storefront 皆無
✗ [c53] Юлий Ким《Рыба-кит》 各 storefront 皆無
✗ [c53] Эдуард Артемьев《Солярис》 各 storefront 皆無
✓ [c53] Эдуард Артемьев《Метаморфозы》 de notExplicit 1980
✗ [c53] Эдуард Артемьев《Картины-настроения》 各 storefront 皆無
✗ [c53] Эдуард Артемьев《Ода доброму вестнику》 各 storefront 皆無
✓ [c53] Zodiac《Disco Alliance》 us notExplicit 1980
✓ [c53] Sven Grünberg《Hingus》 us notExplicit 1981
✗ [c53] Чернавский/Матецкий Проджект《Банановые острова》 各 storefront 皆無
✗ [c53] Ансамбль электромузыкальных инструментов п/у Вячеслава Мещерина《Easy USSR》 各 storefront 皆無
✓ [c53] Алла Пугачёва《Зеркало души》 de notExplicit 1978
✓ [c53] София Ротару《Червона рута》 de notExplicit 1972
✗ [c53] Муслим Магомаев《Муслим Магомаев》 各 storefront 皆無
✗ [c53] Валерий Ободзинский《Поёт Валерий Ободзинский》 各 storefront 皆無
✗ [c53] Песняры《Гусляр》 各 storefront 皆無
✗ [c53] Ялла《Три колодца》 各 storefront 皆無
✗ [c53] Иверия《Аргонавты》 各 storefront 皆無
✗ [c53] Ganelin Trio《Con Anima》 各 storefront 皆無
✗ [c53] Ganelin Trio《Live in East Germany》 各 storefront 皆無
✓ [c53] Ganelin Trio《Ancora da Capo》 us notExplicit 1980
✓ [c53] Сергей Курёхин《The Ways of Freedom》 de notExplicit 1981
✓ [c53] Сергей Курёхин《Introduction In Pop Mechanics》 de notExplicit 1987
✗ [c53] Владимир Чекасин《Nomen Nescio (Некое Лицо)》 各 storefront 皆無
✗ [c53] Анатолий Вапиров《Мистерия》 各 storefront 皆無
✗ [c53] Анатолий Вапиров《Invocations》 各 storefront 皆無
✗ [c53] Арсенал《Джаз-рок ансамбль «Арсенал»》 各 storefront 皆無
✓ [c53] Арсенал《Своими руками》 de notExplicit 1983
✓ [c53] Арсенал《Второе дыхание》 de notExplicit 1986
✗ [c53] Аллегро《Контрасты》 各 storefront 皆無
✗ [c53] Аллегро《В этом мире》 各 storefront 皆無
✗ [c53] Каданс《Какая снежная весна》 各 storefront 皆無
✗ [c53] Оркестр Олега Лундстрема《Оркестр Олега Лундстрема》 各 storefront 皆無
✗ [c53] Оркестр Олега Лундстрема《В сочных тонах》 各 storefront 皆無
✗ [c53] Эдди Рознер《Караван》 各 storefront 皆無
✗ [c53] Вагиф Мустафазаде《Джазовые Композиции》 各 storefront 皆無
✗ [c53] Георгий Гаранян《Лабиринт: Джазовые композиции》 各 storefront 皆無
✗ [c53] Леонид Чижик《Лента Мёбиуса》 各 storefront 皆無
✗ [c53] Три О《Три отверстия》 各 storefront 皆無
✗ [c53] Валентина Пономарёва《Искушение》 各 storefront 皆無
✗ [c53] Tõnu Naissoo Trio《Turning-Point》 各 storefront 皆無
✗ [c53] Raimonds Pauls《Melodija, improvizācija, ritms》 各 storefront 皆無
✗ [c53] Архангельск《Portrait》 各 storefront 皆無

共 69 張｜ready 25｜有碟無預覽 0｜unavailable 44｜只有淨化版 0
