✓ [c53] Кино《Группа крови》 us notExplicit 1988
✓ [c53] Кино《Звезда по имени Солнце》 us notExplicit 1989
✓ [c53] Кино《Ночь》 us notExplicit 1986
✓ [c53] Аквариум《Радио Африка》 us notExplicit 1983
✓ [c53] Аквариум《Табу》 us notExplicit 1982
✓ [c53] Аквариум《Равноденствие》 us notExplicit 1988
✓ [c53] Наутилус Помпилиус《Разлука》 us notExplicit 1998
✓ [c53] Наутилус Помпилиус《Князь тишины》 us notExplicit 1989
✓ [c53] ДДТ《Периферия》 us notExplicit 1984
✓ [c53] ДДТ《Оттепель》 us notExplicit 1990
✗ [c53] Гражданская оборона《Всё идёт по плану》 各 storefront 皆無
✗ [c53] Гражданская оборона《Русское поле экспериментов》 各 storefront 皆無
✓ [c53] Алиса《Энергия》 us notExplicit 1985
✓ [c53] Алиса《Шестой лесничий》 us notExplicit 1989
✓ [c53] Звуки Му《Простые вещи》 us notExplicit 1988
✓ [c53] Машина времени《Реки и мосты》 us notExplicit 1987
✓ [c53] Зоопарк《Уездный город N》 us notExplicit 1997
✓ [c53] АукцЫон《Вернись в Сорренто》 de notExplicit 1988
✗ [c53] Телевизор《Отечество иллюзий》 各 storefront 皆無
✓ [c53] Пикник《Иероглиф》 us notExplicit 1987
✗ [c53] Владимир Высоцкий《Баллады и песни》 各 storefront 皆無
✗ [c53] Владимир Высоцкий《La corde raide》 各 storefront 皆無
✗ [c53] Булат Окуджава《Песни (Стихи и музыка)》 各 storefront 皆無
✗ [c53] Булат Окуджава《Песни и стихи о войне》 各 storefront 皆無
✓ [c53] Александр Галич《Поэма о Сталине》 de notExplicit 2003
✗ [c53] Юрий Визбор《Волейбол на Сретенке》 各 storefront 皆無
~ [c53] Новелла Матвеева《Какой большой ветер》 us notExplicit 1997
✗ [c53] Жанна Бичевская《Поет Жанна Бичевская》 各 storefront 皆無
✗ [c53] Юлий Ким《Рыба-кит》 各 storefront 皆無
✗ [c53] Эдуард Артемьев《Солярис》 各 storefront 皆無
✓ [c53] Эдуард Артемьев《Метаморфозы》 de notExplicit 1980
✓ [c53] Эдуард Артемьев《Картины-настроения》 de notExplicit 2010
✗ [c53] Эдуард Артемьев《Ода доброму вестнику》 各 storefront 皆無
✓ [c53] Zodiac《Disco Alliance》 us notExplicit 1980
✓ [c53] Sven Grünberg《Hingus》 us notExplicit 1981
✗ [c53] Чернавский/Матецкий Проджект《Банановые острова》 各 storefront 皆無
✗ [c53] Ансамбль электромузыкальных инструментов п/у Вячеслава Мещерина《Easy USSR》 各 storefront 皆無
✓ [c53] Алла Пугачёва《Зеркало души》 us notExplicit 1978
✓ [c53] София Ротару《Червона рута》 us notExplicit 1972
✗ [c53] Муслим Магомаев《Муслим Магомаев》 各 storefront 皆無
✓ [c53] Валерий Ободзинский《Поёт Валерий Ободзинский》 us notExplicit 2023
✗ [c53] Песняры《Гусляр》 各 storefront 皆無
✓ [c53] Ялла《Три колодца》 us notExplicit 1981
✗ [c53] Иверия《Аргонавты》 各 storefront 皆無
✗ [c53] Ganelin Trio《Con Anima》 各 storefront 皆無
✗ [c53] Ganelin Trio《Live in East Germany》 各 storefront 皆無
✓ [c53] Ganelin Trio《Ancora da Capo》 us notExplicit 1980
✓ [c53] Сергей Курёхин《The Ways of Freedom》 us notExplicit 1981
✓ [c53] Сергей Курёхин《Introduction In Pop Mechanics》 us notExplicit 1987
✗ [c53] Владимир Чекасин《Nomen Nescio (Некое Лицо)》 各 storefront 皆無
✗ [c53] Анатолий Вапиров《Мистерия》 各 storefront 皆無
✗ [c53] Анатолий Вапиров《Invocations》 各 storefront 皆無
✗ [c53] Арсенал《Джаз-рок ансамбль «Арсенал»》 各 storefront 皆無
✓ [c53] Арсенал《Своими руками》 us notExplicit 1983
✓ [c53] Арсенал《Второе дыхание》 us notExplicit 1986
✗ [c53] Аллегро《Контрасты》 各 storefront 皆無
✗ [c53] Аллегро《В этом мире》 各 storefront 皆無
✗ [c53] Каданс《Какая снежная весна》 各 storefront 皆無
✗ [c53] Оркестр Олега Лундстрема《Оркестр Олега Лундстрема》 各 storefront 皆無
✗ [c53] Оркестр Олега Лундстрема《В сочных тонах》 各 storefront 皆無
✗ [c53] Эдди Рознер《Караван》 各 storefront 皆無
✓ [c53] Вагиф Мустафазаде《Джазовые Композиции》 us notExplicit 1975
✗ [c53] Георгий Гаранян《Лабиринт: Джазовые композиции》 各 storefront 皆無
✗ [c53] Леонид Чижик《Лента Мёбиуса》 各 storefront 皆無
✗ [c53] Три О《Три отверстия》 各 storefront 皆無
✗ [c53] Валентина Пономарёва《Искушение》 各 storefront 皆無
✗ [c53] Tõnu Naissoo Trio《Turning-Point》 各 storefront 皆無
✗ [c53] Raimonds Pauls《Melodija, improvizācija, ritms》 各 storefront 皆無
✗ [c53] Архангельск《Portrait》 各 storefront 皆無

共 69 張｜ready 32｜有碟無預覽 1｜unavailable 36｜只有淨化版 0
